C51 COMPILER V8.09   MAIN                                                                  08/07/2008 17:08:49 PAGE 1   


C51 COMPILER V8.09, COMPILATION OF MODULE MAIN
OBJECT MODULE PLACED IN MAIN.OBJ
COMPILER INVOKED BY: C:\Keil\C51\BIN\C51.EXE MAIN.C BROWSE DEBUG OBJECTEXTEND

line level    source

   1          /****************************************************
   2                 Lesson  : 10
   3                     Neme    : SERIAL PORT
   4                     Details : THIS PROGRAM WILL SHOW HOW TO INTERFACE WITH PC 
   5                               SERIAL PORT
   6          ******************************************************/
   7          #include<REG51.H>
   8          #include<stdio.h>
   9          //Fuction Prototypes
  10          void delay(unsigned int);
  11          void serial_init(void);
  12          
  13          
  14          // Program Starts Here
  15          void main()
  16          {
  17   1        unsigned char a=0x0a;
  18   1        serial_init();
  19   1        while(1)
  20   1        {
  21   2         printf("This is Serial Test \n");
  22   2         delay(100);
  23   2        
  24   2      
  25   2        }
  26   1      
  27   1              
  28   1              
  29   1      }
  30          
  31          void serial_init()
  32          {
  33   1              SCON = 0x50;    // Setup serial port control register Mode 1: 
  34   1                                              // 8-bit uart var baud rate REN: enable receiver 
  35   1              TMOD |= 0x20;   // Set M1 for 8-bit autoreload timer    
  36   1              TH1 = 0xFD;     // Set autoreload value for timer1 9600 baud 
  37   1                                              // with 11.0592 MHz xtal 
  38   1              TR1 = 1;        // Start timer 1        
  39   1              TI = 1;         // Set TI to indicate ready to xmit
  40   1      }
  41          
  42          void delay(unsigned int tt)
  43          {
  44   1              unsigned int a,b;
  45   1              for(a=0;a<tt;a++)
  46   1                      {
  47   2                              for(b=0;b<1000;b++)
  48   2                              ;
  49   2                      }
  50   1      }


MODULE INFORMATION:   STATIC OVERLAYABLE
   CODE SIZE        =     70    ----
   CONSTANT SIZE    =     22    ----
C51 COMPILER V8.09   MAIN                                                                  08/07/2008 17:08:49 PAGE 2   

   XDATA SIZE       =   ----    ----
   PDATA SIZE       =   ----    ----
   DATA SIZE        =   ----       1
   IDATA SIZE       =   ----    ----
   BIT SIZE         =   ----    ----
END OF MODULE INFORMATION.


C51 COMPILATION COMPLETE.  0 WARNING(S),  0 ERROR(S)
