ARM Linker, RVCT4.0 [Build 524] for uVision [Evaluation]

==============================================================================

Section Cross References

    startup.o(STACK) refers (Special) to heapauxi.o(.text) for __use_two_region_memory
    startup.o(HEAP) refers (Special) to heapauxi.o(.text) for __use_two_region_memory
    startup.o(RESET) refers (Special) to heapauxi.o(.text) for __use_two_region_memory
    startup.o(RESET) refers to startup.o(STACK) for Stack_Top
    startup.o(RESET) refers to __main.o(!!!main) for __main
    startup.o(.text) refers (Special) to heapauxi.o(.text) for __use_two_region_memory
    startup.o(.text) refers to startup.o(HEAP) for Heap_Mem
    startup.o(.text) refers to startup.o(STACK) for Stack_Mem
    gsm.o(i.GSM_Begin) refers (Special) to _printf_d.o(.ARM.Collect$$_printf_percent$$00000009) for _printf_d
    gsm.o(i.GSM_Begin) refers (Special) to _printf_dec.o(.text) for _printf_int_dec
    gsm.o(i.GSM_Begin) refers (Special) to _printf_percent.o(.ARM.Collect$$_printf_percent$$00000000) for _printf_percent
    gsm.o(i.GSM_Begin) refers (Special) to _printf_s.o(.ARM.Collect$$_printf_percent$$00000014) for _printf_s
    gsm.o(i.GSM_Begin) refers (Special) to _printf_str.o(.text) for _printf_str
    gsm.o(i.GSM_Begin) refers to gsm.o(i.UART0_SendString) for UART0_SendString
    gsm.o(i.GSM_Begin) refers to gsm.o(i.delay_ms) for delay_ms
    gsm.o(i.GSM_Begin) refers to strstr.o(.text) for strstr
    gsm.o(i.GSM_Begin) refers to gsm.o(i.GSM_Response) for GSM_Response
    gsm.o(i.GSM_Begin) refers to rt_memclr.o(.text) for __aeabi_memclr
    gsm.o(i.GSM_Begin) refers to gsm.o(.bss) for buff
    gsm.o(i.GSM_Calling) refers (Special) to _printf_d.o(.ARM.Collect$$_printf_percent$$00000009) for _printf_d
    gsm.o(i.GSM_Calling) refers (Special) to _printf_dec.o(.text) for _printf_int_dec
    gsm.o(i.GSM_Calling) refers (Special) to _printf_percent.o(.ARM.Collect$$_printf_percent$$00000000) for _printf_percent
    gsm.o(i.GSM_Calling) refers (Special) to _printf_s.o(.ARM.Collect$$_printf_percent$$00000014) for _printf_s
    gsm.o(i.GSM_Calling) refers (Special) to _printf_str.o(.text) for _printf_str
    gsm.o(i.GSM_Calling) refers to noretval__2sprintf.o(.text) for __2sprintf
    gsm.o(i.GSM_Calling) refers to gsm.o(i.UART0_SendString) for UART0_SendString
    gsm.o(i.GSM_Delete_All_Msg) refers (Special) to _printf_d.o(.ARM.Collect$$_printf_percent$$00000009) for _printf_d
    gsm.o(i.GSM_Delete_All_Msg) refers (Special) to _printf_dec.o(.text) for _printf_int_dec
    gsm.o(i.GSM_Delete_All_Msg) refers (Special) to _printf_percent.o(.ARM.Collect$$_printf_percent$$00000000) for _printf_percent
    gsm.o(i.GSM_Delete_All_Msg) refers (Special) to _printf_s.o(.ARM.Collect$$_printf_percent$$00000014) for _printf_s
    gsm.o(i.GSM_Delete_All_Msg) refers (Special) to _printf_str.o(.text) for _printf_str
    gsm.o(i.GSM_Delete_All_Msg) refers to gsm.o(i.UART0_SendString) for UART0_SendString
    gsm.o(i.GSM_HangCall) refers (Special) to _printf_d.o(.ARM.Collect$$_printf_percent$$00000009) for _printf_d
    gsm.o(i.GSM_HangCall) refers (Special) to _printf_dec.o(.text) for _printf_int_dec
    gsm.o(i.GSM_HangCall) refers (Special) to _printf_percent.o(.ARM.Collect$$_printf_percent$$00000000) for _printf_percent
    gsm.o(i.GSM_HangCall) refers (Special) to _printf_s.o(.ARM.Collect$$_printf_percent$$00000014) for _printf_s
    gsm.o(i.GSM_HangCall) refers (Special) to _printf_str.o(.text) for _printf_str
    gsm.o(i.GSM_HangCall) refers to gsm.o(i.UART0_SendString) for UART0_SendString
    gsm.o(i.GSM_Msg_Delete) refers (Special) to _printf_d.o(.ARM.Collect$$_printf_percent$$00000009) for _printf_d
    gsm.o(i.GSM_Msg_Delete) refers (Special) to _printf_dec.o(.text) for _printf_int_dec
    gsm.o(i.GSM_Msg_Delete) refers (Special) to _printf_percent.o(.ARM.Collect$$_printf_percent$$00000000) for _printf_percent
    gsm.o(i.GSM_Msg_Delete) refers (Special) to _printf_s.o(.ARM.Collect$$_printf_percent$$00000014) for _printf_s
    gsm.o(i.GSM_Msg_Delete) refers (Special) to _printf_str.o(.text) for _printf_str
    gsm.o(i.GSM_Msg_Delete) refers to noretval__2sprintf.o(.text) for __2sprintf
    gsm.o(i.GSM_Msg_Delete) refers to gsm.o(i.UART0_SendString) for UART0_SendString
    gsm.o(i.GSM_Msg_Delete) refers to gsm.o(.data) for buffer_pointer
    gsm.o(i.GSM_Msg_Display) refers (Special) to _printf_d.o(.ARM.Collect$$_printf_percent$$00000009) for _printf_d
    gsm.o(i.GSM_Msg_Display) refers (Special) to _printf_dec.o(.text) for _printf_int_dec
    gsm.o(i.GSM_Msg_Display) refers (Special) to _printf_percent.o(.ARM.Collect$$_printf_percent$$00000000) for _printf_percent
    gsm.o(i.GSM_Msg_Display) refers (Special) to _printf_s.o(.ARM.Collect$$_printf_percent$$00000014) for _printf_s
    gsm.o(i.GSM_Msg_Display) refers (Special) to _printf_str.o(.text) for _printf_str
    gsm.o(i.GSM_Msg_Display) refers to gsm.o(i.delay_ms) for delay_ms
    gsm.o(i.GSM_Msg_Display) refers to strstr.o(.text) for strstr
    gsm.o(i.GSM_Msg_Display) refers to gsm.o(i.UART0_SendString) for UART0_SendString
    gsm.o(i.GSM_Msg_Display) refers to gsm.o(i.UART0_TxChar) for UART0_TxChar
    gsm.o(i.GSM_Msg_Display) refers to strlen.o(.text) for strlen
    gsm.o(i.GSM_Msg_Display) refers to rt_memclr.o(.text) for __aeabi_memclr
    gsm.o(i.GSM_Msg_Display) refers to gsm.o(.bss) for buff
    gsm.o(i.GSM_Msg_Display) refers to gsm.o(.data) for buffer_pointer
    gsm.o(i.GSM_Msg_Read) refers (Special) to _printf_d.o(.ARM.Collect$$_printf_percent$$00000009) for _printf_d
    gsm.o(i.GSM_Msg_Read) refers (Special) to _printf_dec.o(.text) for _printf_int_dec
    gsm.o(i.GSM_Msg_Read) refers (Special) to _printf_percent.o(.ARM.Collect$$_printf_percent$$00000000) for _printf_percent
    gsm.o(i.GSM_Msg_Read) refers (Special) to _printf_s.o(.ARM.Collect$$_printf_percent$$00000014) for _printf_s
    gsm.o(i.GSM_Msg_Read) refers (Special) to _printf_str.o(.text) for _printf_str
    gsm.o(i.GSM_Msg_Read) refers to noretval__2sprintf.o(.text) for __2sprintf
    gsm.o(i.GSM_Msg_Read) refers to gsm.o(i.UART0_SendString) for UART0_SendString
    gsm.o(i.GSM_Msg_Read) refers to gsm.o(i.GSM_Msg_Display) for GSM_Msg_Display
    gsm.o(i.GSM_Response) refers (Special) to _printf_d.o(.ARM.Collect$$_printf_percent$$00000009) for _printf_d
    gsm.o(i.GSM_Response) refers (Special) to _printf_dec.o(.text) for _printf_int_dec
    gsm.o(i.GSM_Response) refers (Special) to _printf_percent.o(.ARM.Collect$$_printf_percent$$00000000) for _printf_percent
    gsm.o(i.GSM_Response) refers (Special) to _printf_s.o(.ARM.Collect$$_printf_percent$$00000014) for _printf_s
    gsm.o(i.GSM_Response) refers (Special) to _printf_str.o(.text) for _printf_str
    gsm.o(i.GSM_Response) refers to strlen.o(.text) for strlen
    gsm.o(i.GSM_Response) refers to gsm.o(i.delay_ms) for delay_ms
    gsm.o(i.GSM_Response) refers to rt_memmove.o(.text) for __aeabi_memmove
    gsm.o(i.GSM_Response) refers to strncmp.o(.text) for strncmp
    gsm.o(i.GSM_Response) refers to gsm.o(i.GSM_Response_Display) for GSM_Response_Display
    gsm.o(i.GSM_Response) refers to gsm.o(.bss) for buff
    gsm.o(i.GSM_Response_Display) refers (Special) to _printf_d.o(.ARM.Collect$$_printf_percent$$00000009) for _printf_d
    gsm.o(i.GSM_Response_Display) refers (Special) to _printf_dec.o(.text) for _printf_int_dec
    gsm.o(i.GSM_Response_Display) refers (Special) to _printf_percent.o(.ARM.Collect$$_printf_percent$$00000000) for _printf_percent
    gsm.o(i.GSM_Response_Display) refers (Special) to _printf_s.o(.ARM.Collect$$_printf_percent$$00000014) for _printf_s
    gsm.o(i.GSM_Response_Display) refers (Special) to _printf_str.o(.text) for _printf_str
    gsm.o(i.GSM_Response_Display) refers to gsm.o(i.UART0_TxChar) for UART0_TxChar
    gsm.o(i.GSM_Response_Display) refers to strlen.o(.text) for strlen
    gsm.o(i.GSM_Response_Display) refers to rt_memclr.o(.text) for __aeabi_memclr
    gsm.o(i.GSM_Response_Display) refers to gsm.o(.data) for buffer_pointer
    gsm.o(i.GSM_Response_Display) refers to gsm.o(.bss) for buff
    gsm.o(i.GSM_Send_Msg) refers (Special) to _printf_d.o(.ARM.Collect$$_printf_percent$$00000009) for _printf_d
    gsm.o(i.GSM_Send_Msg) refers (Special) to _printf_dec.o(.text) for _printf_int_dec
    gsm.o(i.GSM_Send_Msg) refers (Special) to _printf_percent.o(.ARM.Collect$$_printf_percent$$00000000) for _printf_percent
    gsm.o(i.GSM_Send_Msg) refers (Special) to _printf_s.o(.ARM.Collect$$_printf_percent$$00000014) for _printf_s
    gsm.o(i.GSM_Send_Msg) refers (Special) to _printf_str.o(.text) for _printf_str
    gsm.o(i.GSM_Send_Msg) refers to noretval__2sprintf.o(.text) for __2sprintf
    gsm.o(i.GSM_Send_Msg) refers to gsm.o(i.UART0_SendString) for UART0_SendString
    gsm.o(i.GSM_Send_Msg) refers to gsm.o(i.delay_ms) for delay_ms
    gsm.o(i.GSM_Send_Msg) refers to strlen.o(.text) for strlen
    gsm.o(i.GSM_Send_Msg) refers to rt_memclr.o(.text) for __aeabi_memclr
    gsm.o(i.GSM_Send_Msg) refers to gsm.o(i.UART0_TxChar) for UART0_TxChar
    gsm.o(i.GSM_Send_Msg) refers to rt_memclr_w.o(.text) for __aeabi_memclr4
    gsm.o(i.GSM_Send_Msg) refers to gsm.o(.data) for buffer_pointer
    gsm.o(i.GSM_Send_Msg) refers to gsm.o(.bss) for buff
    gsm.o(i.GSM_Wait_for_Msg) refers (Special) to _printf_d.o(.ARM.Collect$$_printf_percent$$00000009) for _printf_d
    gsm.o(i.GSM_Wait_for_Msg) refers (Special) to _printf_dec.o(.text) for _printf_int_dec
    gsm.o(i.GSM_Wait_for_Msg) refers (Special) to _printf_percent.o(.ARM.Collect$$_printf_percent$$00000000) for _printf_percent
    gsm.o(i.GSM_Wait_for_Msg) refers (Special) to _printf_s.o(.ARM.Collect$$_printf_percent$$00000014) for _printf_s
    gsm.o(i.GSM_Wait_for_Msg) refers (Special) to _printf_str.o(.text) for _printf_str
    gsm.o(i.GSM_Wait_for_Msg) refers to gsm.o(i.delay_ms) for delay_ms
    gsm.o(i.GSM_Wait_for_Msg) refers to strstr.o(.text) for strstr
    gsm.o(i.GSM_Wait_for_Msg) refers to atoi.o(.text) for atoi
    gsm.o(i.GSM_Wait_for_Msg) refers to strlen.o(.text) for strlen
    gsm.o(i.GSM_Wait_for_Msg) refers to rt_memclr.o(.text) for __aeabi_memclr
    gsm.o(i.GSM_Wait_for_Msg) refers to gsm.o(.data) for buffer_pointer
    gsm.o(i.GSM_Wait_for_Msg) refers to gsm.o(.bss) for buff
    gsm.o(i.UART0_Interrupt) refers (Special) to _printf_d.o(.ARM.Collect$$_printf_percent$$00000009) for _printf_d
    gsm.o(i.UART0_Interrupt) refers (Special) to _printf_dec.o(.text) for _printf_int_dec
    gsm.o(i.UART0_Interrupt) refers (Special) to _printf_percent.o(.ARM.Collect$$_printf_percent$$00000000) for _printf_percent
    gsm.o(i.UART0_Interrupt) refers (Special) to _printf_s.o(.ARM.Collect$$_printf_percent$$00000014) for _printf_s
    gsm.o(i.UART0_Interrupt) refers (Special) to _printf_str.o(.text) for _printf_str
    gsm.o(i.UART0_Interrupt) refers to gsm.o(.bss) for buff
    gsm.o(i.UART0_Interrupt) refers to gsm.o(.data) for buffer_pointer
    gsm.o(i.UART0_SendString) refers (Special) to _printf_d.o(.ARM.Collect$$_printf_percent$$00000009) for _printf_d
    gsm.o(i.UART0_SendString) refers (Special) to _printf_dec.o(.text) for _printf_int_dec
    gsm.o(i.UART0_SendString) refers (Special) to _printf_percent.o(.ARM.Collect$$_printf_percent$$00000000) for _printf_percent
    gsm.o(i.UART0_SendString) refers (Special) to _printf_s.o(.ARM.Collect$$_printf_percent$$00000014) for _printf_s
    gsm.o(i.UART0_SendString) refers (Special) to _printf_str.o(.text) for _printf_str
    gsm.o(i.UART0_SendString) refers to gsm.o(i.UART0_TxChar) for UART0_TxChar
    gsm.o(i.UART0_TxChar) refers (Special) to _printf_d.o(.ARM.Collect$$_printf_percent$$00000009) for _printf_d
    gsm.o(i.UART0_TxChar) refers (Special) to _printf_dec.o(.text) for _printf_int_dec
    gsm.o(i.UART0_TxChar) refers (Special) to _printf_percent.o(.ARM.Collect$$_printf_percent$$00000000) for _printf_percent
    gsm.o(i.UART0_TxChar) refers (Special) to _printf_s.o(.ARM.Collect$$_printf_percent$$00000014) for _printf_s
    gsm.o(i.UART0_TxChar) refers (Special) to _printf_str.o(.text) for _printf_str
    gsm.o(i.UART0_init) refers (Special) to _printf_d.o(.ARM.Collect$$_printf_percent$$00000009) for _printf_d
    gsm.o(i.UART0_init) refers (Special) to _printf_dec.o(.text) for _printf_int_dec
    gsm.o(i.UART0_init) refers (Special) to _printf_percent.o(.ARM.Collect$$_printf_percent$$00000000) for _printf_percent
    gsm.o(i.UART0_init) refers (Special) to _printf_s.o(.ARM.Collect$$_printf_percent$$00000014) for _printf_s
    gsm.o(i.UART0_init) refers (Special) to _printf_str.o(.text) for _printf_str
    gsm.o(i.delay_ms) refers (Special) to _printf_d.o(.ARM.Collect$$_printf_percent$$00000009) for _printf_d
    gsm.o(i.delay_ms) refers (Special) to _printf_dec.o(.text) for _printf_int_dec
    gsm.o(i.delay_ms) refers (Special) to _printf_percent.o(.ARM.Collect$$_printf_percent$$00000000) for _printf_percent
    gsm.o(i.delay_ms) refers (Special) to _printf_s.o(.ARM.Collect$$_printf_percent$$00000014) for _printf_s
    gsm.o(i.delay_ms) refers (Special) to _printf_str.o(.text) for _printf_str
    gsm.o(i.main) refers (Special) to _printf_d.o(.ARM.Collect$$_printf_percent$$00000009) for _printf_d
    gsm.o(i.main) refers (Special) to _printf_dec.o(.text) for _printf_int_dec
    gsm.o(i.main) refers (Special) to _printf_percent.o(.ARM.Collect$$_printf_percent$$00000000) for _printf_percent
    gsm.o(i.main) refers (Special) to _printf_s.o(.ARM.Collect$$_printf_percent$$00000014) for _printf_s
    gsm.o(i.main) refers (Special) to _printf_str.o(.text) for _printf_str
    gsm.o(i.main) refers to rt_memclr.o(.text) for __aeabi_memclr
    gsm.o(i.main) refers to gsm.o(i.UART0_init) for UART0_init
    gsm.o(i.main) refers to gsm.o(i.delay_ms) for delay_ms
    gsm.o(i.main) refers to gsm.o(i.GSM_Begin) for GSM_Begin
    gsm.o(i.main) refers to gsm.o(i.GSM_Wait_for_Msg) for GSM_Wait_for_Msg
    gsm.o(i.main) refers to gsm.o(i.GSM_Msg_Read) for GSM_Msg_Read
    gsm.o(i.main) refers to strstr.o(.text) for strstr
    gsm.o(i.main) refers to gsm.o(i.GSM_Calling) for GSM_Calling
    gsm.o(i.main) refers to gsm.o(i.GSM_HangCall) for GSM_HangCall
    gsm.o(i.main) refers to gsm.o(i.GSM_Msg_Delete) for GSM_Msg_Delete
    gsm.o(i.main) refers to gsm.o(i.GSM_Response) for GSM_Response
    gsm.o(i.main) refers to gsm.o(i.UART0_SendString) for UART0_SendString
    gsm.o(i.main) refers to gsm.o(.data) for buffer_pointer
    gsm.o(i.main) refers to gsm.o(.bss) for message_received
    gsm.o(i.main) refers to gsm.o(i.UART0_Interrupt) for UART0_Interrupt
    gsm.o(.bss) refers (Special) to _printf_d.o(.ARM.Collect$$_printf_percent$$00000009) for _printf_d
    gsm.o(.bss) refers (Special) to _printf_dec.o(.text) for _printf_int_dec
    gsm.o(.bss) refers (Special) to _printf_percent.o(.ARM.Collect$$_printf_percent$$00000000) for _printf_percent
    gsm.o(.bss) refers (Special) to _printf_s.o(.ARM.Collect$$_printf_percent$$00000014) for _printf_s
    gsm.o(.bss) refers (Special) to _printf_str.o(.text) for _printf_str
    gsm.o(.data) refers (Special) to _printf_d.o(.ARM.Collect$$_printf_percent$$00000009) for _printf_d
    gsm.o(.data) refers (Special) to _printf_dec.o(.text) for _printf_int_dec
    gsm.o(.data) refers (Special) to _printf_percent.o(.ARM.Collect$$_printf_percent$$00000000) for _printf_percent
    gsm.o(.data) refers (Special) to _printf_s.o(.ARM.Collect$$_printf_percent$$00000014) for _printf_s
    gsm.o(.data) refers (Special) to _printf_str.o(.text) for _printf_str
    __2sprintf.o(.text) refers to _printf_char_common.o(.text) for _printf_char_common
    __2sprintf.o(.text) refers to _sputc.o(.text) for _sputc
    noretval__2sprintf.o(.text) refers to _printf_char_common.o(.text) for _printf_char_common
    noretval__2sprintf.o(.text) refers to _sputc.o(.text) for _sputc
    __printf.o(.text) refers to __printf.o(i.__ARM_common_call_via_r1) for __ARM_common_call_via_r1
    __printf.o(.text) refers to _printf_percent.o(.ARM.Collect$$_printf_percent$$00000000) for _printf_percent
    __printf.o(.text) refers to __printf.o(i.__ARM_common_call_via_r2) for __ARM_common_call_via_r2
    _printf_str.o(.text) refers (Special) to _printf_char.o(.text) for _printf_cs_common
    _printf_str.o(.text) refers to __printf.o(i.__ARM_common_call_via_r2) for __ARM_common_call_via_r2
    _printf_dec.o(.text) refers to rtudiv10.o(.text) for __rt_udiv10
    _printf_dec.o(.text) refers to _printf_intcommon.o(.text) for _printf_int_common
    __printf_flags.o(.text) refers to __printf.o(i.__ARM_common_call_via_r1) for __ARM_common_call_via_r1
    __printf_flags.o(.text) refers to _printf_percent.o(.ARM.Collect$$_printf_percent$$00000000) for _printf_percent
    __printf_flags.o(.text) refers to __printf.o(i.__ARM_common_call_via_r2) for __ARM_common_call_via_r2
    __printf_flags.o(.text) refers to __printf_flags.o(.constdata) for .constdata
    __printf_ss.o(.text) refers to __printf.o(i.__ARM_common_call_via_r1) for __ARM_common_call_via_r1
    __printf_ss.o(.text) refers to _printf_percent.o(.ARM.Collect$$_printf_percent$$00000000) for _printf_percent
    __printf_ss.o(.text) refers to __printf.o(i.__ARM_common_call_via_r2) for __ARM_common_call_via_r2
    __printf_flags_ss.o(.text) refers to __printf.o(i.__ARM_common_call_via_r1) for __ARM_common_call_via_r1
    __printf_flags_ss.o(.text) refers to _printf_percent.o(.ARM.Collect$$_printf_percent$$00000000) for _printf_percent
    __printf_flags_ss.o(.text) refers to __printf.o(i.__ARM_common_call_via_r2) for __ARM_common_call_via_r2
    __printf_flags_ss.o(.text) refers to __printf_flags_ss.o(.constdata) for .constdata
    __printf_wp.o(.text) refers to __printf.o(i.__ARM_common_call_via_r1) for __ARM_common_call_via_r1
    __printf_wp.o(.text) refers to _printf_percent.o(.ARM.Collect$$_printf_percent$$00000000) for _printf_percent
    __printf_wp.o(.text) refers to __printf.o(i.__ARM_common_call_via_r2) for __ARM_common_call_via_r2
    __printf_flags_wp.o(.text) refers to __printf.o(i.__ARM_common_call_via_r1) for __ARM_common_call_via_r1
    __printf_flags_wp.o(.text) refers to _printf_percent.o(.ARM.Collect$$_printf_percent$$00000000) for _printf_percent
    __printf_flags_wp.o(.text) refers to __printf.o(i.__ARM_common_call_via_r2) for __ARM_common_call_via_r2
    __printf_flags_wp.o(.text) refers to __printf_flags_wp.o(.constdata) for .constdata
    __printf_ss_wp.o(.text) refers to __printf.o(i.__ARM_common_call_via_r1) for __ARM_common_call_via_r1
    __printf_ss_wp.o(.text) refers to _printf_percent.o(.ARM.Collect$$_printf_percent$$00000000) for _printf_percent
    __printf_ss_wp.o(.text) refers to __printf.o(i.__ARM_common_call_via_r2) for __ARM_common_call_via_r2
    __printf_flags_ss_wp.o(.text) refers to __printf.o(i.__ARM_common_call_via_r1) for __ARM_common_call_via_r1
    __printf_flags_ss_wp.o(.text) refers to _printf_percent.o(.ARM.Collect$$_printf_percent$$00000000) for _printf_percent
    __printf_flags_ss_wp.o(.text) refers to __printf.o(i.__ARM_common_call_via_r2) for __ARM_common_call_via_r2
    __printf_flags_ss_wp.o(.text) refers to __printf_flags_ss_wp.o(.constdata) for .constdata
    _printf_s.o(.ARM.Collect$$_printf_percent$$00000014) refers (Weak) to _printf_char.o(.text) for _printf_string
    _printf_d.o(.ARM.Collect$$_printf_percent$$00000009) refers (Weak) to _printf_dec.o(.text) for _printf_int_dec
    _printf_percent.o(.ARM.Collect$$_printf_percent$$00000000) refers (Special) to _printf_percent_end.o(.ARM.Collect$$_printf_percent$$00000017) for _printf_percent_end
    atoi.o(.text) refers to rt_errno_addr_intlibspace.o(.text) for __aeabi_errno_addr
    atoi.o(.text) refers to strtol.o(.text) for strtol
    rt_memmove.o(.text) refers to rt_memcpy.o(.text) for __aeabi_memcpy
    rt_memmove.o(.text) refers to rt_memmove_w.o(.text) for __memmove_aligned
    rt_memclr.o(.text) refers to rt_memclr_w.o(.text) for _memset_w
    __main.o(!!!main) refers to rtentry.o(.ARM.Collect$$rtentry$$00000000) for __rt_entry
    rtentry.o(.ARM.Collect$$rtentry$$00000000) refers (Special) to rtentry2.o(.ARM.Collect$$rtentry$$0000000A) for __rt_entry_li
    rtentry.o(.ARM.Collect$$rtentry$$00000000) refers (Special) to rtentry2.o(.ARM.Collect$$rtentry$$0000000D) for __rt_entry_main
    rtentry.o(.ARM.Collect$$rtentry$$00000000) refers (Special) to rtentry2.o(.ARM.Collect$$rtentry$$0000000C) for __rt_entry_postli_1
    rtentry.o(.ARM.Collect$$rtentry$$00000000) refers (Special) to rtentry2.o(.ARM.Collect$$rtentry$$00000009) for __rt_entry_postsh_1
    rtentry.o(.ARM.Collect$$rtentry$$00000000) refers (Special) to rtentry2.o(.ARM.Collect$$rtentry$$00000002) for __rt_entry_presh_1
    rtentry.o(.ARM.Collect$$rtentry$$00000000) refers (Special) to rtentry4.o(.ARM.Collect$$rtentry$$00000004) for __rt_entry_sh
    rtentry.o(.ARM.exidx) refers (Special) to rtentry2.o(.ARM.Collect$$rtentry$$0000000A) for __rt_entry_li
    rtentry.o(.ARM.exidx) refers (Special) to rtentry2.o(.ARM.Collect$$rtentry$$0000000D) for __rt_entry_main
    rtentry.o(.ARM.exidx) refers (Special) to rtentry2.o(.ARM.Collect$$rtentry$$0000000C) for __rt_entry_postli_1
    rtentry.o(.ARM.exidx) refers (Special) to rtentry2.o(.ARM.Collect$$rtentry$$00000009) for __rt_entry_postsh_1
    rtentry.o(.ARM.exidx) refers (Special) to rtentry2.o(.ARM.Collect$$rtentry$$00000002) for __rt_entry_presh_1
    rtentry.o(.ARM.exidx) refers (Special) to rtentry4.o(.ARM.Collect$$rtentry$$00000004) for __rt_entry_sh
    rtentry.o(.ARM.exidx) refers to rtentry.o(.ARM.Collect$$rtentry$$00000000) for .ARM.Collect$$rtentry$$00000000
    rt_errno_addr.o(.text) refers to rt_errno_addr.o(.bss) for __aeabi_errno_addr_data
    rt_errno_addr_intlibspace.o(.text) refers to libspace.o(.bss) for __libspace_start
    _printf_intcommon.o(.text) refers to __printf.o(i.__ARM_common_call_via_r2) for __ARM_common_call_via_r2
    _printf_char_common.o(.text) refers to __printf.o(.text) for __printf
    _printf_char.o(.text) refers (Weak) to _printf_str.o(.text) for _printf_str
    strtol.o(.text) refers to rt_ctype_table.o(.text) for __rt_ctype_table
    strtol.o(.text) refers to _strtoul.o(.text) for _strtoul
    strtol.o(.text) refers to rt_errno_addr_intlibspace.o(.text) for __aeabi_errno_addr
    rt_memcpy.o(.text) refers to rt_memcpy_w.o(.text) for __aeabi_memcpy4
    rt_memmove_w.o(.text) refers to rt_memcpy_w.o(.text) for __aeabi_memcpy4
    libspace.o(.text) refers to libspace.o(.bss) for __libspace_start
    rtentry2.o(.ARM.Collect$$rtentry$$00000008) refers to boardinit2.o(.text) for _platform_post_stackheap_init
    rtentry2.o(.ARM.Collect$$rtentry$$0000000A) refers to libinit.o(.ARM.Collect$$libinit$$00000000) for __rt_lib_init
    rtentry2.o(.ARM.Collect$$rtentry$$0000000B) refers to boardinit3.o(.text) for _platform_post_lib_init
    rtentry2.o(.ARM.Collect$$rtentry$$0000000D) refers to exit.o(.text) for exit
    rtentry2.o(.ARM.Collect$$rtentry$$0000000D) refers to gsm.o(i.main) for main
    rtentry2.o(.ARM.exidx) refers to rtentry2.o(.ARM.Collect$$rtentry$$00000001) for .ARM.Collect$$rtentry$$00000001
    rtentry2.o(.ARM.exidx) refers to rtentry2.o(.ARM.Collect$$rtentry$$00000002) for .ARM.Collect$$rtentry$$00000002
    rtentry2.o(.ARM.exidx) refers to rtentry2.o(.ARM.Collect$$rtentry$$00000008) for .ARM.Collect$$rtentry$$00000008
    rtentry2.o(.ARM.exidx) refers to rtentry2.o(.ARM.Collect$$rtentry$$00000009) for .ARM.Collect$$rtentry$$00000009
    rtentry2.o(.ARM.exidx) refers to rtentry2.o(.ARM.Collect$$rtentry$$0000000A) for .ARM.Collect$$rtentry$$0000000A
    rtentry2.o(.ARM.exidx) refers to rtentry2.o(.ARM.Collect$$rtentry$$0000000B) for .ARM.Collect$$rtentry$$0000000B
    rtentry2.o(.ARM.exidx) refers to rtentry2.o(.ARM.Collect$$rtentry$$0000000C) for .ARM.Collect$$rtentry$$0000000C
    rtentry2.o(.ARM.exidx) refers to rtentry2.o(.ARM.Collect$$rtentry$$0000000D) for .ARM.Collect$$rtentry$$0000000D
    rtentry4.o(.ARM.Collect$$rtentry$$00000004) refers to sys_stackheap_outer.o(.text) for __user_setup_stackheap
    rtentry4.o(.ARM.exidx) refers to rtentry4.o(.ARM.Collect$$rtentry$$00000004) for .ARM.Collect$$rtentry$$00000004
    rt_ctype_table.o(.text) refers to rt_locale_intlibspace.o(.text) for __rt_locale
    rt_ctype_table.o(.text) refers to lc_ctype_c.o(locale$$code) for _get_lc_ctype
    __printf_nopercent.o(.text) refers to __printf_nopercent.o(i.__ARM_common_call_via_r7) for __ARM_common_call_via_r7
    __printf_nopercent.o(.text) refers to __printf_nopercent.o(i.__ARM_common_call_via_r5) for __ARM_common_call_via_r5
    _strtoul.o(.text) refers to _chval.o(.text) for _chval
    _strtoul.o(.text) refers to rt_errno_addr_intlibspace.o(.text) for __aeabi_errno_addr
    sys_stackheap_outer.o(.text) refers to libspace.o(.text) for __user_perproc_libspace
    sys_stackheap_outer.o(.text) refers to startup.o(.text) for __user_initial_stackheap
    rt_locale.o(.text) refers to rt_locale.o(.bss) for __rt_locale_data
    rt_locale_intlibspace.o(.text) refers to libspace.o(.bss) for __libspace_start
    lc_ctype_c.o(locale$$data) refers (Special) to libinit2.o(.ARM.Collect$$libinit$$0000000E) for __rt_lib_init_lc_ctype_2
    lc_ctype_c.o(locale$$code) refers (Special) to libinit2.o(.ARM.Collect$$libinit$$0000000E) for __rt_lib_init_lc_ctype_2
    lc_ctype_c.o(locale$$code) refers to strcmp.o(.text) for strcmp
    lc_ctype_c.o(locale$$code) refers to lc_ctype_c.o(locale$$data) for __lcctype_c_name
    exit.o(.text) refers to rtexit.o(.ARM.Collect$$rtexit$$00000000) for __rt_exit
    libinit.o(.ARM.Collect$$libinit$$00000000) refers (Special) to libinit2.o(.ARM.Collect$$libinit$$0000002A) for __rt_lib_init_alloca_1
    libinit.o(.ARM.Collect$$libinit$$00000000) refers (Special) to libinit2.o(.ARM.Collect$$libinit$$00000028) for __rt_lib_init_argv_1
    libinit.o(.ARM.Collect$$libinit$$00000000) refers (Special) to libinit2.o(.ARM.Collect$$libinit$$00000017) for __rt_lib_init_atexit_1
    libinit.o(.ARM.Collect$$libinit$$00000000) refers (Special) to libinit2.o(.ARM.Collect$$libinit$$0000001D) for __rt_lib_init_clock_1
    libinit.o(.ARM.Collect$$libinit$$00000000) refers (Special) to libinit2.o(.ARM.Collect$$libinit$$0000002E) for __rt_lib_init_cpp_1
    libinit.o(.ARM.Collect$$libinit$$00000000) refers (Special) to libinit2.o(.ARM.Collect$$libinit$$0000002C) for __rt_lib_init_exceptions_1
    libinit.o(.ARM.Collect$$libinit$$00000000) refers (Special) to libinit2.o(.ARM.Collect$$libinit$$0000001B) for __rt_lib_init_fp_trap_1
    libinit.o(.ARM.Collect$$libinit$$00000000) refers (Special) to libinit2.o(.ARM.Collect$$libinit$$0000001F) for __rt_lib_init_getenv_1
    libinit.o(.ARM.Collect$$libinit$$00000000) refers (Special) to libinit2.o(.ARM.Collect$$libinit$$00000006) for __rt_lib_init_heap_1
    libinit.o(.ARM.Collect$$libinit$$00000000) refers (Special) to libinit2.o(.ARM.Collect$$libinit$$0000000D) for __rt_lib_init_lc_collate_1
    libinit.o(.ARM.Collect$$libinit$$00000000) refers (Special) to libinit2.o(.ARM.Collect$$libinit$$0000000F) for __rt_lib_init_lc_ctype_1
    libinit.o(.ARM.Collect$$libinit$$00000000) refers (Special) to libinit2.o(.ARM.Collect$$libinit$$00000011) for __rt_lib_init_lc_monetary_1
    libinit.o(.ARM.Collect$$libinit$$00000000) refers (Special) to libinit2.o(.ARM.Collect$$libinit$$00000013) for __rt_lib_init_lc_numeric_1
    libinit.o(.ARM.Collect$$libinit$$00000000) refers (Special) to libinit2.o(.ARM.Collect$$libinit$$00000015) for __rt_lib_init_lc_time_1
    libinit.o(.ARM.Collect$$libinit$$00000000) refers (Special) to libinit2.o(.ARM.Collect$$libinit$$0000000A) for __rt_lib_init_rand_1
    libinit.o(.ARM.Collect$$libinit$$00000000) refers (Special) to libinit2.o(.ARM.Collect$$libinit$$0000002F) for __rt_lib_init_return
    libinit.o(.ARM.Collect$$libinit$$00000000) refers (Special) to libinit2.o(.ARM.Collect$$libinit$$00000019) for __rt_lib_init_signal_1
    libinit.o(.ARM.Collect$$libinit$$00000000) refers (Special) to libinit2.o(.ARM.Collect$$libinit$$00000021) for __rt_lib_init_stdio_1
    libinit.o(.ARM.Collect$$libinit$$00000000) refers (Special) to libinit2.o(.ARM.Collect$$libinit$$00000008) for __rt_lib_init_user_alloc_1
    libinit.o(.ARM.Collect$$libinit$$00000000) refers to fpinit.o(x$fpl$fpinit) for _fp_init
    rtexit.o(.ARM.Collect$$rtexit$$00000000) refers (Special) to rtexit2.o(.ARM.Collect$$rtexit$$00000004) for __rt_exit_exit
    rtexit.o(.ARM.Collect$$rtexit$$00000000) refers (Special) to rtexit2.o(.ARM.Collect$$rtexit$$00000003) for __rt_exit_ls
    rtexit.o(.ARM.Collect$$rtexit$$00000000) refers (Special) to rtexit2.o(.ARM.Collect$$rtexit$$00000002) for __rt_exit_prels_1
    rtexit.o(.ARM.exidx) refers (Special) to rtexit2.o(.ARM.Collect$$rtexit$$00000004) for __rt_exit_exit
    rtexit.o(.ARM.exidx) refers (Special) to rtexit2.o(.ARM.Collect$$rtexit$$00000003) for __rt_exit_ls
    rtexit.o(.ARM.exidx) refers (Special) to rtexit2.o(.ARM.Collect$$rtexit$$00000002) for __rt_exit_prels_1
    rtexit.o(.ARM.exidx) refers to rtexit.o(.ARM.Collect$$rtexit$$00000000) for .ARM.Collect$$rtexit$$00000000
    libinit2.o(.ARM.Collect$$libinit$$0000000B) refers (Weak) to rt_locale_intlibspace.o(.text) for __rt_locale
    libinit2.o(.ARM.Collect$$libinit$$0000000C) refers to libinit2.o(.ARM.Collect$$libinit$$0000000B) for .ARM.Collect$$libinit$$0000000B
    libinit2.o(.ARM.Collect$$libinit$$0000000E) refers to libinit2.o(.ARM.Collect$$libinit$$0000000B) for .ARM.Collect$$libinit$$0000000B
    libinit2.o(.ARM.Collect$$libinit$$0000000E) refers (Weak) to lc_ctype_c.o(locale$$code) for _get_lc_ctype
    libinit2.o(.ARM.Collect$$libinit$$00000010) refers to libinit2.o(.ARM.Collect$$libinit$$0000000B) for .ARM.Collect$$libinit$$0000000B
    libinit2.o(.ARM.Collect$$libinit$$00000012) refers to libinit2.o(.ARM.Collect$$libinit$$0000000B) for .ARM.Collect$$libinit$$0000000B
    libinit2.o(.ARM.Collect$$libinit$$00000014) refers to libinit2.o(.ARM.Collect$$libinit$$0000000B) for .ARM.Collect$$libinit$$0000000B
    libinit2.o(.ARM.Collect$$libinit$$00000022) refers to argv_veneer.o(.emb_text) for __ARM_argv_veneer
    libinit2.o(.ARM.Collect$$libinit$$00000023) refers to argv_veneer.o(.emb_text) for __ARM_argv_veneer
    rtexit2.o(.ARM.Collect$$rtexit$$00000003) refers to libshutdown.o(.ARM.Collect$$libshutdown$$00000000) for __rt_lib_shutdown
    rtexit2.o(.ARM.Collect$$rtexit$$00000004) refers to sys_exit.o(.text) for _sys_exit
    rtexit2.o(.ARM.exidx) refers to rtexit2.o(.ARM.Collect$$rtexit$$00000001) for .ARM.Collect$$rtexit$$00000001
    rtexit2.o(.ARM.exidx) refers to rtexit2.o(.ARM.Collect$$rtexit$$00000002) for .ARM.Collect$$rtexit$$00000002
    rtexit2.o(.ARM.exidx) refers to rtexit2.o(.ARM.Collect$$rtexit$$00000003) for .ARM.Collect$$rtexit$$00000003
    rtexit2.o(.ARM.exidx) refers to rtexit2.o(.ARM.Collect$$rtexit$$00000004) for .ARM.Collect$$rtexit$$00000004
    argv_veneer.o(.emb_text) refers to no_argv.o(.text) for __ARM_get_argv
    sys_exit.o(.text) refers to use_no_semi.o(.text) for __I$use$semihosting
    _get_argv_nomalloc.o(.text) refers (Special) to hrguard.o(.text) for __heap_region$guard
    _get_argv_nomalloc.o(.text) refers to defsig_rtmem_outer.o(.text) for __rt_SIGRTMEM
    _get_argv_nomalloc.o(.text) refers to sys_command.o(.text) for _sys_command_string
    libshutdown.o(.ARM.Collect$$libshutdown$$00000000) refers (Special) to libshutdown2.o(.ARM.Collect$$libshutdown$$00000006) for __rt_lib_shutdown_fp_trap_1
    libshutdown.o(.ARM.Collect$$libshutdown$$00000000) refers (Special) to libshutdown2.o(.ARM.Collect$$libshutdown$$0000000E) for __rt_lib_shutdown_heap_1
    libshutdown.o(.ARM.Collect$$libshutdown$$00000000) refers (Special) to libshutdown2.o(.ARM.Collect$$libshutdown$$0000000F) for __rt_lib_shutdown_return
    libshutdown.o(.ARM.Collect$$libshutdown$$00000000) refers (Special) to libshutdown2.o(.ARM.Collect$$libshutdown$$00000009) for __rt_lib_shutdown_signal_1
    libshutdown.o(.ARM.Collect$$libshutdown$$00000000) refers (Special) to libshutdown2.o(.ARM.Collect$$libshutdown$$00000003) for __rt_lib_shutdown_stdio_1
    libshutdown.o(.ARM.Collect$$libshutdown$$00000000) refers (Special) to libshutdown2.o(.ARM.Collect$$libshutdown$$0000000B) for __rt_lib_shutdown_user_alloc_1
    sys_command.o(.text) refers (Special) to use_no_semi.o(.text) for __I$use$semihosting
    defsig_rtmem_outer.o(.text) refers to defsig_rtmem_inner.o(.text) for __rt_SIGRTMEM_inner
    defsig_rtmem_outer.o(.text) refers to defsig_exit.o(.text) for __sig_exit
    defsig_rtmem_formal.o(.text) refers to rt_raise.o(.text) for __rt_raise
    rt_raise.o(.text) refers to __raise.o(.text) for __raise
    rt_raise.o(.text) refers to sys_exit.o(.text) for _sys_exit
    defsig_exit.o(.text) refers to sys_exit.o(.text) for _sys_exit
    defsig_rtmem_inner.o(.text) refers to defsig_general.o(.text) for __default_signal_display
    __raise.o(.text) refers to defsig.o(CL$$defsig) for __default_signal_handler
    __raise.o(.text) refers to __printf.o(i.__ARM_common_call_via_r2) for __ARM_common_call_via_r2
    defsig_general.o(.text) refers to sys_wrch.o(.text) for _ttywrch
    sys_wrch.o(.text) refers (Special) to use_no_semi.o(.text) for __I$use$semihosting
    defsig.o(CL$$defsig) refers to defsig_rtmem_inner.o(.text) for __rt_SIGRTMEM_inner
    defsig_abrt_inner.o(.text) refers to defsig_general.o(.text) for __default_signal_display
    defsig_fpe_inner.o(.text) refers to defsig_general.o(.text) for __default_signal_display
    defsig_rtred_inner.o(.text) refers to defsig_general.o(.text) for __default_signal_display
    defsig_stak_inner.o(.text) refers to defsig_general.o(.text) for __default_signal_display
    defsig_pvfn_inner.o(.text) refers to defsig_general.o(.text) for __default_signal_display
    defsig_cppl_inner.o(.text) refers to defsig_general.o(.text) for __default_signal_display
    defsig_segv_inner.o(.text) refers to defsig_general.o(.text) for __default_signal_display
    defsig_other.o(.text) refers to defsig_general.o(.text) for __default_signal_display


==============================================================================

Removing Unused input sections from the image.

    Removing gsm.o(i.GSM_Delete_All_Msg), (44 bytes).
    Removing gsm.o(i.GSM_Send_Msg), (276 bytes).

2 unused section(s) (total 320 bytes) removed from the image.

==============================================================================

Adding Veneers to the image

    Adding TA veneer (4 bytes, Inline) for call to '_printf_percent' from __printf.o(.text).
    Adding AT veneer (8 bytes, Inline) for call to '__rt_lib_init' from rtentry2.o(.ARM.Collect$$rtentry$$0000000A).
    Adding AT veneer (8 bytes, Inline) for call to '__rt_lib_shutdown' from rtexit2.o(.ARM.Collect$$rtexit$$00000003).
    Adding TA veneer (4 bytes, Inline) for call to '__rt_exit' from exit.o(.text).
    Adding AT veneer (8 bytes, Inline) for call to '__2sprintf' from gsm.o(i.GSM_Calling).
    Adding AT veneer (8 bytes, Inline) for call to '_printf_int_dec' from _printf_d.o(.ARM.Collect$$_printf_percent$$00000009).
    Adding AT veneer (8 bytes, Inline) for call to 'atoi' from gsm.o(i.GSM_Wait_for_Msg).
    Adding AT veneer (8 bytes, Inline) for call to 'strstr' from gsm.o(i.GSM_Begin).
    Adding AT veneer (8 bytes, Inline) for call to 'strncmp' from gsm.o(i.GSM_Response).
    Adding AT veneer (8 bytes, Inline) for call to 'strlen' from gsm.o(i.GSM_Msg_Display).
    Adding TA veneer (4 bytes, Inline) for call to '__aeabi_errno_addr' from atoi.o(.text).
    Adding AT veneer (8 bytes, Inline) for call to '_printf_string' from _printf_s.o(.ARM.Collect$$_printf_percent$$00000014).
    Adding TA veneer (4 bytes, Inline) for call to '__rt_udiv10' from _printf_dec.o(.text).
    Adding TA veneer (4 bytes, Inline) for call to '__rt_ctype_table' from strtol.o(.text).
    Adding TA veneer (4 bytes, Inline) for call to '__rt_locale' from libinit2.o(.ARM.Collect$$libinit$$0000000B).
    Adding TA veneer (4 bytes, Inline) for call to '_get_lc_ctype' from libinit2.o(.ARM.Collect$$libinit$$0000000E).
    Adding TA veneer (4 bytes, Inline) for call to '_fp_init' from libinit.o(.ARM.Collect$$libinit$$00000000).

17 Veneer(s) (total 104 bytes) added to the image.

==============================================================================

Image Symbol Table

    Local Symbols

    Symbol Name                              Value     Ov Type        Size  Object(Section)

    RESET                                    0x00000000   Section      272  startup.o(RESET)
    ../../angel/boardlib.s                   0x00000000   Number         0  boardshut.o ABSOLUTE
    ../../angel/boardlib.s                   0x00000000   Number         0  boardinit2.o ABSOLUTE
    ../../angel/boardlib.s                   0x00000000   Number         0  boardinit3.o ABSOLUTE
    ../../angel/boardlib.s                   0x00000000   Number         0  boardinit1.o ABSOLUTE
    ../../angel/handlers.s                   0x00000000   Number         0  __scatter_zi.o ABSOLUTE
    ../../angel/handlers.s                   0x00000000   Number         0  __scatter_copy.o ABSOLUTE
    ../../angel/kernel.s                     0x00000000   Number         0  rtentry4.o ABSOLUTE
    ../../angel/kernel.s                     0x00000000   Number         0  rtentry.o ABSOLUTE
    ../../angel/kernel.s                     0x00000000   Number         0  rtexit2.o ABSOLUTE
    ../../angel/kernel.s                     0x00000000   Number         0  rtentry2.o ABSOLUTE
    ../../angel/kernel.s                     0x00000000   Number         0  rtexit.o ABSOLUTE
    ../../angel/rt.s                         0x00000000   Number         0  rt_errno_addr_intlibspace.o ABSOLUTE
    ../../angel/rt.s                         0x00000000   Number         0  rt_errno_addr.o ABSOLUTE
    ../../angel/rt.s                         0x00000000   Number         0  rt_raise.o ABSOLUTE
    ../../angel/rt.s                         0x00000000   Number         0  rt_ctype_table.o ABSOLUTE
    ../../angel/rt.s                         0x00000000   Number         0  rt_locale.o ABSOLUTE
    ../../angel/rt.s                         0x00000000   Number         0  rt_locale_intlibspace.o ABSOLUTE
    ../../angel/scatter.s                    0x00000000   Number         0  __scatter.o ABSOLUTE
    ../../angel/startup.s                    0x00000000   Number         0  __main.o ABSOLUTE
    ../../angel/sys.s                        0x00000000   Number         0  sys_exit.o ABSOLUTE
    ../../angel/sys.s                        0x00000000   Number         0  libspace.o ABSOLUTE
    ../../angel/sys.s                        0x00000000   Number         0  sys_stackheap_outer.o ABSOLUTE
    ../../angel/sys.s                        0x00000000   Number         0  use_no_semi.o ABSOLUTE
    ../../angel/sysapp.c                     0x00000000   Number         0  sys_command.o ABSOLUTE
    ../../angel/sysapp.c                     0x00000000   Number         0  sys_wrch.o ABSOLUTE
    ../../armsys.c                           0x00000000   Number         0  argv_veneer.o ABSOLUTE
    ../../armsys.c                           0x00000000   Number         0  argv_veneer.o ABSOLUTE
    ../../armsys.c                           0x00000000   Number         0  no_argv.o ABSOLUTE
    ../../armsys.c                           0x00000000   Number         0  _get_argv_nomalloc.o ABSOLUTE
    ../../division.s                         0x00000000   Number         0  rtudiv10.o ABSOLUTE
    ../../fpinit.s                           0x00000000   Number         0  fpinit.o ABSOLUTE
    ../../heapalloc.c                        0x00000000   Number         0  hrguard.o ABSOLUTE
    ../../heapaux.c                          0x00000000   Number         0  heapauxi.o ABSOLUTE
    ../../libinit.s                          0x00000000   Number         0  libshutdown2.o ABSOLUTE
    ../../libinit.s                          0x00000000   Number         0  libinit2.o ABSOLUTE
    ../../libinit.s                          0x00000000   Number         0  libinit.o ABSOLUTE
    ../../libinit.s                          0x00000000   Number         0  libshutdown.o ABSOLUTE
    ../../locale.s                           0x00000000   Number         0  lc_ctype_c.o ABSOLUTE
    ../../memcpset.s                         0x00000000   Number         0  strcmp.o ABSOLUTE
    ../../memcpset.s                         0x00000000   Number         0  rt_memclr_w.o ABSOLUTE
    ../../memcpset.s                         0x00000000   Number         0  rt_memcpy_w.o ABSOLUTE
    ../../memcpset.s                         0x00000000   Number         0  rt_memcpy.o ABSOLUTE
    ../../memcpset.s                         0x00000000   Number         0  rt_memclr.o ABSOLUTE
    ../../memcpset.s                         0x00000000   Number         0  rt_memmove.o ABSOLUTE
    ../../memcpset.s                         0x00000000   Number         0  rt_memmove_w.o ABSOLUTE
    ../../printf.c                           0x00000000   Number         0  noretval__2sprintf.o ABSOLUTE
    ../../printf.c                           0x00000000   Number         0  __printf_nopercent.o ABSOLUTE
    ../../printf.c                           0x00000000   Number         0  __2sprintf.o ABSOLUTE
    ../../printf.c                           0x00000000   Number         0  __printf_flags_ss_wp.o ABSOLUTE
    ../../printf.c                           0x00000000   Number         0  _printf_str.o ABSOLUTE
    ../../printf.c                           0x00000000   Number         0  __printf_ss_wp.o ABSOLUTE
    ../../printf.c                           0x00000000   Number         0  __printf_flags_wp.o ABSOLUTE
    ../../printf.c                           0x00000000   Number         0  __printf_wp.o ABSOLUTE
    ../../printf.c                           0x00000000   Number         0  __printf_flags_ss.o ABSOLUTE
    ../../printf.c                           0x00000000   Number         0  __printf_ss.o ABSOLUTE
    ../../printf.c                           0x00000000   Number         0  __printf_flags.o ABSOLUTE
    ../../printf.c                           0x00000000   Number         0  _printf_char_common.o ABSOLUTE
    ../../printf.c                           0x00000000   Number         0  _printf_dec.o ABSOLUTE
    ../../printf.c                           0x00000000   Number         0  _sputc.o ABSOLUTE
    ../../printf.c                           0x00000000   Number         0  _printf_char.o ABSOLUTE
    ../../printf.c                           0x00000000   Number         0  _printf_intcommon.o ABSOLUTE
    ../../printf.c                           0x00000000   Number         0  __printf.o ABSOLUTE
    ../../printf_percent.s                   0x00000000   Number         0  _printf_percent.o ABSOLUTE
    ../../printf_percent.s                   0x00000000   Number         0  _printf_d.o ABSOLUTE
    ../../printf_percent.s                   0x00000000   Number         0  _printf_percent_end.o ABSOLUTE
    ../../printf_percent.s                   0x00000000   Number         0  _printf_s.o ABSOLUTE
    ../../scanf.c                            0x00000000   Number         0  _strtoul.o ABSOLUTE
    ../../scanf.c                            0x00000000   Number         0  strtol.o ABSOLUTE
    ../../scanf.c                            0x00000000   Number         0  _chval.o ABSOLUTE
    ../../scanf.c                            0x00000000   Number         0  atoi.o ABSOLUTE
    ../../signal.c                           0x00000000   Number         0  defsig_other.o ABSOLUTE
    ../../signal.c                           0x00000000   Number         0  defsig_general.o ABSOLUTE
    ../../signal.c                           0x00000000   Number         0  defsig_rtmem_outer.o ABSOLUTE
    ../../signal.c                           0x00000000   Number         0  defsig_rtmem_inner.o ABSOLUTE
    ../../signal.c                           0x00000000   Number         0  __raise.o ABSOLUTE
    ../../signal.c                           0x00000000   Number         0  defsig_cppl_inner.o ABSOLUTE
    ../../signal.c                           0x00000000   Number         0  defsig_rtmem_formal.o ABSOLUTE
    ../../signal.c                           0x00000000   Number         0  defsig_segv_inner.o ABSOLUTE
    ../../signal.c                           0x00000000   Number         0  defsig_pvfn_inner.o ABSOLUTE
    ../../signal.c                           0x00000000   Number         0  defsig_stak_inner.o ABSOLUTE
    ../../signal.c                           0x00000000   Number         0  defsig_rtred_inner.o ABSOLUTE
    ../../signal.c                           0x00000000   Number         0  defsig_fpe_inner.o ABSOLUTE
    ../../signal.c                           0x00000000   Number         0  defsig_abrt_inner.o ABSOLUTE
    ../../signal.c                           0x00000000   Number         0  defsig_exit.o ABSOLUTE
    ../../signal.s                           0x00000000   Number         0  defsig.o ABSOLUTE
    ../../stdlib.c                           0x00000000   Number         0  exit.o ABSOLUTE
    ../../string.c                           0x00000000   Number         0  strstr.o ABSOLUTE
    ../../string.c                           0x00000000   Number         0  strlen.o ABSOLUTE
    ../../string.c                           0x00000000   Number         0  strncmp.o ABSOLUTE
    GSM.c                                    0x00000000   Number         0  gsm.o ABSOLUTE
    Startup.s                                0x00000000   Number         0  startup.o ABSOLUTE
    dc.s                                     0x00000000   Number         0  dc.o ABSOLUTE
    Undef_Handler                            0x00000040   ARM Code       4  startup.o(RESET)
    SWI_Handler                              0x00000044   ARM Code       4  startup.o(RESET)
    PAbt_Handler                             0x00000048   ARM Code       4  startup.o(RESET)
    DAbt_Handler                             0x0000004c   ARM Code       4  startup.o(RESET)
    IRQ_Handler                              0x00000050   ARM Code       4  startup.o(RESET)
    FIQ_Handler                              0x00000054   ARM Code       4  startup.o(RESET)
    !!!main                                  0x00000110   Section        8  __main.o(!!!main)
    !!!scatter                               0x00000118   Section       60  __scatter.o(!!!scatter)
    !!handler_copy                           0x00000154   Section       40  __scatter_copy.o(!!handler_copy)
    !!handler_zi                             0x0000017c   Section       44  __scatter_zi.o(!!handler_zi)
    .ARM.Collect$$_printf_percent$$00000000  0x000001ac   Section        0  _printf_percent.o(.ARM.Collect$$_printf_percent$$00000000)
    .ARM.Collect$$_printf_percent$$00000009  0x000001ac   Section        8  _printf_d.o(.ARM.Collect$$_printf_percent$$00000009)
    .ARM.Collect$$_printf_percent$$00000014  0x000001b4   Section        8  _printf_s.o(.ARM.Collect$$_printf_percent$$00000014)
    .ARM.Collect$$_printf_percent$$00000017  0x000001bc   Section        8  _printf_percent_end.o(.ARM.Collect$$_printf_percent$$00000017)
    .ARM.Collect$$libinit$$00000000          0x000001cc   Section        6  libinit.o(.ARM.Collect$$libinit$$00000000)
    .ARM.Collect$$libinit$$00000006          0x000001d2   Section        0  libinit2.o(.ARM.Collect$$libinit$$00000006)
    .ARM.Collect$$libinit$$00000008          0x000001d2   Section        0  libinit2.o(.ARM.Collect$$libinit$$00000008)
    .ARM.Collect$$libinit$$0000000A          0x000001d2   Section        0  libinit2.o(.ARM.Collect$$libinit$$0000000A)
    .ARM.Collect$$libinit$$0000000B          0x000001d2   Section        6  libinit2.o(.ARM.Collect$$libinit$$0000000B)
    .ARM.Collect$$libinit$$0000000D          0x000001d8   Section        0  libinit2.o(.ARM.Collect$$libinit$$0000000D)
    .ARM.Collect$$libinit$$0000000E          0x000001d8   Section       12  libinit2.o(.ARM.Collect$$libinit$$0000000E)
    .ARM.Collect$$libinit$$0000000F          0x000001e4   Section        0  libinit2.o(.ARM.Collect$$libinit$$0000000F)
    .ARM.Collect$$libinit$$00000011          0x000001e4   Section        0  libinit2.o(.ARM.Collect$$libinit$$00000011)
    .ARM.Collect$$libinit$$00000013          0x000001e4   Section        0  libinit2.o(.ARM.Collect$$libinit$$00000013)
    .ARM.Collect$$libinit$$00000015          0x000001e4   Section        0  libinit2.o(.ARM.Collect$$libinit$$00000015)
    .ARM.Collect$$libinit$$00000017          0x000001e4   Section        0  libinit2.o(.ARM.Collect$$libinit$$00000017)
    .ARM.Collect$$libinit$$00000019          0x000001e4   Section        0  libinit2.o(.ARM.Collect$$libinit$$00000019)
    .ARM.Collect$$libinit$$0000001B          0x000001e4   Section        0  libinit2.o(.ARM.Collect$$libinit$$0000001B)
    .ARM.Collect$$libinit$$0000001D          0x000001e4   Section        0  libinit2.o(.ARM.Collect$$libinit$$0000001D)
    .ARM.Collect$$libinit$$0000001F          0x000001e4   Section        0  libinit2.o(.ARM.Collect$$libinit$$0000001F)
    .ARM.Collect$$libinit$$00000021          0x000001e4   Section        0  libinit2.o(.ARM.Collect$$libinit$$00000021)
    .ARM.Collect$$libinit$$00000028          0x000001e4   Section        0  libinit2.o(.ARM.Collect$$libinit$$00000028)
    .ARM.Collect$$libinit$$0000002A          0x000001e4   Section        0  libinit2.o(.ARM.Collect$$libinit$$0000002A)
    .ARM.Collect$$libinit$$0000002C          0x000001e4   Section        0  libinit2.o(.ARM.Collect$$libinit$$0000002C)
    .ARM.Collect$$libinit$$0000002E          0x000001e4   Section        0  libinit2.o(.ARM.Collect$$libinit$$0000002E)
    .ARM.Collect$$libinit$$0000002F          0x000001e4   Section       12  libinit2.o(.ARM.Collect$$libinit$$0000002F)
    .ARM.Collect$$libshutdown$$00000000      0x000001f8   Section        4  libshutdown.o(.ARM.Collect$$libshutdown$$00000000)
    .ARM.Collect$$libshutdown$$00000003      0x000001fc   Section        0  libshutdown2.o(.ARM.Collect$$libshutdown$$00000003)
    .ARM.Collect$$libshutdown$$00000006      0x000001fc   Section        0  libshutdown2.o(.ARM.Collect$$libshutdown$$00000006)
    .ARM.Collect$$libshutdown$$00000009      0x000001fc   Section        0  libshutdown2.o(.ARM.Collect$$libshutdown$$00000009)
    .ARM.Collect$$libshutdown$$0000000B      0x000001fc   Section        0  libshutdown2.o(.ARM.Collect$$libshutdown$$0000000B)
    .ARM.Collect$$libshutdown$$0000000E      0x000001fc   Section        0  libshutdown2.o(.ARM.Collect$$libshutdown$$0000000E)
    .ARM.Collect$$libshutdown$$0000000F      0x000001fc   Section        6  libshutdown2.o(.ARM.Collect$$libshutdown$$0000000F)
    .ARM.Collect$$rtentry$$00000000          0x00000204   Section        0  rtentry.o(.ARM.Collect$$rtentry$$00000000)
    .ARM.Collect$$rtentry$$00000002          0x00000204   Section        0  rtentry2.o(.ARM.Collect$$rtentry$$00000002)
    .ARM.Collect$$rtentry$$00000004          0x00000204   Section        8  rtentry4.o(.ARM.Collect$$rtentry$$00000004)
    .ARM.Collect$$rtentry$$00000009          0x0000020c   Section        0  rtentry2.o(.ARM.Collect$$rtentry$$00000009)
    .ARM.Collect$$rtentry$$0000000A          0x0000020c   Section        4  rtentry2.o(.ARM.Collect$$rtentry$$0000000A)
    .ARM.Collect$$rtentry$$0000000C          0x00000210   Section        0  rtentry2.o(.ARM.Collect$$rtentry$$0000000C)
    .ARM.Collect$$rtentry$$0000000D          0x00000210   Section       40  rtentry2.o(.ARM.Collect$$rtentry$$0000000D)
    .ARM.Collect$$rtexit$$00000000           0x0000023c   Section        0  rtexit.o(.ARM.Collect$$rtexit$$00000000)
    .ARM.Collect$$rtexit$$00000002           0x0000023c   Section        0  rtexit2.o(.ARM.Collect$$rtexit$$00000002)
    .ARM.Collect$$rtexit$$00000003           0x0000023c   Section        4  rtexit2.o(.ARM.Collect$$rtexit$$00000003)
    .ARM.Collect$$rtexit$$00000004           0x00000240   Section        4  rtexit2.o(.ARM.Collect$$rtexit$$00000004)
    .text                                    0x00000244   Section       32  startup.o(.text)
    .text                                    0x0000026c   Section       40  noretval__2sprintf.o(.text)
    .text                                    0x00000294   Section      120  __printf.o(.text)
    .text                                    0x0000030c   Section       88  _printf_str.o(.text)
    .text                                    0x0000036c   Section      112  _printf_dec.o(.text)
    .text                                    0x000003e4   Section       30  atoi.o(.text)
    .text                                    0x0000040c   Section       42  strstr.o(.text)
    .text                                    0x00000440   Section      152  strncmp.o(.text)
    .text                                    0x000004e0   Section       68  strlen.o(.text)
    .text                                    0x00000524   Section      212  rt_memmove.o(.text)
    .text                                    0x000005f8   Section       64  rt_memclr.o(.text)
    .text                                    0x00000638   Section       84  rt_memclr_w.o(.text)
    .text                                    0x0000068c   Section        6  heapauxi.o(.text)
    .text                                    0x00000698   Section       16  rt_errno_addr_intlibspace.o(.text)
    .text                                    0x000006a8   Section      182  _printf_intcommon.o(.text)
    .text                                    0x00000760   Section       52  _printf_char_common.o(.text)
    _printf_input_char                       0x00000761   Thumb Code    10  _printf_char_common.o(.text)
    .text                                    0x00000794   Section       10  _sputc.o(.text)
    .text                                    0x000007a8   Section       50  _printf_char.o(.text)
    .text                                    0x000007dc   Section      116  strtol.o(.text)
    .text                                    0x00000850   Section      212  rt_memcpy.o(.text)
    .text                                    0x00000924   Section      128  rt_memmove_w.o(.text)
    .text                                    0x000009a8   Section       44  rtudiv10.o(.text)
    .text                                    0x000009d4   Section       12  libspace.o(.text)
    .text                                    0x000009e4   Section       24  rt_ctype_table.o(.text)
    .text                                    0x000009fc   Section      166  _strtoul.o(.text)
    .text                                    0x00000aa4   Section      100  rt_memcpy_w.o(.text)
    .text                                    0x00000b08   Section       96  sys_stackheap_outer.o(.text)
    .text                                    0x00000b6c   Section       16  rt_locale_intlibspace.o(.text)
    .text                                    0x00000b7c   Section       34  _chval.o(.text)
    .text                                    0x00000b9e   Section       12  exit.o(.text)
    .text                                    0x00000bac   Section      160  strcmp.o(.text)
    .text                                    0x00000c4c   Section       24  sys_exit.o(.text)
    .text                                    0x00000c64   Section        4  use_no_semi.o(.text)
    i.GSM_Begin                              0x00000c68   Section      136  gsm.o(i.GSM_Begin)
    i.GSM_Calling                            0x00000cf0   Section       60  gsm.o(i.GSM_Calling)
    i.GSM_HangCall                           0x00000d2c   Section       28  gsm.o(i.GSM_HangCall)
    i.GSM_Msg_Delete                         0x00000d48   Section       80  gsm.o(i.GSM_Msg_Delete)
    i.GSM_Msg_Display                        0x00000d98   Section      532  gsm.o(i.GSM_Msg_Display)
    i.GSM_Msg_Read                           0x00000fac   Section       60  gsm.o(i.GSM_Msg_Read)
    i.GSM_Response                           0x00000fe8   Section      216  gsm.o(i.GSM_Response)
    i.GSM_Response_Display                   0x000010c0   Section      224  gsm.o(i.GSM_Response_Display)
    i.GSM_Wait_for_Msg                       0x000011a0   Section      368  gsm.o(i.GSM_Wait_for_Msg)
    i.UART0_Interrupt                        0x00001310   Section       92  gsm.o(i.UART0_Interrupt)
    i.UART0_SendString                       0x0000136c   Section       80  gsm.o(i.UART0_SendString)
    i.UART0_TxChar                           0x000013bc   Section       60  gsm.o(i.UART0_TxChar)
    i.UART0_init                             0x000013f8   Section       72  gsm.o(i.UART0_init)
    i.__ARM_common_call_via_r1               0x00001440   Section        2  __printf.o(i.__ARM_common_call_via_r1)
    i.__ARM_common_call_via_r2               0x00001442   Section        2  __printf.o(i.__ARM_common_call_via_r2)
    i.delay_ms                               0x00001444   Section       60  gsm.o(i.delay_ms)
    i.main                                   0x00001480   Section      324  gsm.o(i.main)
    locale$$code                             0x000015c8   Section       80  lc_ctype_c.o(locale$$code)
    x$fpl$fpinit                             0x0000161c   Section        4  fpinit.o(x$fpl$fpinit)
    locale$$data                             0x00001640   Section      272  lc_ctype_c.o(locale$$data)
    __lcctype_c_name                         0x00001644   Data           2  lc_ctype_c.o(locale$$data)
    __lcctype_c_start                        0x0000164c   Data           0  lc_ctype_c.o(locale$$data)
    __lcctype_c_end                          0x00001750   Data           0  lc_ctype_c.o(locale$$data)
    .data                                    0x40000000   Section       12  gsm.o(.data)
    .bss                                     0x4000000c   Section      234  gsm.o(.bss)
    .bss                                     0x400000f8   Section       96  libspace.o(.bss)
    HEAP                                     0x40000158   Section        0  startup.o(HEAP)
    STACK                                    0x40000158   Section     1160  startup.o(STACK)
    Heap_Mem                                 0x40000158   Data           0  startup.o(HEAP)
    Stack_Mem                                0x40000158   Data        1024  startup.o(STACK)
    Stack_Top                                0x400005e0   Data           0  startup.o(STACK)

    Global Symbols

    Symbol Name                              Value     Ov Type        Size  Object(Section)

    BuildAttributes$$THM_ISAv1$ARM_ISAv4$S$PE$A:L22$X:L11$S22$IEEE1$IW$USESV6$~STKCKD$USESV7$~SHL$OSPACE$ROPI$EBA8$UX$STANDARDLIB$REQ8$PRES8$EABIv2 0x00000000   Number         0  anon$$obj.o ABSOLUTE
    __ARM_use_no_argv                        0x00000000   Number         0  gsm.o ABSOLUTE
    __ARM_exceptions_init                     - Undefined Weak Reference
    __alloca_initialize                       - Undefined Weak Reference
    __cpp_initialize__aeabi_                  - Undefined Weak Reference
    __cxa_finalize                            - Undefined Weak Reference
    __sigvec_lookup                           - Undefined Weak Reference
    _atexit_init                              - Undefined Weak Reference
    _call_atexit_fns                          - Undefined Weak Reference
    _clock_init                               - Undefined Weak Reference
    _fp_trap_init                             - Undefined Weak Reference
    _fp_trap_shutdown                         - Undefined Weak Reference
    _get_lc_collate                           - Undefined Weak Reference
    _get_lc_monetary                          - Undefined Weak Reference
    _get_lc_numeric                           - Undefined Weak Reference
    _get_lc_time                              - Undefined Weak Reference
    _getenv_init                              - Undefined Weak Reference
    _handle_redirection                       - Undefined Weak Reference
    _init_alloc                               - Undefined Weak Reference
    _init_user_alloc                          - Undefined Weak Reference
    _initio                                   - Undefined Weak Reference
    _printf_mbtowc                            - Undefined Weak Reference
    _printf_post_padding                      - Undefined Weak Reference
    _printf_pre_padding                       - Undefined Weak Reference
    _printf_truncate_signed                   - Undefined Weak Reference
    _printf_truncate_unsigned                 - Undefined Weak Reference
    _rand_init                                - Undefined Weak Reference
    _signal_finish                            - Undefined Weak Reference
    _signal_init                              - Undefined Weak Reference
    _terminate_alloc                          - Undefined Weak Reference
    _terminate_user_alloc                     - Undefined Weak Reference
    _terminateio                              - Undefined Weak Reference
    Reset_Handler                            0x00000058   ARM Code       0  startup.o(RESET)
    __main                                   0x00000110   ARM Code       8  __main.o(!!!main)
    __scatterload                            0x00000118   ARM Code       0  __scatter.o(!!!scatter)
    __scatterload_rt2                        0x00000118   ARM Code      52  __scatter.o(!!!scatter)
    __scatterload_null                       0x0000012c   ARM Code       0  __scatter.o(!!!scatter)
    __scatterload_copy                       0x00000154   ARM Code      40  __scatter_copy.o(!!handler_copy)
    __scatterload_zeroinit                   0x0000017c   ARM Code      44  __scatter_zi.o(!!handler_zi)
    Inline Thumb to ARM Veneer to _printf_percent 0x000001a9   Thumb Code     4  _printf_percent.o(.ARM.Collect$$_printf_percent$$00000000)
    _printf_d                                0x000001ac   ARM Code       0  _printf_d.o(.ARM.Collect$$_printf_percent$$00000009)
    _printf_percent                          0x000001ac   ARM Code       0  _printf_percent.o(.ARM.Collect$$_printf_percent$$00000000)
    _printf_s                                0x000001b4   ARM Code       0  _printf_s.o(.ARM.Collect$$_printf_percent$$00000014)
    _printf_percent_end                      0x000001bc   ARM Code       0  _printf_percent_end.o(.ARM.Collect$$_printf_percent$$00000017)
    Inline ARM to Thumb Veneer to __rt_lib_init 0x000001c4   ARM Code       8  libinit.o(.ARM.Collect$$libinit$$00000000)
    __rt_lib_init                            0x000001cd   Thumb Code     0  libinit.o(.ARM.Collect$$libinit$$00000000)
    __rt_lib_init_heap_1                     0x000001d3   Thumb Code     0  libinit2.o(.ARM.Collect$$libinit$$00000006)
    __rt_lib_init_lc_common                  0x000001d3   Thumb Code     0  libinit2.o(.ARM.Collect$$libinit$$0000000B)
    __rt_lib_init_rand_1                     0x000001d3   Thumb Code     0  libinit2.o(.ARM.Collect$$libinit$$0000000A)
    __rt_lib_init_user_alloc_1               0x000001d3   Thumb Code     0  libinit2.o(.ARM.Collect$$libinit$$00000008)
    __rt_lib_init_lc_collate_1               0x000001d9   Thumb Code     0  libinit2.o(.ARM.Collect$$libinit$$0000000D)
    __rt_lib_init_lc_ctype_2                 0x000001d9   Thumb Code     0  libinit2.o(.ARM.Collect$$libinit$$0000000E)
    __rt_lib_init_alloca_1                   0x000001e5   Thumb Code     0  libinit2.o(.ARM.Collect$$libinit$$0000002A)
    __rt_lib_init_argv_1                     0x000001e5   Thumb Code     0  libinit2.o(.ARM.Collect$$libinit$$00000028)
    __rt_lib_init_atexit_1                   0x000001e5   Thumb Code     0  libinit2.o(.ARM.Collect$$libinit$$00000017)
    __rt_lib_init_clock_1                    0x000001e5   Thumb Code     0  libinit2.o(.ARM.Collect$$libinit$$0000001D)
    __rt_lib_init_cpp_1                      0x000001e5   Thumb Code     0  libinit2.o(.ARM.Collect$$libinit$$0000002E)
    __rt_lib_init_exceptions_1               0x000001e5   Thumb Code     0  libinit2.o(.ARM.Collect$$libinit$$0000002C)
    __rt_lib_init_fp_trap_1                  0x000001e5   Thumb Code     0  libinit2.o(.ARM.Collect$$libinit$$0000001B)
    __rt_lib_init_getenv_1                   0x000001e5   Thumb Code     0  libinit2.o(.ARM.Collect$$libinit$$0000001F)
    __rt_lib_init_lc_ctype_1                 0x000001e5   Thumb Code     0  libinit2.o(.ARM.Collect$$libinit$$0000000F)
    __rt_lib_init_lc_monetary_1              0x000001e5   Thumb Code     0  libinit2.o(.ARM.Collect$$libinit$$00000011)
    __rt_lib_init_lc_numeric_1               0x000001e5   Thumb Code     0  libinit2.o(.ARM.Collect$$libinit$$00000013)
    __rt_lib_init_lc_time_1                  0x000001e5   Thumb Code     0  libinit2.o(.ARM.Collect$$libinit$$00000015)
    __rt_lib_init_return                     0x000001e5   Thumb Code     0  libinit2.o(.ARM.Collect$$libinit$$0000002F)
    __rt_lib_init_signal_1                   0x000001e5   Thumb Code     0  libinit2.o(.ARM.Collect$$libinit$$00000019)
    __rt_lib_init_stdio_1                    0x000001e5   Thumb Code     0  libinit2.o(.ARM.Collect$$libinit$$00000021)
    Inline ARM to Thumb Veneer to __rt_lib_shutdown 0x000001f0   ARM Code       8  libshutdown.o(.ARM.Collect$$libshutdown$$00000000)
    __rt_lib_shutdown                        0x000001f9   Thumb Code     0  libshutdown.o(.ARM.Collect$$libshutdown$$00000000)
    __rt_lib_shutdown_fp_trap_1              0x000001fd   Thumb Code     0  libshutdown2.o(.ARM.Collect$$libshutdown$$00000006)
    __rt_lib_shutdown_heap_1                 0x000001fd   Thumb Code     0  libshutdown2.o(.ARM.Collect$$libshutdown$$0000000E)
    __rt_lib_shutdown_return                 0x000001fd   Thumb Code     0  libshutdown2.o(.ARM.Collect$$libshutdown$$0000000F)
    __rt_lib_shutdown_signal_1               0x000001fd   Thumb Code     0  libshutdown2.o(.ARM.Collect$$libshutdown$$00000009)
    __rt_lib_shutdown_stdio_1                0x000001fd   Thumb Code     0  libshutdown2.o(.ARM.Collect$$libshutdown$$00000003)
    __rt_lib_shutdown_user_alloc_1           0x000001fd   Thumb Code     0  libshutdown2.o(.ARM.Collect$$libshutdown$$0000000B)
    __rt_entry                               0x00000204   ARM Code       0  rtentry.o(.ARM.Collect$$rtentry$$00000000)
    __rt_entry_presh_1                       0x00000204   ARM Code       0  rtentry2.o(.ARM.Collect$$rtentry$$00000002)
    __rt_entry_sh                            0x00000204   ARM Code       0  rtentry4.o(.ARM.Collect$$rtentry$$00000004)
    __rt_entry_li                            0x0000020c   ARM Code       0  rtentry2.o(.ARM.Collect$$rtentry$$0000000A)
    __rt_entry_postsh_1                      0x0000020c   ARM Code       0  rtentry2.o(.ARM.Collect$$rtentry$$00000009)
    __rt_entry_main                          0x00000210   ARM Code       0  rtentry2.o(.ARM.Collect$$rtentry$$0000000D)
    __rt_entry_postli_1                      0x00000210   ARM Code       0  rtentry2.o(.ARM.Collect$$rtentry$$0000000C)
    Inline Thumb to ARM Veneer to __rt_exit  0x00000239   Thumb Code     4  rtexit.o(.ARM.Collect$$rtexit$$00000000)
    __rt_exit                                0x0000023c   ARM Code       0  rtexit.o(.ARM.Collect$$rtexit$$00000000)
    __rt_exit_ls                             0x0000023c   ARM Code       0  rtexit2.o(.ARM.Collect$$rtexit$$00000003)
    __rt_exit_prels_1                        0x0000023c   ARM Code       0  rtexit2.o(.ARM.Collect$$rtexit$$00000002)
    __rt_exit_exit                           0x00000240   ARM Code       0  rtexit2.o(.ARM.Collect$$rtexit$$00000004)
    __user_initial_stackheap                 0x00000244   ARM Code       0  startup.o(.text)
    Inline ARM to Thumb Veneer to __2sprintf 0x00000264   ARM Code       8  noretval__2sprintf.o(.text)
    __2sprintf                               0x0000026d   Thumb Code    36  noretval__2sprintf.o(.text)
    __printf                                 0x00000295   Thumb Code   120  __printf.o(.text)
    _printf_str                              0x0000030d   Thumb Code    88  _printf_str.o(.text)
    Inline ARM to Thumb Veneer to _printf_int_dec 0x00000364   ARM Code       8  _printf_dec.o(.text)
    _printf_int_dec                          0x0000036d   Thumb Code    94  _printf_dec.o(.text)
    Inline ARM to Thumb Veneer to atoi       0x000003dc   ARM Code       8  atoi.o(.text)
    atoi                                     0x000003e5   Thumb Code    30  atoi.o(.text)
    Inline ARM to Thumb Veneer to strstr     0x00000404   ARM Code       8  strstr.o(.text)
    strstr                                   0x0000040d   Thumb Code    42  strstr.o(.text)
    Inline ARM to Thumb Veneer to strncmp    0x00000438   ARM Code       8  strncmp.o(.text)
    strncmp                                  0x00000441   Thumb Code   146  strncmp.o(.text)
    Inline ARM to Thumb Veneer to strlen     0x000004d8   ARM Code       8  strlen.o(.text)
    strlen                                   0x000004e1   Thumb Code    64  strlen.o(.text)
    __aeabi_memmove                          0x00000524   ARM Code       0  rt_memmove.o(.text)
    __rt_memmove                             0x00000524   ARM Code     212  rt_memmove.o(.text)
    __memmove_lastfew                        0x000005d8   ARM Code       0  rt_memmove.o(.text)
    __aeabi_memclr                           0x000005f8   ARM Code       0  rt_memclr.o(.text)
    __rt_memclr                              0x000005f8   ARM Code      64  rt_memclr.o(.text)
    _memset                                  0x000005fc   ARM Code       0  rt_memclr.o(.text)
    __aeabi_memclr4                          0x00000638   ARM Code       0  rt_memclr_w.o(.text)
    __aeabi_memclr8                          0x00000638   ARM Code       0  rt_memclr_w.o(.text)
    __rt_memclr_w                            0x00000638   ARM Code      84  rt_memclr_w.o(.text)
    _memset_w                                0x0000063c   ARM Code       0  rt_memclr_w.o(.text)
    __use_two_region_memory                  0x0000068d   Thumb Code     2  heapauxi.o(.text)
    __rt_heap_escrow$2region                 0x0000068f   Thumb Code     2  heapauxi.o(.text)
    __rt_heap_expand$2region                 0x00000691   Thumb Code     2  heapauxi.o(.text)
    Inline Thumb to ARM Veneer to __aeabi_errno_addr 0x00000695   Thumb Code     4  rt_errno_addr_intlibspace.o(.text)
    __aeabi_errno_addr                       0x00000698   ARM Code      16  rt_errno_addr_intlibspace.o(.text)
    __errno$intlibspace                      0x00000698   ARM Code       0  rt_errno_addr_intlibspace.o(.text)
    __rt_errno_addr$intlibspace              0x00000698   ARM Code       0  rt_errno_addr_intlibspace.o(.text)
    _printf_int_common                       0x000006a9   Thumb Code   182  _printf_intcommon.o(.text)
    _printf_char_common                      0x0000076b   Thumb Code    38  _printf_char_common.o(.text)
    _sputc                                   0x00000795   Thumb Code    10  _sputc.o(.text)
    Inline ARM to Thumb Veneer to _printf_string 0x000007a0   ARM Code       8  _printf_char.o(.text)
    _printf_cs_common                        0x000007a9   Thumb Code    26  _printf_char.o(.text)
    _printf_char                             0x000007c3   Thumb Code    16  _printf_char.o(.text)
    _printf_string                           0x000007d3   Thumb Code     8  _printf_char.o(.text)
    strtol                                   0x000007dd   Thumb Code   112  strtol.o(.text)
    __aeabi_memcpy                           0x00000850   ARM Code       0  rt_memcpy.o(.text)
    __rt_memcpy                              0x00000850   ARM Code     212  rt_memcpy.o(.text)
    _memcpy_lastbytes                        0x00000904   ARM Code       0  rt_memcpy.o(.text)
    __aeabi_memmove4                         0x00000924   ARM Code       0  rt_memmove_w.o(.text)
    __aeabi_memmove8                         0x00000924   ARM Code       0  rt_memmove_w.o(.text)
    __rt_memmove_w                           0x00000924   ARM Code     128  rt_memmove_w.o(.text)
    __memmove_aligned                        0x00000950   ARM Code       0  rt_memmove_w.o(.text)
    __memmove_lastfew_aligned                0x0000098c   ARM Code       0  rt_memmove_w.o(.text)
    Inline Thumb to ARM Veneer to __rt_udiv10 0x000009a5   Thumb Code     4  rtudiv10.o(.text)
    __rt_udiv10                              0x000009a8   ARM Code      44  rtudiv10.o(.text)
    __user_libspace                          0x000009d4   ARM Code      12  libspace.o(.text)
    __user_perproc_libspace                  0x000009d4   ARM Code       0  libspace.o(.text)
    __user_perthread_libspace                0x000009d4   ARM Code       0  libspace.o(.text)
    Inline Thumb to ARM Veneer to __rt_ctype_table 0x000009e1   Thumb Code     4  rt_ctype_table.o(.text)
    __rt_ctype_table                         0x000009e4   ARM Code      24  rt_ctype_table.o(.text)
    _strtoul                                 0x000009fd   Thumb Code   166  _strtoul.o(.text)
    __aeabi_memcpy4                          0x00000aa4   ARM Code       0  rt_memcpy_w.o(.text)
    __aeabi_memcpy8                          0x00000aa4   ARM Code       0  rt_memcpy_w.o(.text)
    __rt_memcpy_w                            0x00000aa4   ARM Code     100  rt_memcpy_w.o(.text)
    _memcpy_lastbytes_aligned                0x00000af0   ARM Code       0  rt_memcpy_w.o(.text)
    __user_setup_stackheap                   0x00000b08   ARM Code      96  sys_stackheap_outer.o(.text)
    Inline Thumb to ARM Veneer to __rt_locale 0x00000b69   Thumb Code     4  rt_locale_intlibspace.o(.text)
    __rt_locale                              0x00000b6c   ARM Code      16  rt_locale_intlibspace.o(.text)
    _chval                                   0x00000b7d   Thumb Code    34  _chval.o(.text)
    exit                                     0x00000b9f   Thumb Code    12  exit.o(.text)
    strcmp                                   0x00000bac   ARM Code     156  strcmp.o(.text)
    _sys_exit                                0x00000c4c   ARM Code      20  sys_exit.o(.text)
    __I$use$semihosting                      0x00000c64   ARM Code       0  use_no_semi.o(.text)
    __use_no_semihosting_swi                 0x00000c64   ARM Code       4  use_no_semi.o(.text)
    GSM_Begin                                0x00000c68   ARM Code     108  gsm.o(i.GSM_Begin)
    GSM_Calling                              0x00000cf0   ARM Code      48  gsm.o(i.GSM_Calling)
    GSM_HangCall                             0x00000d2c   ARM Code      20  gsm.o(i.GSM_HangCall)
    GSM_Msg_Delete                           0x00000d48   ARM Code      60  gsm.o(i.GSM_Msg_Delete)
    GSM_Msg_Display                          0x00000d98   ARM Code     532  gsm.o(i.GSM_Msg_Display)
    GSM_Msg_Read                             0x00000fac   ARM Code      44  gsm.o(i.GSM_Msg_Read)
    GSM_Response                             0x00000fe8   ARM Code     204  gsm.o(i.GSM_Response)
    GSM_Response_Display                     0x000010c0   ARM Code     216  gsm.o(i.GSM_Response_Display)
    GSM_Wait_for_Msg                         0x000011a0   ARM Code     348  gsm.o(i.GSM_Wait_for_Msg)
    UART0_Interrupt                          0x00001310   ARM Code      76  gsm.o(i.UART0_Interrupt)
    UART0_SendString                         0x0000136c   ARM Code      76  gsm.o(i.UART0_SendString)
    UART0_TxChar                             0x000013bc   ARM Code      56  gsm.o(i.UART0_TxChar)
    UART0_init                               0x000013f8   ARM Code      68  gsm.o(i.UART0_init)
    __ARM_common_call_via_r1                 0x00001441   Thumb Code     2  __printf.o(i.__ARM_common_call_via_r1)
    __ARM_common_call_via_r2                 0x00001443   Thumb Code     2  __printf.o(i.__ARM_common_call_via_r2)
    delay_ms                                 0x00001444   ARM Code      56  gsm.o(i.delay_ms)
    main                                     0x00001480   ARM Code     268  gsm.o(i.main)
    Inline Thumb to ARM Veneer to _get_lc_ctype 0x000015c5   Thumb Code     4  lc_ctype_c.o(locale$$code)
    _get_lc_ctype                            0x000015c8   ARM Code      80  lc_ctype_c.o(locale$$code)
    Inline Thumb to ARM Veneer to _fp_init   0x00001619   Thumb Code     4  fpinit.o(x$fpl$fpinit)
    __fplib_config_pureend_doubles           0x0000161c   ARM Code       0  fpinit.o(x$fpl$fpinit)
    _fp_init                                 0x0000161c   ARM Code       4  fpinit.o(x$fpl$fpinit)
    Region$$Table$$Base                      0x00001620   Number         0  anon$$obj.o(Region$$Table)
    Region$$Table$$Limit                     0x00001640   Number         0  anon$$obj.o(Region$$Table)
    __ctype                                  0x0000164d   Data           0  lc_ctype_c.o(locale$$data)
    status_flag                              0x40000000   Data           1  gsm.o(.data)
    position                                 0x40000004   Data           4  gsm.o(.data)
    buffer_pointer                           0x40000008   Data           4  gsm.o(.data)
    buff                                     0x4000000c   Data         160  gsm.o(.bss)
    Mobile_no                                0x400000ac   Data          14  gsm.o(.bss)
    message_received                         0x400000ba   Data          60  gsm.o(.bss)
    __libspace_start                         0x400000f8   Data          96  libspace.o(.bss)
    __temporary_stack_top$libspace           0x40000158   Data           0  libspace.o(.bss)



==============================================================================

Memory Map of the image

  Image Entry point : 0x00000110

  Load Region LR_IROM1 (Base: 0x00000000, Size: 0x0000175c, Max: 0x00080000, ABSOLUTE)

    Execution Region ER_IROM1 (Base: 0x00000000, Size: 0x00001750, Max: 0x00080000, ABSOLUTE)

    Base Addr    Size         Type   Attr      Idx    E Section Name        Object

    0x00000000   0x00000110   Code   RO            3    RESET               startup.o
    0x00000110   0x00000008   Code   RO          196  * !!!main             __main.o(c_t.l)
    0x00000118   0x0000003c   Code   RO          399    !!!scatter          __scatter.o(c_t.l)
    0x00000154   0x00000028   Code   RO          401    !!handler_copy      __scatter_copy.o(c_t.l)
    0x0000017c   0x0000002c   Code   RO          403    !!handler_zi        __scatter_zi.o(c_t.l)
    0x000001a8   0x00000004   Ven    RO          179    .ARM.Collect$$_printf_percent$$00000000  _printf_percent.o(c_t.l)
    0x000001ac   0x00000000   Code   RO          179    .ARM.Collect$$_printf_percent$$00000000  _printf_percent.o(c_t.l)
    0x000001ac   0x00000008   Code   RO          178    .ARM.Collect$$_printf_percent$$00000009  _printf_d.o(c_t.l)
    0x000001b4   0x00000008   Code   RO          177    .ARM.Collect$$_printf_percent$$00000014  _printf_s.o(c_t.l)
    0x000001bc   0x00000008   Code   RO          213    .ARM.Collect$$_printf_percent$$00000017  _printf_percent_end.o(c_t.l)
    0x000001c4   0x00000008   Ven    RO          275    .ARM.Collect$$libinit$$00000000  libinit.o(c_t.l)
    0x000001cc   0x00000006   Code   RO          275    .ARM.Collect$$libinit$$00000000  libinit.o(c_t.l)
    0x000001d2   0x00000000   Code   RO          282    .ARM.Collect$$libinit$$00000006  libinit2.o(c_t.l)
    0x000001d2   0x00000000   Code   RO          284    .ARM.Collect$$libinit$$00000008  libinit2.o(c_t.l)
    0x000001d2   0x00000000   Code   RO          286    .ARM.Collect$$libinit$$0000000A  libinit2.o(c_t.l)
    0x000001d2   0x00000006   Code   RO          287    .ARM.Collect$$libinit$$0000000B  libinit2.o(c_t.l)
    0x000001d8   0x00000000   Code   RO          289    .ARM.Collect$$libinit$$0000000D  libinit2.o(c_t.l)
    0x000001d8   0x0000000c   Code   RO          290    .ARM.Collect$$libinit$$0000000E  libinit2.o(c_t.l)
    0x000001e4   0x00000000   Code   RO          291    .ARM.Collect$$libinit$$0000000F  libinit2.o(c_t.l)
    0x000001e4   0x00000000   Code   RO          293    .ARM.Collect$$libinit$$00000011  libinit2.o(c_t.l)
    0x000001e4   0x00000000   Code   RO          295    .ARM.Collect$$libinit$$00000013  libinit2.o(c_t.l)
    0x000001e4   0x00000000   Code   RO          297    .ARM.Collect$$libinit$$00000015  libinit2.o(c_t.l)
    0x000001e4   0x00000000   Code   RO          299    .ARM.Collect$$libinit$$00000017  libinit2.o(c_t.l)
    0x000001e4   0x00000000   Code   RO          301    .ARM.Collect$$libinit$$00000019  libinit2.o(c_t.l)
    0x000001e4   0x00000000   Code   RO          303    .ARM.Collect$$libinit$$0000001B  libinit2.o(c_t.l)
    0x000001e4   0x00000000   Code   RO          305    .ARM.Collect$$libinit$$0000001D  libinit2.o(c_t.l)
    0x000001e4   0x00000000   Code   RO          307    .ARM.Collect$$libinit$$0000001F  libinit2.o(c_t.l)
    0x000001e4   0x00000000   Code   RO          309    .ARM.Collect$$libinit$$00000021  libinit2.o(c_t.l)
    0x000001e4   0x00000000   Code   RO          313    .ARM.Collect$$libinit$$00000028  libinit2.o(c_t.l)
    0x000001e4   0x00000000   Code   RO          315    .ARM.Collect$$libinit$$0000002A  libinit2.o(c_t.l)
    0x000001e4   0x00000000   Code   RO          317    .ARM.Collect$$libinit$$0000002C  libinit2.o(c_t.l)
    0x000001e4   0x00000000   Code   RO          319    .ARM.Collect$$libinit$$0000002E  libinit2.o(c_t.l)
    0x000001e4   0x0000000c   Code   RO          320    .ARM.Collect$$libinit$$0000002F  libinit2.o(c_t.l)
    0x000001f0   0x00000008   Ven    RO          341    .ARM.Collect$$libshutdown$$00000000  libshutdown.o(c_t.l)
    0x000001f8   0x00000004   Code   RO          341    .ARM.Collect$$libshutdown$$00000000  libshutdown.o(c_t.l)
    0x000001fc   0x00000000   Code   RO          354    .ARM.Collect$$libshutdown$$00000003  libshutdown2.o(c_t.l)
    0x000001fc   0x00000000   Code   RO          357    .ARM.Collect$$libshutdown$$00000006  libshutdown2.o(c_t.l)
    0x000001fc   0x00000000   Code   RO          360    .ARM.Collect$$libshutdown$$00000009  libshutdown2.o(c_t.l)
    0x000001fc   0x00000000   Code   RO          362    .ARM.Collect$$libshutdown$$0000000B  libshutdown2.o(c_t.l)
    0x000001fc   0x00000000   Code   RO          365    .ARM.Collect$$libshutdown$$0000000E  libshutdown2.o(c_t.l)
    0x000001fc   0x00000006   Code   RO          366    .ARM.Collect$$libshutdown$$0000000F  libshutdown2.o(c_t.l)
    0x00000202   0x00000002   PAD
    0x00000204   0x00000000   Code   RO          198    .ARM.Collect$$rtentry$$00000000  rtentry.o(c_t.l)
    0x00000204   0x00000000   Code   RO          226    .ARM.Collect$$rtentry$$00000002  rtentry2.o(c_t.l)
    0x00000204   0x00000008   Code   RO          241    .ARM.Collect$$rtentry$$00000004  rtentry4.o(c_t.l)
    0x0000020c   0x00000000   Code   RO          228    .ARM.Collect$$rtentry$$00000009  rtentry2.o(c_t.l)
    0x0000020c   0x00000004   Code   RO          229    .ARM.Collect$$rtentry$$0000000A  rtentry2.o(c_t.l)
    0x00000210   0x00000000   Code   RO          231    .ARM.Collect$$rtentry$$0000000C  rtentry2.o(c_t.l)
    0x00000210   0x00000028   Code   RO          232    .ARM.Collect$$rtentry$$0000000D  rtentry2.o(c_t.l)
    0x00000238   0x00000004   Ven    RO          276    .ARM.Collect$$rtexit$$00000000  rtexit.o(c_t.l)
    0x0000023c   0x00000000   Code   RO          276    .ARM.Collect$$rtexit$$00000000  rtexit.o(c_t.l)
    0x0000023c   0x00000000   Code   RO          324    .ARM.Collect$$rtexit$$00000002  rtexit2.o(c_t.l)
    0x0000023c   0x00000004   Code   RO          325    .ARM.Collect$$rtexit$$00000003  rtexit2.o(c_t.l)
    0x00000240   0x00000004   Code   RO          326    .ARM.Collect$$rtexit$$00000004  rtexit2.o(c_t.l)
    0x00000244   0x00000020   Code   RO            4    .text               startup.o
    0x00000264   0x00000008   Ven    RO          147    .text               noretval__2sprintf.o(c_t.l)
    0x0000026c   0x00000028   Code   RO          147    .text               noretval__2sprintf.o(c_t.l)
    0x00000294   0x00000078   Code   RO          149    .text               __printf.o(c_t.l)
    0x0000030c   0x00000058   Code   RO          155    .text               _printf_str.o(c_t.l)
    0x00000364   0x00000008   Ven    RO          157    .text               _printf_dec.o(c_t.l)
    0x0000036c   0x00000070   Code   RO          157    .text               _printf_dec.o(c_t.l)
    0x000003dc   0x00000008   Ven    RO          180    .text               atoi.o(c_t.l)
    0x000003e4   0x0000001e   Code   RO          180    .text               atoi.o(c_t.l)
    0x00000402   0x00000002   PAD
    0x00000404   0x00000008   Ven    RO          182    .text               strstr.o(c_t.l)
    0x0000040c   0x0000002a   Code   RO          182    .text               strstr.o(c_t.l)
    0x00000436   0x00000002   PAD
    0x00000438   0x00000008   Ven    RO          184    .text               strncmp.o(c_t.l)
    0x00000440   0x00000098   Code   RO          184    .text               strncmp.o(c_t.l)
    0x000004d8   0x00000008   Ven    RO          186    .text               strlen.o(c_t.l)
    0x000004e0   0x00000044   Code   RO          186    .text               strlen.o(c_t.l)
    0x00000524   0x000000d4   Code   RO          188    .text               rt_memmove.o(c_t.l)
    0x000005f8   0x00000040   Code   RO          190    .text               rt_memclr.o(c_t.l)
    0x00000638   0x00000054   Code   RO          192    .text               rt_memclr_w.o(c_t.l)
    0x0000068c   0x00000006   Code   RO          194    .text               heapauxi.o(c_t.l)
    0x00000692   0x00000002   PAD
    0x00000694   0x00000004   Ven    RO          203    .text               rt_errno_addr_intlibspace.o(c_t.l)
    0x00000698   0x00000010   Code   RO          203    .text               rt_errno_addr_intlibspace.o(c_t.l)
    0x000006a8   0x000000b6   Code   RO          205    .text               _printf_intcommon.o(c_t.l)
    0x0000075e   0x00000002   PAD
    0x00000760   0x00000034   Code   RO          207    .text               _printf_char_common.o(c_t.l)
    0x00000794   0x0000000a   Code   RO          209    .text               _sputc.o(c_t.l)
    0x0000079e   0x00000002   PAD
    0x000007a0   0x00000008   Ven    RO          211    .text               _printf_char.o(c_t.l)
    0x000007a8   0x00000032   Code   RO          211    .text               _printf_char.o(c_t.l)
    0x000007da   0x00000002   PAD
    0x000007dc   0x00000074   Code   RO          214    .text               strtol.o(c_t.l)
    0x00000850   0x000000d4   Code   RO          216    .text               rt_memcpy.o(c_t.l)
    0x00000924   0x00000080   Code   RO          218    .text               rt_memmove_w.o(c_t.l)
    0x000009a4   0x00000004   Ven    RO          220    .text               rtudiv10.o(c_t.l)
    0x000009a8   0x0000002c   Code   RO          220    .text               rtudiv10.o(c_t.l)
    0x000009d4   0x0000000c   Code   RO          222    .text               libspace.o(c_t.l)
    0x000009e0   0x00000004   Ven    RO          243    .text               rt_ctype_table.o(c_t.l)
    0x000009e4   0x00000018   Code   RO          243    .text               rt_ctype_table.o(c_t.l)
    0x000009fc   0x000000a6   Code   RO          251    .text               _strtoul.o(c_t.l)
    0x00000aa2   0x00000002   PAD
    0x00000aa4   0x00000064   Code   RO          253    .text               rt_memcpy_w.o(c_t.l)
    0x00000b08   0x00000060   Code   RO          255    .text               sys_stackheap_outer.o(c_t.l)
    0x00000b68   0x00000004   Ven    RO          260    .text               rt_locale_intlibspace.o(c_t.l)
    0x00000b6c   0x00000010   Code   RO          260    .text               rt_locale_intlibspace.o(c_t.l)
    0x00000b7c   0x00000022   Code   RO          262    .text               _chval.o(c_t.l)
    0x00000b9e   0x0000000c   Code   RO          267    .text               exit.o(c_t.l)
    0x00000baa   0x00000002   PAD
    0x00000bac   0x000000a0   Code   RO          278    .text               strcmp.o(c_t.l)
    0x00000c4c   0x00000018   Code   RO          333    .text               sys_exit.o(c_t.l)
    0x00000c64   0x00000004   Code   RO          344    .text               use_no_semi.o(c_t.l)
    0x00000c68   0x00000088   Code   RO           11    i.GSM_Begin         gsm.o
    0x00000cf0   0x0000003c   Code   RO           12    i.GSM_Calling       gsm.o
    0x00000d2c   0x0000001c   Code   RO           14    i.GSM_HangCall      gsm.o
    0x00000d48   0x00000050   Code   RO           15    i.GSM_Msg_Delete    gsm.o
    0x00000d98   0x00000214   Code   RO           16    i.GSM_Msg_Display   gsm.o
    0x00000fac   0x0000003c   Code   RO           17    i.GSM_Msg_Read      gsm.o
    0x00000fe8   0x000000d8   Code   RO           18    i.GSM_Response      gsm.o
    0x000010c0   0x000000e0   Code   RO           19    i.GSM_Response_Display  gsm.o
    0x000011a0   0x00000170   Code   RO           21    i.GSM_Wait_for_Msg  gsm.o
    0x00001310   0x0000005c   Code   RO           22    i.UART0_Interrupt   gsm.o
    0x0000136c   0x00000050   Code   RO           23    i.UART0_SendString  gsm.o
    0x000013bc   0x0000003c   Code   RO           24    i.UART0_TxChar      gsm.o
    0x000013f8   0x00000048   Code   RO           25    i.UART0_init        gsm.o
    0x00001440   0x00000002   Code   RO          153    i.__ARM_common_call_via_r1  __printf.o(c_t.l)
    0x00001442   0x00000002   Code   RO          151    i.__ARM_common_call_via_r2  __printf.o(c_t.l)
    0x00001444   0x0000003c   Code   RO           26    i.delay_ms          gsm.o
    0x00001480   0x00000144   Code   RO           27    i.main              gsm.o
    0x000015c4   0x00000004   Ven    RO          265    locale$$code        lc_ctype_c.o(c_t.l)
    0x000015c8   0x00000050   Code   RO          265    locale$$code        lc_ctype_c.o(c_t.l)
    0x00001618   0x00000004   Ven    RO          321    x$fpl$fpinit        fpinit.o(fz_ts.l)
    0x0000161c   0x00000004   Code   RO          321    x$fpl$fpinit        fpinit.o(fz_ts.l)
    0x00001620   0x00000020   Data   RO          397    Region$$Table       anon$$obj.o
    0x00001640   0x00000110   Data   RO          264    locale$$data        lc_ctype_c.o(c_t.l)


    Execution Region RW_IRAM1 (Base: 0x40000000, Size: 0x000005e0, Max: 0x00008000, ABSOLUTE)

    Base Addr    Size         Type   Attr      Idx    E Section Name        Object

    0x40000000   0x0000000c   Data   RW           29    .data               gsm.o
    0x4000000c   0x000000ea   Zero   RW           28    .bss                gsm.o
    0x400000f6   0x00000002   PAD
    0x400000f8   0x00000060   Zero   RW          223    .bss                libspace.o(c_t.l)
    0x40000158   0x00000000   Zero   RW            2    HEAP                startup.o
    0x40000158   0x00000488   Zero   RW            1    STACK               startup.o


==============================================================================

Image component sizes


      Code (inc. data)   RO Data    RW Data    ZI Data      Debug   Object Name

      2392        252          0         12        234      12789   gsm.o
       304         60          0          0       1160        516   startup.o

    ----------------------------------------------------------------------
      2696        312         32         12       1396      13305   Object Totals
         0          0         32          0          0          0   (incl. Generated)
         0          0          0          0          2          3   (incl. Padding)

    ----------------------------------------------------------------------

      Code (inc. data)   RO Data    RW Data    ZI Data      Debug   Library Member Name

         8          0          0          0          0         68   __main.o
       124          0          0          0          0        204   __printf.o
        60          8          0          0          0          0   __scatter.o
        40          0          0          0          0          0   __scatter_copy.o
        44          0          0          0          0          0   __scatter_zi.o
        34          0          0          0          0         60   _chval.o
        58          0          0          0          0        108   _printf_char.o
        52          4          0          0          0        100   _printf_char_common.o
         8          0          0          0          0          0   _printf_d.o
       120         18          0          0          0         84   _printf_dec.o
       182          0          0          0          0         92   _printf_intcommon.o
         4          0          0          0          0          0   _printf_percent.o
         8          0          0          0          0          0   _printf_percent_end.o
         8          0          0          0          0          0   _printf_s.o
        88          0          0          0          0         84   _printf_str.o
        10          0          0          0          0         60   _sputc.o
       166          0          0          0          0         96   _strtoul.o
        38          0          0          0          0         84   atoi.o
        12          0          0          0          0         60   exit.o
         8          0          0          0          0         68   fpinit.o
         6          0          0          0          0        132   heapauxi.o
        84          8        272          0          0         92   lc_ctype_c.o
        14          0          0          0          0          0   libinit.o
        30          0          0          0          0          0   libinit2.o
        12          0          0          0          0          0   libshutdown.o
         6          0          0          0          0          0   libshutdown2.o
        12          4          0          0         96         68   libspace.o
        48          4          0          0          0         84   noretval__2sprintf.o
        28          4          0          0          0         84   rt_ctype_table.o
        20          4          0          0          0         68   rt_errno_addr_intlibspace.o
        20          4          0          0          0         68   rt_locale_intlibspace.o
        64          0          0          0          0         68   rt_memclr.o
        84          0          0          0          0         76   rt_memclr_w.o
       212          0          0          0          0         68   rt_memcpy.o
       100          0          0          0          0         80   rt_memcpy_w.o
       212          0          0          0          0         68   rt_memmove.o
       128          0          0          0          0         80   rt_memmove_w.o
         0          0          0          0          0          0   rtentry.o
        44          4          0          0          0          0   rtentry2.o
         8          0          0          0          0          0   rtentry4.o
         4          0          0          0          0          0   rtexit.o
         8          0          0          0          0          0   rtexit2.o
        48          0          0          0          0         68   rtudiv10.o
       160          4          0          0          0         76   strcmp.o
        76          4          0          0          0         76   strlen.o
       160          6          0          0          0         80   strncmp.o
        50          0          0          0          0         76   strstr.o
       116          4          0          0          0         88   strtol.o
        24          8          0          0          0         68   sys_exit.o
        96          0          0          0          0         80   sys_stackheap_outer.o
         4          0          0          0          0         68   use_no_semi.o

    ----------------------------------------------------------------------
      2968         88        272          0         96       2884   Library Totals
        18          0          0          0          0          0   (incl. Padding)

    ----------------------------------------------------------------------

      Code (inc. data)   RO Data    RW Data    ZI Data      Debug   Library Name

      2942         88        272          0         96       2816   c_t.l
         8          0          0          0          0         68   fz_ts.l

    ----------------------------------------------------------------------
      2968         88        272          0         96       2884   Library Totals

    ----------------------------------------------------------------------

==============================================================================


      Code (inc. data)   RO Data    RW Data    ZI Data      Debug   

      5664        400        304         12       1492      14036   Grand Totals
      5664        400        304         12       1492      14036   ELF Image Totals
      5664        400        304         12          0          0   ROM Totals

==============================================================================

    Total RO  Size (Code + RO Data)                 5968 (   5.83kB)
    Total RW  Size (RW Data + ZI Data)              1504 (   1.47kB)
    Total ROM Size (Code + RO Data + RW Data)       5980 (   5.84kB)

==============================================================================

