BL51 BANKED LINKER/LOCATER V6.05                                                        11/15/2008  17:04:13  PAGE 1


BL51 BANKED LINKER/LOCATER V6.05, INVOKED BY:
C:\KEIL\C51\BIN\BL51.EXE STARTUP.obj, MAIN.obj TO BUTTON TEST RAMSIZE (256)


MEMORY MODEL: SMALL


INPUT MODULES INCLUDED:
  STARTUP.obj (?C_STARTUP)
  MAIN.obj (MAIN)


LINK MAP OF MODULE:  BUTTON TEST (?C_STARTUP)


            TYPE    BASE      LENGTH    RELOCATION   SEGMENT NAME
            -----------------------------------------------------

            * * * * * * *   D A T A   M E M O R Y   * * * * * * *
            REG     0000H     0008H     ABSOLUTE     "REG BANK 0"
            IDATA   0008H     0001H     UNIT         ?STACK

            * * * * * * *   C O D E   M E M O R Y   * * * * * * *
            CODE    0000H     0003H     ABSOLUTE     
            CODE    0003H     004BH     UNIT         ?PR?MAIN?MAIN
            CODE    004EH     001DH     UNIT         ?PR?DELAY?MAIN
            CODE    006BH     000CH     UNIT         ?C_C51STARTUP



OVERLAY MAP OF MODULE:   BUTTON TEST (?C_STARTUP)


SEGMENT
  +--> CALLED SEGMENT
---------------------
?C_C51STARTUP
  +--> ?PR?MAIN?MAIN

?PR?MAIN?MAIN
  +--> ?PR?DELAY?MAIN



SYMBOL TABLE OF MODULE:  BUTTON TEST (?C_STARTUP)

  VALUE           TYPE          NAME
  ----------------------------------

  -------         MODULE        ?C_STARTUP
  C:006BH         SEGMENT       ?C_C51STARTUP
  I:0008H         SEGMENT       ?STACK
  C:0000H         PUBLIC        ?C_STARTUP
  D:00E0H         SYMBOL        ACC
  D:00F0H         SYMBOL        B
  D:0083H         SYMBOL        DPH
  D:0082H         SYMBOL        DPL
  N:0000H         SYMBOL        IBPSTACK
BL51 BANKED LINKER/LOCATER V6.05                                                      11/15/2008  17:04:13  PAGE 2


  N:0100H         SYMBOL        IBPSTACKTOP
  N:0080H         SYMBOL        IDATALEN
  C:006EH         SYMBOL        IDATALOOP
  N:0000H         SYMBOL        PBPSTACK
  N:0100H         SYMBOL        PBPSTACKTOP
  N:0000H         SYMBOL        PDATALEN
  N:0000H         SYMBOL        PDATASTART
  N:0000H         SYMBOL        PPAGE
  N:0000H         SYMBOL        PPAGEENABLE
  D:00A0H         SYMBOL        PPAGE_SFR
  D:0081H         SYMBOL        SP
  C:006BH         SYMBOL        STARTUP1
  N:0000H         SYMBOL        XBPSTACK
  N:0000H         SYMBOL        XBPSTACKTOP
  N:0000H         SYMBOL        XDATALEN
  N:0000H         SYMBOL        XDATASTART
  C:0000H         LINE#         126
  C:006BH         LINE#         133
  C:006DH         LINE#         134
  C:006EH         LINE#         135
  C:006FH         LINE#         136
  C:0071H         LINE#         185
  C:0074H         LINE#         196
  -------         ENDMOD        ?C_STARTUP

  -------         MODULE        MAIN
  C:0000H         SYMBOL        _ICE_DUMMY_
  D:00A0H         PUBLIC        P2
  C:004EH         PUBLIC        delay
  C:0003H         PUBLIC        main
  -------         PROC          MAIN
  C:0003H         LINE#         18
  C:0003H         LINE#         19
  C:0003H         LINE#         20
  C:0006H         LINE#         21
  C:0006H         LINE#         22
  C:0006H         LINE#         23
  C:000EH         LINE#         24
  C:000EH         LINE#         25
  C:0014H         LINE#         26
  C:0014H         LINE#         27
  C:0016H         LINE#         28
  C:001EH         LINE#         29
  C:001EH         LINE#         30
  C:0024H         LINE#         31
  C:0024H         LINE#         32
  C:0026H         LINE#         33
  C:002EH         LINE#         34
  C:002EH         LINE#         35
  C:0034H         LINE#         36
  C:0034H         LINE#         37
  C:0036H         LINE#         38
  C:003EH         LINE#         39
  C:003EH         LINE#         40
  C:0046H         LINE#         41
  C:0049H         LINE#         42
  C:0049H         LINE#         44
BL51 BANKED LINKER/LOCATER V6.05                                                      11/15/2008  17:04:13  PAGE 3


  C:004CH         LINE#         45
  -------         ENDPROC       MAIN
  -------         PROC          DELAY
  -------         DO            
  D:0006H         SYMBOL        a
  D:0004H         SYMBOL        b
  -------         ENDDO         
  C:004EH         LINE#         48
  C:004EH         LINE#         49
  C:004EH         LINE#         51
  C:0051H         LINE#         52
  C:0051H         LINE#         53
  C:005FH         LINE#         55
  C:006AH         LINE#         56
  -------         ENDPROC       DELAY
  -------         ENDMOD        MAIN

Program Size: data=9.0 xdata=0 code=119
LINK/LOCATE RUN COMPLETE.  0 WARNING(S),  0 ERROR(S)
