<html>
<body>
<pre>
<h1>µVision Build Log</h1>
<h2>Project:</h2>
C:\Users\Praful\Desktop\ARM7 STICK\collegeARM\PROGRAMS\SWITCHES\SWITCH.uvproj
Project File Date:  09/23/2022

<h2>Output:</h2>
Build target 'Target 1'
assembling Startup.s...
compiling SW.c...
linking...
Program Size: Code=784 RO-data=16 RW-data=0 ZI-data=1256  
FromELF: creating hex file...
"SWITCH.axf" - 0 Error(s), 0 Warning(s).
Build target 'Target 1'
compiling SW.c...
linking...
Program Size: Code=784 RO-data=16 RW-data=0 ZI-data=1256  
FromELF: creating hex file...
"SWITCH.axf" - 0 Error(s), 0 Warning(s).
