C51 COMPILER V8.09   MAIN                                                                  11/15/2008 16:39:38 PAGE 1   


C51 COMPILER V8.09, COMPILATION OF MODULE MAIN
OBJECT MODULE PLACED IN MAIN.OBJ
COMPILER INVOKED BY: C:\Keil\C51\BIN\C51.EXE MAIN.C BROWSE DEBUG OBJECTEXTEND

line level    source

   1                   /****************************************************
   2                 Lesson  : 6
   3                     Neme    : seven segment
   4                     Details : A seven segment display is connected through a 
   5                                           7447 ic which is bcd to 7 segment driver IC.
   6                                           the BCD inputs are connected to port3.4 to
   7                                           port3.7 of the 8051. the table for 1-9 is
   8                                           -----------------------------
   9                                           BCD    |       7 SEGMENT OUTPUT
  10                                           -----------------------------
  11                                           0000   |       0
  12                                           0001   |       1
  13                                           0010   |       2
  14                                           0011   |       3
  15                                           0100   |       4
  16                                           0101   |       5
  17                                           0110   |       6
  18                                           0111   |       7
  19                                           1000   |       8
  20                                           1001   |       9
  21                                           When each button is pressed the display 
  22                                           shows the no of pressed button
  23          ******************************************************/
  24          #include<REG51.H>
  25          //Fuction Prototypes
  26          void delay(void);
  27           
  28          // Program Starts Here
  29          void main()
  30          {
  31   1              P2=0xff;
  32   1              P0=0X00;
  33   1              while(1)
  34   1              {
  35   2                      if((P2 & 0x0f) == 0x0e)
  36   2                      {
  37   3                      P0= 0x10;
  38   3                      delay(); 
  39   3                      }
  40   2                      else if ((P2 & 0x0f) == 0x0d)
  41   2                      {
  42   3                      P0=0x20;
  43   3                      delay();
  44   3                      }
  45   2                      else if ((P2 & 0x0f) == 0x0b)
  46   2                      {
  47   3                      P0=0x30;
  48   3                      delay();
  49   3                      }
  50   2                      else if ((P2 & 0x0f) == 0x07)
  51   2                      {
  52   3                      P0=0x40;
  53   3                      delay();
  54   3                      }
  55   2                      else
C51 COMPILER V8.09   MAIN                                                                  11/15/2008 16:39:38 PAGE 2   

  56   2                      P0=0x00;
  57   2              }
  58   1      }
  59          
  60          void delay(void)
  61          {
  62   1              unsigned int a,b;
  63   1              for(a=0;a<10;a++)
  64   1                      {
  65   2                              for(b=0;b<120;b++)
  66   2                              ;
  67   2                      }
  68   1      }


MODULE INFORMATION:   STATIC OVERLAYABLE
   CODE SIZE        =     95    ----
   CONSTANT SIZE    =   ----    ----
   XDATA SIZE       =   ----    ----
   PDATA SIZE       =   ----    ----
   DATA SIZE        =   ----    ----
   IDATA SIZE       =   ----    ----
   BIT SIZE         =   ----    ----
END OF MODULE INFORMATION.


C51 COMPILATION COMPLETE.  0 WARNING(S),  0 ERROR(S)
