ARM Linker, RVCT4.0 [Build 524] for uVision [Evaluation]

==============================================================================

Section Cross References

    startup.o(STACK) refers (Special) to heapauxi.o(.text) for __use_two_region_memory
    startup.o(HEAP) refers (Special) to heapauxi.o(.text) for __use_two_region_memory
    startup.o(RESET) refers (Special) to heapauxi.o(.text) for __use_two_region_memory
    startup.o(RESET) refers to startup.o(STACK) for Stack_Top
    startup.o(RESET) refers to __main.o(!!!main) for __main
    startup.o(.text) refers (Special) to heapauxi.o(.text) for __use_two_region_memory
    startup.o(.text) refers to startup.o(HEAP) for Heap_Mem
    startup.o(.text) refers to startup.o(STACK) for Stack_Mem
    gps.o(i.UART0_Interrupt) refers (Special) to _printf_d.o(.ARM.Collect$$_printf_percent$$00000009) for _printf_d
    gps.o(i.UART0_Interrupt) refers (Special) to _printf_f.o(.ARM.Collect$$_printf_percent$$00000003) for _printf_f
    gps.o(i.UART0_Interrupt) refers (Special) to printf1.o(x$fpl$printf1) for _printf_fp_dec
    gps.o(i.UART0_Interrupt) refers (Special) to _printf_dec.o(.text) for _printf_int_dec
    gps.o(i.UART0_Interrupt) refers (Special) to _printf_percent.o(.ARM.Collect$$_printf_percent$$00000000) for _printf_percent
    gps.o(i.UART0_Interrupt) refers to gps.o(.data) for GGA_Index
    gps.o(i.UART0_Interrupt) refers to gps.o(.bss) for GGA_Comma_Pointers
    gps.o(i.UART0_SendString) refers (Special) to _printf_d.o(.ARM.Collect$$_printf_percent$$00000009) for _printf_d
    gps.o(i.UART0_SendString) refers (Special) to _printf_f.o(.ARM.Collect$$_printf_percent$$00000003) for _printf_f
    gps.o(i.UART0_SendString) refers (Special) to printf1.o(x$fpl$printf1) for _printf_fp_dec
    gps.o(i.UART0_SendString) refers (Special) to _printf_dec.o(.text) for _printf_int_dec
    gps.o(i.UART0_SendString) refers (Special) to _printf_percent.o(.ARM.Collect$$_printf_percent$$00000000) for _printf_percent
    gps.o(i.UART0_SendString) refers to gps.o(i.UART0_TxChar) for UART0_TxChar
    gps.o(i.UART0_TxChar) refers (Special) to _printf_d.o(.ARM.Collect$$_printf_percent$$00000009) for _printf_d
    gps.o(i.UART0_TxChar) refers (Special) to _printf_f.o(.ARM.Collect$$_printf_percent$$00000003) for _printf_f
    gps.o(i.UART0_TxChar) refers (Special) to printf1.o(x$fpl$printf1) for _printf_fp_dec
    gps.o(i.UART0_TxChar) refers (Special) to _printf_dec.o(.text) for _printf_int_dec
    gps.o(i.UART0_TxChar) refers (Special) to _printf_percent.o(.ARM.Collect$$_printf_percent$$00000000) for _printf_percent
    gps.o(i.UART0_init) refers (Special) to _printf_d.o(.ARM.Collect$$_printf_percent$$00000009) for _printf_d
    gps.o(i.UART0_init) refers (Special) to _printf_f.o(.ARM.Collect$$_printf_percent$$00000003) for _printf_f
    gps.o(i.UART0_init) refers (Special) to printf1.o(x$fpl$printf1) for _printf_fp_dec
    gps.o(i.UART0_init) refers (Special) to _printf_dec.o(.text) for _printf_int_dec
    gps.o(i.UART0_init) refers (Special) to _printf_percent.o(.ARM.Collect$$_printf_percent$$00000000) for _printf_percent
    gps.o(i.delay_ms) refers (Special) to _printf_d.o(.ARM.Collect$$_printf_percent$$00000009) for _printf_d
    gps.o(i.delay_ms) refers (Special) to _printf_f.o(.ARM.Collect$$_printf_percent$$00000003) for _printf_f
    gps.o(i.delay_ms) refers (Special) to printf1.o(x$fpl$printf1) for _printf_fp_dec
    gps.o(i.delay_ms) refers (Special) to _printf_dec.o(.text) for _printf_int_dec
    gps.o(i.delay_ms) refers (Special) to _printf_percent.o(.ARM.Collect$$_printf_percent$$00000000) for _printf_percent
    gps.o(i.get_Altitude) refers (Special) to _printf_d.o(.ARM.Collect$$_printf_percent$$00000009) for _printf_d
    gps.o(i.get_Altitude) refers (Special) to _printf_f.o(.ARM.Collect$$_printf_percent$$00000003) for _printf_f
    gps.o(i.get_Altitude) refers (Special) to printf1.o(x$fpl$printf1) for _printf_fp_dec
    gps.o(i.get_Altitude) refers (Special) to _printf_dec.o(.text) for _printf_int_dec
    gps.o(i.get_Altitude) refers (Special) to _printf_percent.o(.ARM.Collect$$_printf_percent$$00000000) for _printf_percent
    gps.o(i.get_Altitude) refers to gps.o(.bss) for GGA_String
    gps.o(i.get_Altitude) refers to gps.o(.data) for Altitude_Buffer
    gps.o(i.get_Latitude) refers (Special) to _printf_d.o(.ARM.Collect$$_printf_percent$$00000009) for _printf_d
    gps.o(i.get_Latitude) refers (Special) to _printf_f.o(.ARM.Collect$$_printf_percent$$00000003) for _printf_f
    gps.o(i.get_Latitude) refers (Special) to printf1.o(x$fpl$printf1) for _printf_fp_dec
    gps.o(i.get_Latitude) refers (Special) to _printf_dec.o(.text) for _printf_int_dec
    gps.o(i.get_Latitude) refers (Special) to _printf_percent.o(.ARM.Collect$$_printf_percent$$00000000) for _printf_percent
    gps.o(i.get_Latitude) refers to atof.o(i.atof) for atof
    gps.o(i.get_Latitude) refers to d2f.o(x$fpl$d2f) for __aeabi_d2f
[...]
    Adding AT veneer (12 bytes, Long) for call to '_scanf_really_real' from scanf1.o(x$fpl$scanf1).
    Adding TA veneer (4 bytes, Inline) for call to '__ARM_common_ll_mullu' from scanf_fp.o(.text).
    Adding TA veneer (4 bytes, Inline) for call to '__ARM_fpclassify' from _printf_fp_dec.o(.text).
    Adding TA veneer (4 bytes, Inline) for call to '__mathlib_narrow' from scanf_fp.o(.text).
    Adding TA veneer (4 bytes, Inline) for call to '__support_ldexp' from scanf_hexfp.o(.text).
    Adding TA veneer (4 bytes, Inline) for call to '_get_lc_numeric' from libinit2.o(.ARM.Collect$$libinit$$00000012).
    Adding TA veneer (4 bytes, Inline) for call to '_get_lc_ctype' from libinit2.o(.ARM.Collect$$libinit$$0000000E).
    Adding TA veneer (4 bytes, Inline) for call to '_fp_init' from libinit.o(.ARM.Collect$$libinit$$00000000).
    Adding TA veneer (4 bytes, Inline) for call to '__ieee_status' from _printf_fp_dec.o(.text).
    Adding TA veneer (4 bytes, Inline) for call to '_scanf_real' from strtod.o(.text).
    Adding TA veneer (4 bytes, Inline) for call to '_scanf_hex_real' from scanf_fp.o(.text).

37 Veneer(s) (total 212 bytes) added to the image.

==============================================================================

Image Symbol Table

    Local Symbols

    Symbol Name                              Value     Ov Type        Size  Object(Section)

    RESET                                    0x00000000   Section      272  startup.o(RESET)
    ../../angel/boardlib.s                   0x00000000   Number         0  boardshut.o ABSOLUTE
    ../../angel/boardlib.s                   0x00000000   Number         0  boardinit2.o ABSOLUTE
    ../../angel/boardlib.s                   0x00000000   Number         0  boardinit3.o ABSOLUTE
    ../../angel/boardlib.s                   0x00000000   Number         0  boardinit1.o ABSOLUTE
    ../../angel/handlers.s                   0x00000000   Number         0  __scatter_zi.o ABSOLUTE
    ../../angel/handlers.s                   0x00000000   Number         0  __scatter_copy.o ABSOLUTE
    ../../angel/kernel.s                     0x00000000   Number         0  rtexit2.o ABSOLUTE
    ../../angel/kernel.s                     0x00000000   Number         0  rtexit.o ABSOLUTE
    ../../angel/kernel.s                     0x00000000   Number         0  rtentry.o ABSOLUTE
    ../../angel/kernel.s                     0x00000000   Number         0  rtentry4.o ABSOLUTE
    ../../angel/kernel.s                     0x00000000   Number         0  rtentry2.o ABSOLUTE
    ../../angel/rt.s                         0x00000000   Number         0  aeabi_idiv0_sigfpe.o ABSOLUTE
    ../../angel/rt.s                         0x00000000   Number         0  rt_locale.o ABSOLUTE
    ../../angel/rt.s                         0x00000000   Number         0  rt_locale_intlibspace.o ABSOLUTE
    ../../angel/rt.s                         0x00000000   Number         0  rt_errno_addr_intlibspace.o ABSOLUTE
    ../../angel/rt.s                         0x00000000   Number         0  rt_ctype_table.o ABSOLUTE
    ../../angel/rt.s                         0x00000000   Number         0  rt_raise.o ABSOLUTE
    ../../angel/rt.s                         0x00000000   Number         0  rt_errno_addr.o ABSOLUTE
    ../../angel/rt.s                         0x00000000   Number         0  rt_div0.o ABSOLUTE
    ../../angel/rt.s                         0x00000000   Number         0  aeabi_idiv0.o ABSOLUTE
    ../../angel/scatter.s                    0x00000000   Number         0  __scatter.o ABSOLUTE
    ../../angel/startup.s                    0x00000000   Number         0  __main.o ABSOLUTE
    ../../angel/sys.s                        0x00000000   Number         0  sys_stackheap_outer.o ABSOLUTE
    ../../angel/sys.s                        0x00000000   Number         0  libspace.o ABSOLUTE
    ../../angel/sys.s                        0x00000000   Number         0  use_no_semi.o ABSOLUTE
    ../../angel/sys.s                        0x00000000   Number         0  sys_exit.o ABSOLUTE
    ../../angel/sysapp.c                     0x00000000   Number         0  sys_wrch.o ABSOLUTE
    ../../angel/sysapp.c                     0x00000000   Number         0  sys_command.o ABSOLUTE
    ../../armsys.c                           0x00000000   Number         0  argv_veneer.o ABSOLUTE
    ../../armsys.c                           0x00000000   Number         0  argv_veneer.o ABSOLUTE
    ../../armsys.c                           0x00000000   Number         0  _get_argv_nomalloc.o ABSOLUTE
    ../../armsys.c                           0x00000000   Number         0  no_argv.o ABSOLUTE
    ../../atof.c                             0x00000000   Number         0  atof.o ABSOLUTE
    ../../bigflt.c                           0x00000000   Number         0  bigflt0.o ABSOLUTE
    ../../btod.s                             0x00000000   Number         0  btod.o ABSOLUTE
    ../../ctype.c                            0x00000000   Number         0  isspace.o ABSOLUTE
    ../../d2f.s                              0x00000000   Number         0  d2f.o ABSOLUTE
    ../../dcheck.s                           0x00000000   Number         0  dcheck.o ABSOLUTE
    ../../dcheck1.s                          0x00000000   Number         0  dcheck1.o ABSOLUTE
    ../../dcmpin.s                           0x00000000   Number         0  dcmpin.o ABSOLUTE
    ../../ddiv.s                             0x00000000   Number         0  ddiv.o ABSOLUTE
    ../../deqf.s                             0x00000000   Number         0  deqf.o ABSOLUTE
    ../../dflt.s                             0x00000000   Number         0  dflt_noclz.o ABSOLUTE
    ../../division.s                         0x00000000   Number         0  aeabi_sdiv.o ABSOLUTE
    ../../division.s                         0x00000000   Number         0  rtudiv10.o ABSOLUTE
    ../../division.s                         0x00000000   Number         0  aeabi_sdiv_div0.o ABSOLUTE
    ../../divrt.s                            0x00000000   Number         0  divrt_7tdmi.o ABSOLUTE
    ../../divrt.s                            0x00000000   Number         0  divrt_7tdmi_div0.o ABSOLUTE
    ../../drleqf.s                           0x00000000   Number         0  drleqf.o ABSOLUTE
    ../../dunder.s                           0x00000000   Number         0  dunder.o ABSOLUTE
    ../../f2d.s                              0x00000000   Number         0  f2d.o ABSOLUTE
    ../../faddsub.s                          0x00000000   Number         0  faddsub_noclz.o ABSOLUTE
    ../../fcheck.s                           0x00000000   Number         0  fcheck.o ABSOLUTE
    ../../fcheck1.s                          0x00000000   Number         0  fcheck1.o ABSOLUTE
    ../../fdiv.s                             0x00000000   Number         0  fdiv.o ABSOLUTE
    ../../fenv.c                             0x00000000   Number         0  _rserrno.o ABSOLUTE
    ../../ffix.s                             0x00000000   Number         0  ffix.o ABSOLUTE
    ../../fflt.s                             0x00000000   Number         0  fflt_noclz.o ABSOLUTE
    ../../fnorm2.s                           0x00000000   Number         0  fnorm2_noclz.o ABSOLUTE
    ../../fpclassify.c                       0x00000000   Number         0  fpclassify.o ABSOLUTE
    ../../fpconst.s                          0x00000000   Number         0  fpconst.o ABSOLUTE
    ../../fpinit.s                           0x00000000   Number         0  fpinit.o ABSOLUTE
    ../../frexp.c                            0x00000000   Number         0  frexp.o ABSOLUTE
    ../../funder.s                           0x00000000   Number         0  funder.o ABSOLUTE
    ../../heapalloc.c                        0x00000000   Number         0  hrguard.o ABSOLUTE
    ../../heapaux.c                          0x00000000   Number         0  heapauxi.o ABSOLUTE
    ../../istatus.s                          0x00000000   Number         0  istatus.o ABSOLUTE
    ../../ldexp.c                            0x00000000   Number         0  ldexp.o ABSOLUTE
    ../../libinit.s                          0x00000000   Number         0  libshutdown.o ABSOLUTE
    ../../libinit.s                          0x00000000   Number         0  libinit.o ABSOLUTE
    ../../libinit.s                          0x00000000   Number         0  libshutdown2.o ABSOLUTE
    ../../libinit.s                          0x00000000   Number         0  libinit2.o ABSOLUTE
    ../../locale.s                           0x00000000   Number         0  lc_ctype_c.o ABSOLUTE
    ../../locale.s                           0x00000000   Number         0  lc_numeric_c.o ABSOLUTE
    ../../longlong.s                         0x00000000   Number         0  lludiv10.o ABSOLUTE
    ../../longlong.s                         0x00000000   Number         0  llshl.o ABSOLUTE
    ../../longlong.s                         0x00000000   Number         0  llmul.o ABSOLUTE
    ../../memcpset.s                         0x00000000   Number         0  rt_memclr.o ABSOLUTE
    ../../memcpset.s                         0x00000000   Number         0  strcmp.o ABSOLUTE
    ../../memcpset.s                         0x00000000   Number         0  rt_memclr_w.o ABSOLUTE
    ../../narrow.c                           0x00000000   Number         0  narrow.o ABSOLUTE
    ../../printf.c                           0x00000000   Number         0  __2sprintf.o ABSOLUTE
    ../../printf.c                           0x00000000   Number         0  noretval__2sprintf.o ABSOLUTE
    ../../printf.c                           0x00000000   Number         0  __printf_nopercent.o ABSOLUTE
    ../../printf.c                           0x00000000   Number         0  __printf.o ABSOLUTE
    ../../printf.c                           0x00000000   Number         0  _printf_dec.o ABSOLUTE
    ../../printf.c                           0x00000000   Number         0  __printf_flags.o ABSOLUTE
    ../../printf.c                           0x00000000   Number         0  __printf_ss.o ABSOLUTE
    ../../printf.c                           0x00000000   Number         0  __printf_flags_ss.o ABSOLUTE
    ../../printf.c                           0x00000000   Number         0  __printf_wp.o ABSOLUTE
    ../../printf.c                           0x00000000   Number         0  __printf_flags_wp.o ABSOLUTE
    ../../printf.c                           0x00000000   Number         0  _printf_char_common.o ABSOLUTE
    ../../printf.c                           0x00000000   Number         0  _sputc.o ABSOLUTE
    ../../printf.c                           0x00000000   Number         0  __printf_ss_wp.o ABSOLUTE
    ../../printf.c                           0x00000000   Number         0  _printf_intcommon.o ABSOLUTE
    ../../printf.c                           0x00000000   Number         0  _printf_fp_dec.o ABSOLUTE
    ../../printf.c                           0x00000000   Number         0  _printf_fp_infnan.o ABSOLUTE
    ../../printf.c                           0x00000000   Number         0  __printf_flags_ss_wp.o ABSOLUTE
    ../../printf1.s                          0x00000000   Number         0  printf1.o ABSOLUTE
    ../../printf_percent.s                   0x00000000   Number         0  _printf_d.o ABSOLUTE
    ../../printf_percent.s                   0x00000000   Number         0  _printf_f.o ABSOLUTE
    ../../printf_percent.s                   0x00000000   Number         0  _printf_percent_end.o ABSOLUTE
    ../../printf_percent.s                   0x00000000   Number         0  _printf_percent.o ABSOLUTE
    ../../qnan.c                             0x00000000   Number         0  qnan.o ABSOLUTE
    ../../retnan.s                           0x00000000   Number         0  retnan.o ABSOLUTE
    ../../scalbn.s                           0x00000000   Number         0  scalbn.o ABSOLUTE
    ../../scanf.c                            0x00000000   Number         0  scanf_fp.o ABSOLUTE
    ../../scanf.c                            0x00000000   Number         0  _sgetc.o ABSOLUTE
    ../../scanf.c                            0x00000000   Number         0  strtod.o ABSOLUTE
    ../../scanf.c                            0x00000000   Number         0  scanf_infnan.o ABSOLUTE
    ../../scanf.c                            0x00000000   Number         0  strtol.o ABSOLUTE
    ../../scanf.c                            0x00000000   Number         0  _strtoul.o ABSOLUTE
    ../../scanf.c                            0x00000000   Number         0  scanf_hexfp.o ABSOLUTE
    ../../scanf.c                            0x00000000   Number         0  atol.o ABSOLUTE
    ../../scanf.c                            0x00000000   Number         0  _chval.o ABSOLUTE
    ../../scanf1.s                           0x00000000   Number         0  scanf1.o ABSOLUTE
    ../../scanf2.s                           0x00000000   Number         0  scanf2.o ABSOLUTE
    ../../scanf2a.s                          0x00000000   Number         0  scanf2a.o ABSOLUTE
    ../../scanf2b.s                          0x00000000   Number         0  scanf2b.o ABSOLUTE
    ../../signal.c                           0x00000000   Number         0  defsig_cppl_inner.o ABSOLUTE
    ../../signal.c                           0x00000000   Number         0  defsig_exit.o ABSOLUTE
    ../../signal.c                           0x00000000   Number         0  defsig_pvfn_inner.o ABSOLUTE
    ../../signal.c                           0x00000000   Number         0  defsig_stak_inner.o ABSOLUTE
    ../../signal.c                           0x00000000   Number         0  __raise.o ABSOLUTE
    ../../signal.c                           0x00000000   Number         0  defsig_other.o ABSOLUTE
    ../../signal.c                           0x00000000   Number         0  defsig_rtmem_inner.o ABSOLUTE
    ../../signal.c                           0x00000000   Number         0  defsig_general.o ABSOLUTE
    ../../signal.c                           0x00000000   Number         0  defsig_rtred_inner.o ABSOLUTE
    ../../signal.c                           0x00000000   Number         0  defsig_abrt_inner.o ABSOLUTE
    ../../signal.c                           0x00000000   Number         0  defsig_rtmem_formal.o ABSOLUTE
    ../../signal.c                           0x00000000   Number         0  defsig_rtmem_outer.o ABSOLUTE
    ../../signal.c                           0x00000000   Number         0  defsig_fpe_formal.o ABSOLUTE
    ../../signal.c                           0x00000000   Number         0  defsig_fpe_outer.o ABSOLUTE
    ../../signal.c                           0x00000000   Number         0  defsig_segv_inner.o ABSOLUTE
    ../../signal.c                           0x00000000   Number         0  defsig_fpe_inner.o ABSOLUTE
    ../../signal.s                           0x00000000   Number         0  defsig.o ABSOLUTE
    ../../stdlib.c                           0x00000000   Number         0  exit.o ABSOLUTE
    ../../trapv.s                            0x00000000   Number         0  trapv.o ABSOLUTE
    ../../usenofp.s                          0x00000000   Number         0  usenofp.o ABSOLUTE
    GPS.c                                    0x00000000   Number         0  gps.o ABSOLUTE
    Startup.s                                0x00000000   Number         0  startup.o ABSOLUTE
    dc.s                                     0x00000000   Number         0  dc.o ABSOLUTE
    Undef_Handler                            0x00000040   ARM Code       4  startup.o(RESET)
    SWI_Handler                              0x00000044   ARM Code       4  startup.o(RESET)
    PAbt_Handler                             0x00000048   ARM Code       4  startup.o(RESET)
    DAbt_Handler                             0x0000004c   ARM Code       4  startup.o(RESET)
    IRQ_Handler                              0x00000050   ARM Code       4  startup.o(RESET)
    FIQ_Handler                              0x00000054   ARM Code       4  startup.o(RESET)
    !!!main                                  0x00000110   Section        8  __main.o(!!!main)
    !!!scatter                               0x00000118   Section       60  __scatter.o(!!!scatter)
    !!handler_copy                           0x00000154   Section       40  __scatter_copy.o(!!handler_copy)
    !!handler_zi                             0x0000017c   Section       44  __scatter_zi.o(!!handler_zi)
    .ARM.Collect$$_printf_percent$$00000000  0x000001ac   Section        0  _printf_percent.o(.ARM.Collect$$_printf_percent$$00000000)
    .ARM.Collect$$_printf_percent$$00000003  0x000001ac   Section        8  _printf_f.o(.ARM.Collect$$_printf_percent$$00000003)
    .ARM.Collect$$_printf_percent$$00000009  0x000001b4   Section        8  _printf_d.o(.ARM.Collect$$_printf_percent$$00000009)
    .ARM.Collect$$_printf_percent$$00000017  0x000001bc   Section        8  _printf_percent_end.o(.ARM.Collect$$_printf_percent$$00000017)
    .ARM.Collect$$libinit$$00000000          0x000001cc   Section        6  libinit.o(.ARM.Collect$$libinit$$00000000)
    .ARM.Collect$$libinit$$00000006          0x000001d2   Section        0  libinit2.o(.ARM.Collect$$libinit$$00000006)
    .ARM.Collect$$libinit$$00000008          0x000001d2   Section        0  libinit2.o(.ARM.Collect$$libinit$$00000008)
    .ARM.Collect$$libinit$$0000000A          0x000001d2   Section        0  libinit2.o(.ARM.Collect$$libinit$$0000000A)
    .ARM.Collect$$libinit$$0000000B          0x000001d2   Section        6  libinit2.o(.ARM.Collect$$libinit$$0000000B)
    .ARM.Collect$$libinit$$0000000D          0x000001d8   Section        0  libinit2.o(.ARM.Collect$$libinit$$0000000D)
    .ARM.Collect$$libinit$$0000000E          0x000001d8   Section       12  libinit2.o(.ARM.Collect$$libinit$$0000000E)
    .ARM.Collect$$libinit$$0000000F          0x000001e4   Section        0  libinit2.o(.ARM.Collect$$libinit$$0000000F)
    .ARM.Collect$$libinit$$00000011          0x000001e4   Section        0  libinit2.o(.ARM.Collect$$libinit$$00000011)
    .ARM.Collect$$libinit$$00000012          0x000001e4   Section       10  libinit2.o(.ARM.Collect$$libinit$$00000012)
    .ARM.Collect$$libinit$$00000013          0x000001ee   Section        0  libinit2.o(.ARM.Collect$$libinit$$00000013)
    .ARM.Collect$$libinit$$00000015          0x000001ee   Section        0  libinit2.o(.ARM.Collect$$libinit$$00000015)
    .ARM.Collect$$libinit$$00000017          0x000001ee   Section        0  libinit2.o(.ARM.Collect$$libinit$$00000017)
    .ARM.Collect$$libinit$$00000019          0x000001ee   Section        0  libinit2.o(.ARM.Collect$$libinit$$00000019)
    .ARM.Collect$$libinit$$0000001B          0x000001ee   Section        0  libinit2.o(.ARM.Collect$$libinit$$0000001B)
    .ARM.Collect$$libinit$$0000001D          0x000001ee   Section        0  libinit2.o(.ARM.Collect$$libinit$$0000001D)
    .ARM.Collect$$libinit$$0000001F          0x000001ee   Section        0  libinit2.o(.ARM.Collect$$libinit$$0000001F)
    .ARM.Collect$$libinit$$00000021          0x000001ee   Section        0  libinit2.o(.ARM.Collect$$libinit$$00000021)
    .ARM.Collect$$libinit$$00000028          0x000001ee   Section        0  libinit2.o(.ARM.Collect$$libinit$$00000028)
    .ARM.Collect$$libinit$$0000002A          0x000001ee   Section        0  libinit2.o(.ARM.Collect$$libinit$$0000002A)
    .ARM.Collect$$libinit$$0000002C          0x000001ee   Section        0  libinit2.o(.ARM.Collect$$libinit$$0000002C)
    .ARM.Collect$$libinit$$0000002E          0x000001ee   Section        0  libinit2.o(.ARM.Collect$$libinit$$0000002E)
    .ARM.Collect$$libinit$$0000002F          0x000001ee   Section       12  libinit2.o(.ARM.Collect$$libinit$$0000002F)
    .ARM.Collect$$libshutdown$$00000000      0x00000204   Section        4  libshutdown.o(.ARM.Collect$$libshutdown$$00000000)
    .ARM.Collect$$libshutdown$$00000003      0x00000208   Section        0  libshutdown2.o(.ARM.Collect$$libshutdown$$00000003)
    .ARM.Collect$$libshutdown$$00000006      0x00000208   Section        0  libshutdown2.o(.ARM.Collect$$libshutdown$$00000006)
    .ARM.Collect$$libshutdown$$00000009      0x00000208   Section        0  libshutdown2.o(.ARM.Collect$$libshutdown$$00000009)
    .ARM.Collect$$libshutdown$$0000000B      0x00000208   Section        0  libshutdown2.o(.ARM.Collect$$libshutdown$$0000000B)
    .ARM.Collect$$libshutdown$$0000000E      0x00000208   Section        0  libshutdown2.o(.ARM.Collect$$libshutdown$$0000000E)
    .ARM.Collect$$libshutdown$$0000000F      0x00000208   Section        6  libshutdown2.o(.ARM.Collect$$libshutdown$$0000000F)
    .ARM.Collect$$rtentry$$00000000          0x00000210   Section        0  rtentry.o(.ARM.Collect$$rtentry$$00000000)
    .ARM.Collect$$rtentry$$00000002          0x00000210   Section        0  rtentry2.o(.ARM.Collect$$rtentry$$00000002)
    .ARM.Collect$$rtentry$$00000004          0x00000210   Section        8  rtentry4.o(.ARM.Collect$$rtentry$$00000004)
    .ARM.Collect$$rtentry$$00000009          0x00000218   Section        0  rtentry2.o(.ARM.Collect$$rtentry$$00000009)
    .ARM.Collect$$rtentry$$0000000A          0x00000218   Section        4  rtentry2.o(.ARM.Collect$$rtentry$$0000000A)
    .ARM.Collect$$rtentry$$0000000C          0x0000021c   Section        0  rtentry2.o(.ARM.Collect$$rtentry$$0000000C)
    .ARM.Collect$$rtentry$$0000000D          0x0000021c   Section       40  rtentry2.o(.ARM.Collect$$rtentry$$0000000D)
    .ARM.Collect$$rtexit$$00000000           0x00000248   Section        0  rtexit.o(.ARM.Collect$$rtexit$$00000000)
    .ARM.Collect$$rtexit$$00000002           0x00000248   Section        0  rtexit2.o(.ARM.Collect$$rtexit$$00000002)
    .ARM.Collect$$rtexit$$00000003           0x00000248   Section        4  rtexit2.o(.ARM.Collect$$rtexit$$00000003)
    .ARM.Collect$$rtexit$$00000004           0x0000024c   Section        4  rtexit2.o(.ARM.Collect$$rtexit$$00000004)
    .text                                    0x00000250   Section       32  startup.o(.text)
    .text                                    0x00000278   Section       40  noretval__2sprintf.o(.text)
    .text                                    0x000002a0   Section      120  __printf.o(.text)
    .text                                    0x00000320   Section      112  _printf_dec.o(.text)
    .text                                    0x00000398   Section       30  atol.o(.text)
    .text                                    0x000003b8   Section       64  rt_memclr.o(.text)
    .text                                    0x000003fc   Section      384  aeabi_sdiv.o(.text)
    __arm_div8                               0x00000428   ARM Code       0  aeabi_sdiv.o(.text)
    __arm_div4                               0x00000458   ARM Code       0  aeabi_sdiv.o(.text)
    __arm_div_large                          0x000004ac   ARM Code       0  aeabi_sdiv.o(.text)
    .text                                    0x0000057c   Section        6  heapauxi.o(.text)
    .text                                    0x00000588   Section       16  rt_errno_addr_intlibspace.o(.text)
    .text                                    0x000005a0   Section       26  _rserrno.o(.text)
    .text                                    0x000005ba   Section      182  _printf_intcommon.o(.text)
    .text                                    0x00000670   Section     1112  _printf_fp_dec.o(.text)
    _fp_digits                               0x00000673   Thumb Code   482  _printf_fp_dec.o(.text)
    .text                                    0x00000ac8   Section       52  _printf_char_common.o(.text)
    _printf_input_char                       0x00000ac9   Thumb Code    10  _printf_char_common.o(.text)
    .text                                    0x00000afc   Section       10  _sputc.o(.text)
    .text                                    0x00000b10   Section      172  strtod.o(.text)
    _local_sscanf                            0x00000b11   Thumb Code    60  strtod.o(.text)
    .text                                    0x00000bbc   Section      116  strtol.o(.text)
    .text                                    0x00000c30   Section       84  rt_memclr_w.o(.text)
    .text                                    0x00000c88   Section       44  rtudiv10.o(.text)
    .text                                    0x00000cb4   Section       12  libspace.o(.text)
    .text                                    0x00000cc4   Section       24  rt_ctype_table.o(.text)
    .text                                    0x00000ce0   Section       16  rt_locale_intlibspace.o(.text)
    .text                                    0x00000cf4   Section      160  lludiv10.o(.text)
    .text                                    0x00000d94   Section       22  isspace.o(.text)
    .text                                    0x00000dac   Section      140  _printf_fp_infnan.o(.text)
    .text                                    0x00000e38   Section       70  _sgetc.o(.text)
    .text                                    0x00000e7e   Section      166  _strtoul.o(.text)
    .text                                    0x00000f24   Section      200  bigflt0.o(.text)
    .text                                    0x00000fec   Section       96  sys_stackheap_outer.o(.text)
    .text                                    0x0000104c   Section       34  _chval.o(.text)
    .text                                    0x00001070   Section     1248  scanf_fp.o(.text)
    _fp_value                                0x00001071   Thumb Code   534  scanf_fp.o(.text)
    .text                                    0x00001550   Section       12  exit.o(.text)
    .text                                    0x0000155c   Section      160  strcmp.o(.text)
    .text                                    0x000015fc   Section       28  llmul.o(.text)
    .text                                    0x00001618   Section       24  sys_exit.o(.text)
    .text                                    0x00001638   Section      868  scanf_hexfp.o(.text)
    .text                                    0x000019a4   Section      332  scanf_infnan.o(.text)
    .text                                    0x00001af0   Section        4  use_no_semi.o(.text)
    .text                                    0x00001af8   Section       40  llshl.o(.text)
    .text_udiv                               0x00001b20   Section       28  aeabi_sdiv.o(.text_udiv)
    CL$$btod_d2e                             0x00001b40   Section       56  btod.o(CL$$btod_d2e)
    CL$$btod_d2e_denorm_low                  0x00001b78   Section       84  btod.o(CL$$btod_d2e_denorm_low)
    CL$$btod_d2e_norm_op1                    0x00001bcc   Section      104  btod.o(CL$$btod_d2e_norm_op1)
    CL$$btod_div_common                      0x00001c34   Section      844  btod.o(CL$$btod_div_common)
    CL$$btod_e2d                             0x00001f80   Section      100  btod.o(CL$$btod_e2d)
    CL$$btod_e2e                             0x00001fe4   Section      220  btod.o(CL$$btod_e2e)
    CL$$btod_ediv                            0x000020c4   Section       52  btod.o(CL$$btod_ediv)
    CL$$btod_edivd                           0x000020fc   Section       52  btod.o(CL$$btod_edivd)
    CL$$btod_emul                            0x00002134   Section       52  btod.o(CL$$btod_emul)
    CL$$btod_emuld                           0x0000216c   Section       52  btod.o(CL$$btod_emuld)
    CL$$btod_mult_common                     0x000021a0   Section      616  btod.o(CL$$btod_mult_common)
    i.UART0_Interrupt                        0x00002434   Section      320  gps.o(i.UART0_Interrupt)
    i.UART0_SendString                       0x00002574   Section       80  gps.o(i.UART0_SendString)
    i.UART0_TxChar                           0x000025c4   Section       60  gps.o(i.UART0_TxChar)
    i.UART0_init                             0x00002600   Section       72  gps.o(i.UART0_init)
    i.__ARM_common_call_via_r1               0x00002648   Section        2  __printf.o(i.__ARM_common_call_via_r1)
    i.__ARM_common_call_via_r2               0x0000264a   Section        2  __printf.o(i.__ARM_common_call_via_r2)
    i.__ARM_common_ll_mullu                  0x00002650   Section        8  scanf_fp.o(i.__ARM_common_ll_mullu)
    i.__ARM_fpclassify                       0x0000265c   Section       48  fpclassify.o(i.__ARM_fpclassify)
    i.__ARM_isfinite                         0x0000268c   Section       28  ldexp.o(i.__ARM_isfinite)
    i.__mathlib_narrow                       0x000026ac   Section       36  narrow.o(i.__mathlib_narrow)
    i.__mathlib_tofloat                      0x000026d0   Section      228  narrow.o(i.__mathlib_tofloat)
    i.__support_ldexp                        0x000027b8   Section       32  ldexp.o(i.__support_ldexp)
    i.atof                                   0x000027d8   Section       80  atof.o(i.atof)
    i.delay_ms                               0x00002828   Section       60  gps.o(i.delay_ms)
    i.frexp                                  0x00002864   Section      116  frexp.o(i.frexp)
    i.get_Altitude                           0x000028d8   Section      104  gps.o(i.get_Altitude)
    i.get_Latitude                           0x00002940   Section      308  gps.o(i.get_Latitude)
    i.get_Longitude                          0x00002a74   Section      308  gps.o(i.get_Longitude)
    i.get_Time                               0x00002ba8   Section      252  gps.o(i.get_Time)
    i.ldexp                                  0x00002ca4   Section      240  ldexp.o(i.ldexp)
    i.main                                   0x00002d94   Section      440  gps.o(i.main)
    locale$$code                             0x00002f50   Section       80  lc_numeric_c.o(locale$$code)
    locale$$code                             0x00002fa4   Section       80  lc_ctype_c.o(locale$$code)
    x$fpl$d2f                                0x00002ff4   Section      172  d2f.o(x$fpl$d2f)
    x$fpl$dcheck                             0x000030a0   Section       16  dcheck.o(x$fpl$dcheck)
    x$fpl$dcheck1                            0x000030b0   Section       16  dcheck1.o(x$fpl$dcheck1)
    x$fpl$dcmpinfnan                         0x000030c0   Section      128  dcmpin.o(x$fpl$dcmpinfnan)
    x$fpl$ddiv                               0x00003140   Section     1116  ddiv.o(x$fpl$ddiv)
    ddiv_entry                               0x00003144   ARM Code       0  ddiv.o(x$fpl$ddiv)
    x$fpl$deqf                               0x0000359c   Section      136  deqf.o(x$fpl$deqf)
    x$fpl$dflt                               0x00003624   Section       88  dflt_noclz.o(x$fpl$dflt)
    x$fpl$drleqf                             0x0000367c   Section      160  drleqf.o(x$fpl$drleqf)
    x$fpl$dunder                             0x0000371c   Section      280  dunder.o(x$fpl$dunder)
    x$fpl$f2d                                0x00003834   Section      100  f2d.o(x$fpl$f2d)
    x$fpl$fadd                               0x00003898   Section      264  faddsub_noclz.o(x$fpl$fadd)
    _fadd1                                   0x000038a4   ARM Code       0  faddsub_noclz.o(x$fpl$fadd)
    x$fpl$fcheck                             0x000039a0   Section       12  fcheck.o(x$fpl$fcheck)
    x$fpl$fcheck1                            0x000039ac   Section       12  fcheck1.o(x$fpl$fcheck1)
    x$fpl$fdiv                               0x000039b8   Section      484  fdiv.o(x$fpl$fdiv)
    _fdiv1                                   0x000039b8   ARM Code       0  fdiv.o(x$fpl$fdiv)
    x$fpl$ffix                               0x00003b9c   Section      116  ffix.o(x$fpl$ffix)
    x$fpl$fflt                               0x00003c10   Section       92  fflt_noclz.o(x$fpl$fflt)
    x$fpl$fnorm2                             0x00003c6c   Section      148  fnorm2_noclz.o(x$fpl$fnorm2)
    x$fpl$fpinit                             0x00003d04   Section        4  fpinit.o(x$fpl$fpinit)
    x$fpl$frsb                               0x00003d08   Section       20  faddsub_noclz.o(x$fpl$frsb)
    x$fpl$fsub                               0x00003d1c   Section      360  faddsub_noclz.o(x$fpl$fsub)
    _fsub1                                   0x00003d28   ARM Code       0  faddsub_noclz.o(x$fpl$fsub)
    x$fpl$funder                             0x00003e84   Section      148  funder.o(x$fpl$funder)
    x$fpl$ieeestatus                         0x00003f1c   Section        8  istatus.o(x$fpl$ieeestatus)
    x$fpl$printf1                            0x00003f24   Section        4  printf1.o(x$fpl$printf1)
    x$fpl$retnan                             0x00003f28   Section      116  retnan.o(x$fpl$retnan)
    x$fpl$scalbn                             0x00003f9c   Section      108  scalbn.o(x$fpl$scalbn)
    x$fpl$scanf1                             0x0000400c   Section        4  scanf1.o(x$fpl$scanf1)
    x$fpl$scanf2                             0x00004014   Section        8  scanf2.o(x$fpl$scanf2)
    x$fpl$trapveneer                         0x0000401c   Section       60  trapv.o(x$fpl$trapveneer)
    .constdata                               0x00004058   Section      148  bigflt0.o(.constdata)
    x$fpl$usenofp                            0x00004058   Section        0  usenofp.o(x$fpl$usenofp)
    tenpwrs_x                                0x00004058   Data          60  bigflt0.o(.constdata)
    tenpwrs_i                                0x00004094   Data          64  bigflt0.o(.constdata)
    .constdata                               0x000040f0   Section        8  qnan.o(.constdata)
    c$$dinf                                  0x00004118   Section        8  fpconst.o(c$$dinf)
    locale$$data                             0x00004120   Section       28  lc_numeric_c.o(locale$$data)
    __lcnum_c_name                           0x00004124   Data           2  lc_numeric_c.o(locale$$data)
    __lcnum_c_start                          0x0000412c   Data           0  lc_numeric_c.o(locale$$data)
    __lcnum_c_point                          0x00004138   Data           0  lc_numeric_c.o(locale$$data)
    __lcnum_c_thousands                      0x0000413a   Data           0  lc_numeric_c.o(locale$$data)
    __lcnum_c_grouping                       0x0000413b   Data           0  lc_numeric_c.o(locale$$data)
    locale$$data                             0x0000413c   Section      272  lc_ctype_c.o(locale$$data)
    __lcnum_c_end                            0x0000413c   Data           0  lc_numeric_c.o(locale$$data)
    __lcctype_c_name                         0x00004140   Data           2  lc_ctype_c.o(locale$$data)
    __lcctype_c_start                        0x00004148   Data           0  lc_ctype_c.o(locale$$data)
    __lcctype_c_end                          0x0000424c   Data           0  lc_ctype_c.o(locale$$data)
    .data                                    0x40000000   Section       16  gps.o(.data)
    .bss                                     0x40000010   Section      225  gps.o(.bss)
    .bss                                     0x400000f4   Section       96  libspace.o(.bss)
    HEAP                                     0x40000158   Section        0  startup.o(HEAP)
    STACK                                    0x40000158   Section     1160  startup.o(STACK)
    Heap_Mem                                 0x40000158   Data           0  startup.o(HEAP)
    Stack_Mem                                0x40000158   Data        1024  startup.o(STACK)
    Stack_Top                                0x400005e0   Data           0  startup.o(STACK)

    Global Symbols

    Symbol Name                              Value     Ov Type        Size  Object(Section)

    BuildAttributes$$THM_ISAv1$ARM_ISAv4$S$PE$A:L22$X:L11$S22$IEEE1$IW$USESV6$~STKCKD$USESV7$~SHL$OSPACE$ROPI$IEEEJ$EBA8$UX$STANDARDLIB$REQ8$PRES8$EABIv2 0x00000000   Number         0  anon$$obj.o ABSOLUTE
    __ARM_use_no_argv                        0x00000000   Number         0  gps.o ABSOLUTE
    __ARM_exceptions_init                     - Undefined Weak Reference
    __alloca_initialize                       - Undefined Weak Reference
    __cpp_initialize__aeabi_                  - Undefined Weak Reference
    __cxa_finalize                            - Undefined Weak Reference
    __fpl_infinity                            - Undefined Weak Reference
    __sigvec_lookup                           - Undefined Weak Reference
    _atexit_init                              - Undefined Weak Reference
    _call_atexit_fns                          - Undefined Weak Reference
    _clock_init                               - Undefined Weak Reference
    _fp_trap_init                             - Undefined Weak Reference
    _fp_trap_shutdown                         - Undefined Weak Reference
    _get_lc_collate                           - Undefined Weak Reference
    _get_lc_monetary                          - Undefined Weak Reference
    _get_lc_time                              - Undefined Weak Reference
    _getenv_init                              - Undefined Weak Reference
    _handle_redirection                       - Undefined Weak Reference
    _init_alloc                               - Undefined Weak Reference
    _init_user_alloc                          - Undefined Weak Reference
    _initio                                   - Undefined Weak Reference
    _printf_post_padding                      - Undefined Weak Reference
    _printf_pre_padding                       - Undefined Weak Reference
    _printf_truncate_signed                   - Undefined Weak Reference
    _printf_truncate_unsigned                 - Undefined Weak Reference
    _rand_init                                - Undefined Weak Reference
    _signal_finish                            - Undefined Weak Reference
    _signal_init                              - Undefined Weak Reference
    _terminate_alloc                          - Undefined Weak Reference
    _terminate_user_alloc                     - Undefined Weak Reference
    _terminateio                              - Undefined Weak Reference
    Reset_Handler                            0x00000058   ARM Code       0  startup.o(RESET)
    __main                                   0x00000110   ARM Code       8  __main.o(!!!main)
    __scatterload                            0x00000118   ARM Code       0  __scatter.o(!!!scatter)
    __scatterload_rt2                        0x00000118   ARM Code      52  __scatter.o(!!!scatter)
    __scatterload_null                       0x0000012c   ARM Code       0  __scatter.o(!!!scatter)
    __scatterload_copy                       0x00000154   ARM Code      40  __scatter_copy.o(!!handler_copy)
    __scatterload_zeroinit                   0x0000017c   ARM Code      44  __scatter_zi.o(!!handler_zi)
    Inline Thumb to ARM Veneer to _printf_percent 0x000001a9   Thumb Code     4  _printf_percent.o(.ARM.Collect$$_printf_percent$$00000000)
    _printf_f                                0x000001ac   ARM Code       0  _printf_f.o(.ARM.Collect$$_printf_percent$$00000003)
    _printf_percent                          0x000001ac   ARM Code       0  _printf_percent.o(.ARM.Collect$$_printf_percent$$00000000)
    _printf_d                                0x000001b4   ARM Code       0  _printf_d.o(.ARM.Collect$$_printf_percent$$00000009)
    _printf_percent_end                      0x000001bc   ARM Code       0  _printf_percent_end.o(.ARM.Collect$$_printf_percent$$00000017)
    Inline ARM to Thumb Veneer to __rt_lib_init 0x000001c4   ARM Code       8  libinit.o(.ARM.Collect$$libinit$$00000000)
    __rt_lib_init                            0x000001cd   Thumb Code     0  libinit.o(.ARM.Collect$$libinit$$00000000)
    __rt_lib_init_heap_1                     0x000001d3   Thumb Code     0  libinit2.o(.ARM.Collect$$libinit$$00000006)
    __rt_lib_init_lc_common                  0x000001d3   Thumb Code     0  libinit2.o(.ARM.Collect$$libinit$$0000000B)
    __rt_lib_init_rand_1                     0x000001d3   Thumb Code     0  libinit2.o(.ARM.Collect$$libinit$$0000000A)
    __rt_lib_init_user_alloc_1               0x000001d3   Thumb Code     0  libinit2.o(.ARM.Collect$$libinit$$00000008)
    __rt_lib_init_lc_collate_1               0x000001d9   Thumb Code     0  libinit2.o(.ARM.Collect$$libinit$$0000000D)
    __rt_lib_init_lc_ctype_2                 0x000001d9   Thumb Code     0  libinit2.o(.ARM.Collect$$libinit$$0000000E)
    __rt_lib_init_lc_ctype_1                 0x000001e5   Thumb Code     0  libinit2.o(.ARM.Collect$$libinit$$0000000F)
    __rt_lib_init_lc_monetary_1              0x000001e5   Thumb Code     0  libinit2.o(.ARM.Collect$$libinit$$00000011)
    __rt_lib_init_lc_numeric_2               0x000001e5   Thumb Code     0  libinit2.o(.ARM.Collect$$libinit$$00000012)
    __rt_lib_init_alloca_1                   0x000001ef   Thumb Code     0  libinit2.o(.ARM.Collect$$libinit$$0000002A)
    __rt_lib_init_argv_1                     0x000001ef   Thumb Code     0  libinit2.o(.ARM.Collect$$libinit$$00000028)
    __rt_lib_init_atexit_1                   0x000001ef   Thumb Code     0  libinit2.o(.ARM.Collect$$libinit$$00000017)
    __rt_lib_init_clock_1                    0x000001ef   Thumb Code     0  libinit2.o(.ARM.Collect$$libinit$$0000001D)
    __rt_lib_init_cpp_1                      0x000001ef   Thumb Code     0  libinit2.o(.ARM.Collect$$libinit$$0000002E)
    __rt_lib_init_exceptions_1               0x000001ef   Thumb Code     0  libinit2.o(.ARM.Collect$$libinit$$0000002C)
    __rt_lib_init_fp_trap_1                  0x000001ef   Thumb Code     0  libinit2.o(.ARM.Collect$$libinit$$0000001B)
    __rt_lib_init_getenv_1                   0x000001ef   Thumb Code     0  libinit2.o(.ARM.Collect$$libinit$$0000001F)
    __rt_lib_init_lc_numeric_1               0x000001ef   Thumb Code     0  libinit2.o(.ARM.Collect$$libinit$$00000013)
    __rt_lib_init_lc_time_1                  0x000001ef   Thumb Code     0  libinit2.o(.ARM.Collect$$libinit$$00000015)
    __rt_lib_init_return                     0x000001ef   Thumb Code     0  libinit2.o(.ARM.Collect$$libinit$$0000002F)
    __rt_lib_init_signal_1                   0x000001ef   Thumb Code     0  libinit2.o(.ARM.Collect$$libinit$$00000019)
    __rt_lib_init_stdio_1                    0x000001ef   Thumb Code     0  libinit2.o(.ARM.Collect$$libinit$$00000021)
    Inline ARM to Thumb Veneer to __rt_lib_shutdown 0x000001fc   ARM Code       8  libshutdown.o(.ARM.Collect$$libshutdown$$00000000)
    __rt_lib_shutdown                        0x00000205   Thumb Code     0  libshutdown.o(.ARM.Collect$$libshutdown$$00000000)
    __rt_lib_shutdown_fp_trap_1              0x00000209   Thumb Code     0  libshutdown2.o(.ARM.Collect$$libshutdown$$00000006)
    __rt_lib_shutdown_heap_1                 0x00000209   Thumb Code     0  libshutdown2.o(.ARM.Collect$$libshutdown$$0000000E)
    __rt_lib_shutdown_return                 0x00000209   Thumb Code     0  libshutdown2.o(.ARM.Collect$$libshutdown$$0000000F)
    __rt_lib_shutdown_signal_1               0x00000209   Thumb Code     0  libshutdown2.o(.ARM.Collect$$libshutdown$$00000009)
    __rt_lib_shutdown_stdio_1                0x00000209   Thumb Code     0  libshutdown2.o(.ARM.Collect$$libshutdown$$00000003)
    __rt_lib_shutdown_user_alloc_1           0x00000209   Thumb Code     0  libshutdown2.o(.ARM.Collect$$libshutdown$$0000000B)
    __rt_entry                               0x00000210   ARM Code       0  rtentry.o(.ARM.Collect$$rtentry$$00000000)
    __rt_entry_presh_1                       0x00000210   ARM Code       0  rtentry2.o(.ARM.Collect$$rtentry$$00000002)
    __rt_entry_sh                            0x00000210   ARM Code       0  rtentry4.o(.ARM.Collect$$rtentry$$00000004)
    __rt_entry_li                            0x00000218   ARM Code       0  rtentry2.o(.ARM.Collect$$rtentry$$0000000A)
    __rt_entry_postsh_1                      0x00000218   ARM Code       0  rtentry2.o(.ARM.Collect$$rtentry$$00000009)
    __rt_entry_main                          0x0000021c   ARM Code       0  rtentry2.o(.ARM.Collect$$rtentry$$0000000D)
    __rt_entry_postli_1                      0x0000021c   ARM Code       0  rtentry2.o(.ARM.Collect$$rtentry$$0000000C)
    Inline Thumb to ARM Veneer to __rt_exit  0x00000245   Thumb Code     4  rtexit.o(.ARM.Collect$$rtexit$$00000000)
    __rt_exit                                0x00000248   ARM Code       0  rtexit.o(.ARM.Collect$$rtexit$$00000000)
    __rt_exit_ls                             0x00000248   ARM Code       0  rtexit2.o(.ARM.Collect$$rtexit$$00000003)
    __rt_exit_prels_1                        0x00000248   ARM Code       0  rtexit2.o(.ARM.Collect$$rtexit$$00000002)
    __rt_exit_exit                           0x0000024c   ARM Code       0  rtexit2.o(.ARM.Collect$$rtexit$$00000004)
    __user_initial_stackheap                 0x00000250   ARM Code       0  startup.o(.text)
    Inline ARM to Thumb Veneer to __2sprintf 0x00000270   ARM Code       8  noretval__2sprintf.o(.text)
    __2sprintf                               0x00000279   Thumb Code    36  noretval__2sprintf.o(.text)
    __printf                                 0x000002a1   Thumb Code   120  __printf.o(.text)
    Inline ARM to Thumb Veneer to _printf_int_dec 0x00000318   ARM Code       8  _printf_dec.o(.text)
    _printf_int_dec                          0x00000321   Thumb Code    94  _printf_dec.o(.text)
    Inline ARM to Thumb Veneer to atol       0x00000390   ARM Code       8  atol.o(.text)
    atol                                     0x00000399   Thumb Code    30  atol.o(.text)
    __aeabi_memclr                           0x000003b8   ARM Code       0  rt_memclr.o(.text)
    __rt_memclr                              0x000003b8   ARM Code      64  rt_memclr.o(.text)
    _memset                                  0x000003bc   ARM Code       0  rt_memclr.o(.text)
    Inline Thumb to ARM Veneer to __aeabi_idivmod 0x000003f9   Thumb Code     4  aeabi_sdiv.o(.text)
    __aeabi_idiv                             0x000003fc   ARM Code       0  aeabi_sdiv.o(.text)
    __aeabi_idivmod                          0x000003fc   ARM Code     384  aeabi_sdiv.o(.text)
    __use_two_region_memory                  0x0000057d   Thumb Code     2  heapauxi.o(.text)
    __rt_heap_escrow$2region                 0x0000057f   Thumb Code     2  heapauxi.o(.text)
    __rt_heap_expand$2region                 0x00000581   Thumb Code     2  heapauxi.o(.text)
    Inline Thumb to ARM Veneer to __aeabi_errno_addr 0x00000585   Thumb Code     4  rt_errno_addr_intlibspace.o(.text)
    __aeabi_errno_addr                       0x00000588   ARM Code      16  rt_errno_addr_intlibspace.o(.text)
    __errno$intlibspace                      0x00000588   ARM Code       0  rt_errno_addr_intlibspace.o(.text)
    __rt_errno_addr$intlibspace              0x00000588   ARM Code       0  rt_errno_addr_intlibspace.o(.text)
    Inline ARM to Thumb Veneer to __set_errno 0x00000598   ARM Code       8  _rserrno.o(.text)
    __read_errno                             0x000005a1   Thumb Code    14  _rserrno.o(.text)
    __set_errno                              0x000005af   Thumb Code    12  _rserrno.o(.text)
    _printf_int_common                       0x000005bb   Thumb Code   182  _printf_intcommon.o(.text)
    __lib_sel_fp_printf                      0x00000671   Thumb Code     2  _printf_fp_dec.o(.text)
    _printf_fp_dec_real                      0x00000855   Thumb Code   616  _printf_fp_dec.o(.text)
    _printf_char_common                      0x00000ad3   Thumb Code    38  _printf_char_common.o(.text)
    _sputc                                   0x00000afd   Thumb Code    10  _sputc.o(.text)
    Inline ARM to Thumb Veneer to __strtod_int 0x00000b08   ARM Code       8  strtod.o(.text)
    __strtod_int                             0x00000b4d   Thumb Code    94  strtod.o(.text)
    strtol                                   0x00000bbd   Thumb Code   112  strtol.o(.text)
    __aeabi_memclr4                          0x00000c30   ARM Code       0  rt_memclr_w.o(.text)
    __aeabi_memclr8                          0x00000c30   ARM Code       0  rt_memclr_w.o(.text)
    __rt_memclr_w                            0x00000c30   ARM Code      84  rt_memclr_w.o(.text)
    _memset_w                                0x00000c34   ARM Code       0  rt_memclr_w.o(.text)
    Inline Thumb to ARM Veneer to __rt_udiv10 0x00000c85   Thumb Code     4  rtudiv10.o(.text)
    __rt_udiv10                              0x00000c88   ARM Code      44  rtudiv10.o(.text)
    __user_libspace                          0x00000cb4   ARM Code      12  libspace.o(.text)
    __user_perproc_libspace                  0x00000cb4   ARM Code       0  libspace.o(.text)
    __user_perthread_libspace                0x00000cb4   ARM Code       0  libspace.o(.text)
    Inline Thumb to ARM Veneer to __rt_ctype_table 0x00000cc1   Thumb Code     4  rt_ctype_table.o(.text)
    __rt_ctype_table                         0x00000cc4   ARM Code      24  rt_ctype_table.o(.text)
    Inline Thumb to ARM Veneer to __rt_locale 0x00000cdd   Thumb Code     4  rt_locale_intlibspace.o(.text)
    __rt_locale                              0x00000ce0   ARM Code      16  rt_locale_intlibspace.o(.text)
    Inline Thumb to ARM Veneer to _ll_udiv10 0x00000cf1   Thumb Code     4  lludiv10.o(.text)
    _ll_udiv10                               0x00000cf4   ARM Code     160  lludiv10.o(.text)
    isspace                                  0x00000d95   Thumb Code    22  isspace.o(.text)
    _printf_fp_infnan                        0x00000dad   Thumb Code   122  _printf_fp_infnan.o(.text)
    _sgetc                                   0x00000e39   Thumb Code    32  _sgetc.o(.text)
    _sbackspace                              0x00000e59   Thumb Code    38  _sgetc.o(.text)
    _strtoul                                 0x00000e7f   Thumb Code   166  _strtoul.o(.text)
    _btod_etento                             0x00000f25   Thumb Code   196  bigflt0.o(.text)
    __user_setup_stackheap                   0x00000fec   ARM Code      96  sys_stackheap_outer.o(.text)
    _chval                                   0x0000104d   Thumb Code    34  _chval.o(.text)
    _scanf_really_real                       0x00001287   Thumb Code   714  scanf_fp.o(.text)
    exit                                     0x00001551   Thumb Code    12  exit.o(.text)
    strcmp                                   0x0000155c   ARM Code     156  strcmp.o(.text)
    __aeabi_lmul                             0x000015fc   ARM Code       0  llmul.o(.text)
    _ll_mul                                  0x000015fc   ARM Code      28  llmul.o(.text)
    _sys_exit                                0x00001618   ARM Code      20  sys_exit.o(.text)
    Inline ARM to Thumb Veneer to _scanf_really_hex_real 0x00001630   ARM Code       8  scanf_hexfp.o(.text)
    _scanf_really_hex_real                   0x00001639   Thumb Code   856  scanf_hexfp.o(.text)
    Inline ARM to Thumb Veneer to _scanf_really_infnan 0x0000199c   ARM Code       8  scanf_infnan.o(.text)
    _scanf_really_infnan                     0x000019a5   Thumb Code   314  scanf_infnan.o(.text)
    __I$use$semihosting                      0x00001af0   ARM Code       0  use_no_semi.o(.text)
    __use_no_semihosting_swi                 0x00001af0   ARM Code       4  use_no_semi.o(.text)
    Inline Thumb to ARM Veneer to __aeabi_llsl 0x00001af5   Thumb Code     4  llshl.o(.text)
    __aeabi_llsl                             0x00001af8   ARM Code       0  llshl.o(.text)
    _ll_shift_l                              0x00001af8   ARM Code      40  llshl.o(.text)
    __aeabi_uidiv                            0x00001b20   ARM Code       0  aeabi_sdiv.o(.text_udiv)
    __aeabi_uidivmod                         0x00001b20   ARM Code      28  aeabi_sdiv.o(.text_udiv)
    Inline Thumb to ARM Veneer to _btod_d2e  0x00001b3d   Thumb Code     4  btod.o(CL$$btod_d2e)
    _btod_d2e                                0x00001b40   ARM Code      56  btod.o(CL$$btod_d2e)
    _d2e_denorm_low                          0x00001b78   ARM Code      84  btod.o(CL$$btod_d2e_denorm_low)
    _d2e_norm_op1                            0x00001bcc   ARM Code     104  btod.o(CL$$btod_d2e_norm_op1)
    __btod_div_common                        0x00001c34   ARM Code     716  btod.o(CL$$btod_div_common)
    _e2d                                     0x00001f80   ARM Code      96  btod.o(CL$$btod_e2d)
    _e2e                                     0x00001fe4   ARM Code     220  btod.o(CL$$btod_e2e)
    Inline Thumb to ARM Veneer to _btod_ediv 0x000020c1   Thumb Code     4  btod.o(CL$$btod_ediv)
    _btod_ediv                               0x000020c4   ARM Code      52  btod.o(CL$$btod_ediv)
    Inline Thumb to ARM Veneer to _btod_edivd 0x000020f9   Thumb Code     4  btod.o(CL$$btod_edivd)
    _btod_edivd                              0x000020fc   ARM Code      52  btod.o(CL$$btod_edivd)
    Inline Thumb to ARM Veneer to _btod_emul 0x00002131   Thumb Code     4  btod.o(CL$$btod_emul)
    _btod_emul                               0x00002134   ARM Code      52  btod.o(CL$$btod_emul)
    Inline Thumb to ARM Veneer to _btod_emuld 0x00002169   Thumb Code     4  btod.o(CL$$btod_emuld)
    _btod_emuld                              0x0000216c   ARM Code      52  btod.o(CL$$btod_emuld)
    __btod_mult_common                       0x000021a0   ARM Code     616  btod.o(CL$$btod_mult_common)
    Short Thumb to ARM Veneer to _scanf_infnan 0x00002409   Thumb Code     8  anon$$obj.o(Veneer$$Code)
    Long ARM to Thumb Veneer to __read_errno 0x00002410   ARM Code      12  anon$$obj.o(Veneer$$Code)
    Long ARM to Thumb Veneer to _printf_fp_dec_real 0x0000241c   ARM Code      12  anon$$obj.o(Veneer$$Code)
    Long ARM to Thumb Veneer to _scanf_really_real 0x00002428   ARM Code      12  anon$$obj.o(Veneer$$Code)
    UART0_Interrupt                          0x00002434   ARM Code     292  gps.o(i.UART0_Interrupt)
    UART0_SendString                         0x00002574   ARM Code      76  gps.o(i.UART0_SendString)
    UART0_TxChar                             0x000025c4   ARM Code      56  gps.o(i.UART0_TxChar)
    UART0_init                               0x00002600   ARM Code      68  gps.o(i.UART0_init)
    __ARM_common_call_via_r1                 0x00002649   Thumb Code     2  __printf.o(i.__ARM_common_call_via_r1)
    __ARM_common_call_via_r2                 0x0000264b   Thumb Code     2  __printf.o(i.__ARM_common_call_via_r2)
    Inline Thumb to ARM Veneer to __ARM_common_ll_mullu 0x0000264d   Thumb Code     4  scanf_fp.o(i.__ARM_common_ll_mullu)
    __ARM_common_ll_mullu                    0x00002650   ARM Code       8  scanf_fp.o(i.__ARM_common_ll_mullu)
    Inline Thumb to ARM Veneer to __ARM_fpclassify 0x00002659   Thumb Code     4  fpclassify.o(i.__ARM_fpclassify)
    __ARM_fpclassify                         0x0000265c   ARM Code      44  fpclassify.o(i.__ARM_fpclassify)
    __ARM_isfinite                           0x0000268c   ARM Code      24  ldexp.o(i.__ARM_isfinite)
    Inline Thumb to ARM Veneer to __mathlib_narrow 0x000026a9   Thumb Code     4  narrow.o(i.__mathlib_narrow)
    __mathlib_narrow                         0x000026ac   ARM Code      36  narrow.o(i.__mathlib_narrow)
    __mathlib_tofloat                        0x000026d0   ARM Code     208  narrow.o(i.__mathlib_tofloat)
    Inline Thumb to ARM Veneer to __support_ldexp 0x000027b5   Thumb Code     4  ldexp.o(i.__support_ldexp)
    __support_ldexp                          0x000027b8   ARM Code      32  ldexp.o(i.__support_ldexp)
    atof                                     0x000027d8   ARM Code      72  atof.o(i.atof)
    delay_ms                                 0x00002828   ARM Code      56  gps.o(i.delay_ms)
    frexp                                    0x00002864   ARM Code     112  frexp.o(i.frexp)
    get_Altitude                             0x000028d8   ARM Code      92  gps.o(i.get_Altitude)
    get_Latitude                             0x00002940   ARM Code     280  gps.o(i.get_Latitude)
    get_Longitude                            0x00002a74   ARM Code     280  gps.o(i.get_Longitude)
    get_Time                                 0x00002ba8   ARM Code     224  gps.o(i.get_Time)
    ldexp                                    0x00002ca4   ARM Code     220  ldexp.o(i.ldexp)
    main                                     0x00002d94   ARM Code     352  gps.o(i.main)
    Inline Thumb to ARM Veneer to _get_lc_numeric 0x00002f4d   Thumb Code     4  lc_numeric_c.o(locale$$code)
    _get_lc_numeric                          0x00002f50   ARM Code      80  lc_numeric_c.o(locale$$code)
    Inline Thumb to ARM Veneer to _get_lc_ctype 0x00002fa1   Thumb Code     4  lc_ctype_c.o(locale$$code)
    _get_lc_ctype                            0x00002fa4   ARM Code      80  lc_ctype_c.o(locale$$code)
    __aeabi_d2f                              0x00002ff4   ARM Code       0  d2f.o(x$fpl$d2f)
    _d2f                                     0x00002ff4   ARM Code     168  d2f.o(x$fpl$d2f)
    __fpl_inf_d2f                            0x00003094   ARM Code       0  d2f.o(x$fpl$d2f)
    __fpl_dcheck_NaN2                        0x000030a0   ARM Code      12  dcheck.o(x$fpl$dcheck)
    __fpl_dcheck_NaN1                        0x000030b0   ARM Code      12  dcheck1.o(x$fpl$dcheck1)
    __fpl_dcmp_InfNaN                        0x000030c0   ARM Code     128  dcmpin.o(x$fpl$dcmpinfnan)
    __fpl_inf_dcmp                           0x000030e4   ARM Code       0  dcmpin.o(x$fpl$dcmpinfnan)
    __aeabi_ddiv                             0x00003140   ARM Code       0  ddiv.o(x$fpl$ddiv)
    _ddiv                                    0x00003140   ARM Code     464  ddiv.o(x$fpl$ddiv)
    __fpl_inf_ddiv                           0x000032cc   ARM Code       0  ddiv.o(x$fpl$ddiv)
    _ddiv_mantissas                          0x00003310   ARM Code     380  ddiv.o(x$fpl$ddiv)
    __aeabi_cdcmpeq                          0x0000359c   ARM Code       0  deqf.o(x$fpl$deqf)
    _dcmpeq                                  0x0000359c   ARM Code     132  deqf.o(x$fpl$deqf)
    __aeabi_i2d                              0x00003624   ARM Code       0  dflt_noclz.o(x$fpl$dflt)
    _dflt                                    0x00003624   ARM Code      88  dflt_noclz.o(x$fpl$dflt)
    __dflt_normalise                         0x00003634   ARM Code       0  dflt_noclz.o(x$fpl$dflt)
    __aeabi_cdrcmple                         0x0000367c   ARM Code       0  drleqf.o(x$fpl$drleqf)
    _drcmple                                 0x0000367c   ARM Code     156  drleqf.o(x$fpl$drleqf)
    __dunder                                 0x0000371c   ARM Code     276  dunder.o(x$fpl$dunder)
    __dunder_d                               0x00003830   ARM Code       4  dunder.o(x$fpl$dunder)
    __aeabi_f2d                              0x00003834   ARM Code       0  f2d.o(x$fpl$f2d)
    _f2d                                     0x00003834   ARM Code      96  f2d.o(x$fpl$f2d)
    __fpl_inf_f2d                            0x00003888   ARM Code       0  f2d.o(x$fpl$f2d)
    __aeabi_fadd                             0x00003898   ARM Code       0  faddsub_noclz.o(x$fpl$fadd)
    _fadd                                    0x00003898   ARM Code     260  faddsub_noclz.o(x$fpl$fadd)
    __fpl_inf_fadd                           0x00003974   ARM Code       0  faddsub_noclz.o(x$fpl$fadd)
    __fpl_fcheck_NaN2                        0x000039a0   ARM Code       8  fcheck.o(x$fpl$fcheck)
    __fpl_fcheck_NaN1                        0x000039ac   ARM Code       8  fcheck1.o(x$fpl$fcheck1)
    __aeabi_fdiv                             0x000039b8   ARM Code       0  fdiv.o(x$fpl$fdiv)
    _fdiv                                    0x000039b8   ARM Code     476  fdiv.o(x$fpl$fdiv)
    __fpl_inf_fdiv                           0x00003b54   ARM Code       0  fdiv.o(x$fpl$fdiv)
    __aeabi_f2iz                             0x00003b9c   ARM Code       0  ffix.o(x$fpl$ffix)
    _ffix                                    0x00003b9c   ARM Code     112  ffix.o(x$fpl$ffix)
    __fpl_inf_ffix                           0x00003c00   ARM Code       0  ffix.o(x$fpl$ffix)
    __aeabi_i2f                              0x00003c10   ARM Code       0  fflt_noclz.o(x$fpl$fflt)
    _fflt                                    0x00003c10   ARM Code      92  fflt_noclz.o(x$fpl$fflt)
    __fflt_normalise                         0x00003c1c   ARM Code       0  fflt_noclz.o(x$fpl$fflt)
    __fpl_normalise2                         0x00003c6c   ARM Code     148  fnorm2_noclz.o(x$fpl$fnorm2)
    Inline Thumb to ARM Veneer to _fp_init   0x00003d01   Thumb Code     4  fpinit.o(x$fpl$fpinit)
    __fplib_config_pureend_doubles           0x00003d04   ARM Code       0  fpinit.o(x$fpl$fpinit)
    _fp_init                                 0x00003d04   ARM Code       4  fpinit.o(x$fpl$fpinit)
    __aeabi_frsub                            0x00003d08   ARM Code       0  faddsub_noclz.o(x$fpl$frsb)
    _frsb                                    0x00003d08   ARM Code      20  faddsub_noclz.o(x$fpl$frsb)
    __aeabi_fsub                             0x00003d1c   ARM Code       0  faddsub_noclz.o(x$fpl$fsub)
    _fsub                                    0x00003d1c   ARM Code     356  faddsub_noclz.o(x$fpl$fsub)
    __fpl_inf_fsub                           0x00003e58   ARM Code       0  faddsub_noclz.o(x$fpl$fsub)
    __funder                                 0x00003e84   ARM Code     144  funder.o(x$fpl$funder)
    __funder_d                               0x00003f14   ARM Code       4  funder.o(x$fpl$funder)
    Inline Thumb to ARM Veneer to __ieee_status 0x00003f19   Thumb Code     4  istatus.o(x$fpl$ieeestatus)
    __ieee_status                            0x00003f1c   ARM Code       8  istatus.o(x$fpl$ieeestatus)
    _printf_fp_dec                           0x00003f24   ARM Code       4  printf1.o(x$fpl$printf1)
    __fpl_return_NaN                         0x00003f28   ARM Code     116  retnan.o(x$fpl$retnan)
    __ARM_scalbn                             0x00003f9c   ARM Code       0  scalbn.o(x$fpl$scalbn)
    scalbn                                   0x00003f9c   ARM Code     108  scalbn.o(x$fpl$scalbn)
    __fpl_inf_scalbn                         0x00004004   ARM Code       0  scalbn.o(x$fpl$scalbn)
    Inline Thumb to ARM Veneer to _scanf_real 0x00004009   Thumb Code     4  scanf1.o(x$fpl$scanf1)
    _scanf_real                              0x0000400c   ARM Code       4  scanf1.o(x$fpl$scanf1)
    Inline Thumb to ARM Veneer to _scanf_hex_real 0x00004011   Thumb Code     4  scanf2.o(x$fpl$scanf2)
    _scanf_hex_real                          0x00004014   ARM Code       4  scanf2.o(x$fpl$scanf2)
    _scanf_infnan                            0x00004018   ARM Code       4  scanf2.o(x$fpl$scanf2)
    __fpl_cmpreturn                          0x0000401c   ARM Code      60  trapv.o(x$fpl$trapveneer)
    __I$use$fp                               0x00004058   ARM Code       0  usenofp.o(x$fpl$usenofp)
    __mathlib_zero                           0x000040f0   Data           8  qnan.o(.constdata)
    Region$$Table$$Base                      0x000040f8   Number         0  anon$$obj.o(Region$$Table)
    Region$$Table$$Limit                     0x00004118   Number         0  anon$$obj.o(Region$$Table)
    __aeabi_HUGE_VAL                         0x00004118   Data           0  fpconst.o(c$$dinf)
    __aeabi_HUGE_VALL                        0x00004118   Data           0  fpconst.o(c$$dinf)
    __aeabi_INFINITY                         0x00004118   Data           0  fpconst.o(c$$dinf)
    __dInf                                   0x00004118   Data           0  fpconst.o(c$$dinf)
    __huge_val                               0x00004118   Data           0  fpconst.o(c$$dinf)
    __ctype                                  0x00004149   Data           0  lc_ctype_c.o(locale$$data)
    IsItGGAString                            0x40000000   Data           1  gps.o(.data)
    Altitude_Buffer                          0x40000001   Data           8  gps.o(.data)
    GGA                                      0x40000009   Data           3  gps.o(.data)
    GGA_Index                                0x4000000c   Data           2  gps.o(.data)
    CommaCounter                             0x4000000e   Data           2  gps.o(.data)
    Latitude_Buffer                          0x40000010   Data          15  gps.o(.bss)
    Longitude_Buffer                         0x4000001f   Data          15  gps.o(.bss)
    Time_Buffer                              0x4000002e   Data          15  gps.o(.bss)
    iir_val                                  0x4000003d   Data          10  gps.o(.bss)
    GGA_String                               0x40000047   Data         150  gps.o(.bss)
    GGA_Comma_Pointers                       0x400000dd   Data          20  gps.o(.bss)
    __libspace_start                         0x400000f4   Data          96  libspace.o(.bss)
    __temporary_stack_top$libspace           0x40000154   Data           0  libspace.o(.bss)



==============================================================================

Memory Map of the image

  Image Entry point : 0x00000110

  Load Region LR_IROM1 (Base: 0x00000000, Size: 0x0000425c, Max: 0x00080000, ABSOLUTE)

    Execution Region ER_IROM1 (Base: 0x00000000, Size: 0x0000424c, Max: 0x00080000, ABSOLUTE)

    Base Addr    Size         Type   Attr      Idx    E Section Name        Object

    0x00000000   0x00000110   Code   RO            3    RESET               startup.o
    0x00000110   0x00000008   Code   RO          158  * !!!main             __main.o(c_t.l)
    0x00000118   0x0000003c   Code   RO          523    !!!scatter          __scatter.o(c_t.l)
    0x00000154   0x00000028   Code   RO          525    !!handler_copy      __scatter_copy.o(c_t.l)
    0x0000017c   0x0000002c   Code   RO          527    !!handler_zi        __scatter_zi.o(c_t.l)
    0x000001a8   0x00000004   Ven    RO          135    .ARM.Collect$$_printf_percent$$00000000  _printf_percent.o(c_t.l)
    0x000001ac   0x00000000   Code   RO          135    .ARM.Collect$$_printf_percent$$00000000  _printf_percent.o(c_t.l)
    0x000001ac   0x00000008   Code   RO          134    .ARM.Collect$$_printf_percent$$00000003  _printf_f.o(c_t.l)
    0x000001b4   0x00000008   Code   RO          133    .ARM.Collect$$_printf_percent$$00000009  _printf_d.o(c_t.l)
    0x000001bc   0x00000008   Code   RO          213    .ARM.Collect$$_printf_percent$$00000017  _printf_percent_end.o(c_t.l)
    0x000001c4   0x00000008   Ven    RO          348    .ARM.Collect$$libinit$$00000000  libinit.o(c_t.l)
    0x000001cc   0x00000006   Code   RO          348    .ARM.Collect$$libinit$$00000000  libinit.o(c_t.l)
    0x000001d2   0x00000000   Code   RO          351    .ARM.Collect$$libinit$$00000006  libinit2.o(c_t.l)
    0x000001d2   0x00000000   Code   RO          353    .ARM.Collect$$libinit$$00000008  libinit2.o(c_t.l)
    0x000001d2   0x00000000   Code   RO          355    .ARM.Collect$$libinit$$0000000A  libinit2.o(c_t.l)
    0x000001d2   0x00000006   Code   RO          356    .ARM.Collect$$libinit$$0000000B  libinit2.o(c_t.l)
    0x000001d8   0x00000000   Code   RO          358    .ARM.Collect$$libinit$$0000000D  libinit2.o(c_t.l)
    0x000001d8   0x0000000c   Code   RO          359    .ARM.Collect$$libinit$$0000000E  libinit2.o(c_t.l)
    0x000001e4   0x00000000   Code   RO          360    .ARM.Collect$$libinit$$0000000F  libinit2.o(c_t.l)
    0x000001e4   0x00000000   Code   RO          362    .ARM.Collect$$libinit$$00000011  libinit2.o(c_t.l)
    0x000001e4   0x0000000a   Code   RO          363    .ARM.Collect$$libinit$$00000012  libinit2.o(c_t.l)
    0x000001ee   0x00000000   Code   RO          364    .ARM.Collect$$libinit$$00000013  libinit2.o(c_t.l)
    0x000001ee   0x00000000   Code   RO          366    .ARM.Collect$$libinit$$00000015  libinit2.o(c_t.l)
    0x000001ee   0x00000000   Code   RO          368    .ARM.Collect$$libinit$$00000017  libinit2.o(c_t.l)
    0x000001ee   0x00000000   Code   RO          370    .ARM.Collect$$libinit$$00000019  libinit2.o(c_t.l)
    0x000001ee   0x00000000   Code   RO          372    .ARM.Collect$$libinit$$0000001B  libinit2.o(c_t.l)
    0x000001ee   0x00000000   Code   RO          374    .ARM.Collect$$libinit$$0000001D  libinit2.o(c_t.l)
    0x000001ee   0x00000000   Code   RO          376    .ARM.Collect$$libinit$$0000001F  libinit2.o(c_t.l)
    0x000001ee   0x00000000   Code   RO          378    .ARM.Collect$$libinit$$00000021  libinit2.o(c_t.l)
    0x000001ee   0x00000000   Code   RO          382    .ARM.Collect$$libinit$$00000028  libinit2.o(c_t.l)
    0x000001ee   0x00000000   Code   RO          384    .ARM.Collect$$libinit$$0000002A  libinit2.o(c_t.l)
    0x000001ee   0x00000000   Code   RO          386    .ARM.Collect$$libinit$$0000002C  libinit2.o(c_t.l)
    0x000001ee   0x00000000   Code   RO          388    .ARM.Collect$$libinit$$0000002E  libinit2.o(c_t.l)
    0x000001ee   0x0000000c   Code   RO          389    .ARM.Collect$$libinit$$0000002F  libinit2.o(c_t.l)
    0x000001fa   0x00000002   PAD
    0x000001fc   0x00000008   Ven    RO          470    .ARM.Collect$$libshutdown$$00000000  libshutdown.o(c_t.l)
    0x00000204   0x00000004   Code   RO          470    .ARM.Collect$$libshutdown$$00000000  libshutdown.o(c_t.l)
    0x00000208   0x00000000   Code   RO          507    .ARM.Collect$$libshutdown$$00000003  libshutdown2.o(c_t.l)
    0x00000208   0x00000000   Code   RO          510    .ARM.Collect$$libshutdown$$00000006  libshutdown2.o(c_t.l)
    0x00000208   0x00000000   Code   RO          513    .ARM.Collect$$libshutdown$$00000009  libshutdown2.o(c_t.l)
    0x00000208   0x00000000   Code   RO          515    .ARM.Collect$$libshutdown$$0000000B  libshutdown2.o(c_t.l)
    0x00000208   0x00000000   Code   RO          518    .ARM.Collect$$libshutdown$$0000000E  libshutdown2.o(c_t.l)
    0x00000208   0x00000006   Code   RO          519    .ARM.Collect$$libshutdown$$0000000F  libshutdown2.o(c_t.l)
    0x0000020e   0x00000002   PAD
    0x00000210   0x00000000   Code   RO          192    .ARM.Collect$$rtentry$$00000000  rtentry.o(c_t.l)
    0x00000210   0x00000000   Code   RO          245    .ARM.Collect$$rtentry$$00000002  rtentry2.o(c_t.l)
    0x00000210   0x00000008   Code   RO          260    .ARM.Collect$$rtentry$$00000004  rtentry4.o(c_t.l)
    0x00000218   0x00000000   Code   RO          247    .ARM.Collect$$rtentry$$00000009  rtentry2.o(c_t.l)
    0x00000218   0x00000004   Code   RO          248    .ARM.Collect$$rtentry$$0000000A  rtentry2.o(c_t.l)
    0x0000021c   0x00000000   Code   RO          250    .ARM.Collect$$rtentry$$0000000C  rtentry2.o(c_t.l)
    0x0000021c   0x00000028   Code   RO          251    .ARM.Collect$$rtentry$$0000000D  rtentry2.o(c_t.l)
    0x00000244   0x00000004   Ven    RO          392    .ARM.Collect$$rtexit$$00000000  rtexit.o(c_t.l)
    0x00000248   0x00000000   Code   RO          392    .ARM.Collect$$rtexit$$00000000  rtexit.o(c_t.l)
    0x00000248   0x00000000   Code   RO          425    .ARM.Collect$$rtexit$$00000002  rtexit2.o(c_t.l)
    0x00000248   0x00000004   Code   RO          426    .ARM.Collect$$rtexit$$00000003  rtexit2.o(c_t.l)
    0x0000024c   0x00000004   Code   RO          427    .ARM.Collect$$rtexit$$00000004  rtexit2.o(c_t.l)
    0x00000250   0x00000020   Code   RO            4    .text               startup.o
    0x00000270   0x00000008   Ven    RO          105    .text               noretval__2sprintf.o(c_t.l)
    0x00000278   0x00000028   Code   RO          105    .text               noretval__2sprintf.o(c_t.l)
    0x000002a0   0x00000078   Code   RO          107    .text               __printf.o(c_t.l)
    0x00000318   0x00000008   Ven    RO          113    .text               _printf_dec.o(c_t.l)
    0x00000320   0x00000070   Code   RO          113    .text               _printf_dec.o(c_t.l)
    0x00000390   0x00000008   Ven    RO          136    .text               atol.o(c_t.l)
    0x00000398   0x0000001e   Code   RO          136    .text               atol.o(c_t.l)
    0x000003b6   0x00000002   PAD
    0x000003b8   0x00000040   Code   RO          138    .text               rt_memclr.o(c_t.l)
    0x000003f8   0x00000004   Ven    RO          140    .text               aeabi_sdiv.o(c_t.l)
    0x000003fc   0x00000180   Code   RO          140    .text               aeabi_sdiv.o(c_t.l)
    0x0000057c   0x00000006   Code   RO          156    .text               heapauxi.o(c_t.l)
    0x00000582   0x00000002   PAD
    0x00000584   0x00000004   Ven    RO          201    .text               rt_errno_addr_intlibspace.o(c_t.l)
    0x00000588   0x00000010   Code   RO          201    .text               rt_errno_addr_intlibspace.o(c_t.l)
    0x00000598   0x00000008   Ven    RO          203    .text               _rserrno.o(c_t.l)
    0x000005a0   0x0000001a   Code   RO          203    .text               _rserrno.o(c_t.l)
    0x000005ba   0x000000b6   Code   RO          205    .text               _printf_intcommon.o(c_t.l)
    0x00000670   0x00000458   Code   RO          207    .text               _printf_fp_dec.o(c_t.l)
    0x00000ac8   0x00000034   Code   RO          209    .text               _printf_char_common.o(c_t.l)
    0x00000afc   0x0000000a   Code   RO          211    .text               _sputc.o(c_t.l)
    0x00000b06   0x00000002   PAD
    0x00000b08   0x00000008   Ven    RO          214    .text               strtod.o(c_t.l)
    0x00000b10   0x000000ac   Code   RO          214    .text               strtod.o(c_t.l)
    0x00000bbc   0x00000074   Code   RO          216    .text               strtol.o(c_t.l)
    0x00000c30   0x00000054   Code   RO          218    .text               rt_memclr_w.o(c_t.l)
    0x00000c84   0x00000004   Ven    RO          220    .text               rtudiv10.o(c_t.l)
    0x00000c88   0x0000002c   Code   RO          220    .text               rtudiv10.o(c_t.l)
    0x00000cb4   0x0000000c   Code   RO          241    .text               libspace.o(c_t.l)
    0x00000cc0   0x00000004   Ven    RO          264    .text               rt_ctype_table.o(c_t.l)
    0x00000cc4   0x00000018   Code   RO          264    .text               rt_ctype_table.o(c_t.l)
    0x00000cdc   0x00000004   Ven    RO          269    .text               rt_locale_intlibspace.o(c_t.l)
    0x00000ce0   0x00000010   Code   RO          269    .text               rt_locale_intlibspace.o(c_t.l)
    0x00000cf0   0x00000004   Ven    RO          271    .text               lludiv10.o(c_t.l)
    0x00000cf4   0x000000a0   Code   RO          271    .text               lludiv10.o(c_t.l)
    0x00000d94   0x00000016   Code   RO          273    .text               isspace.o(c_t.l)
    0x00000daa   0x00000002   PAD
    0x00000dac   0x0000008c   Code   RO          275    .text               _printf_fp_infnan.o(c_t.l)
    0x00000e38   0x00000046   Code   RO          283    .text               _sgetc.o(c_t.l)
    0x00000e7e   0x000000a6   Code   RO          285    .text               _strtoul.o(c_t.l)
    0x00000f24   0x000000c8   Code   RO          287    .text               bigflt0.o(c_t.l)
    0x00000fec   0x00000060   Code   RO          323    .text               sys_stackheap_outer.o(c_t.l)
    0x0000104c   0x00000022   Code   RO          325    .text               _chval.o(c_t.l)
    0x0000106e   0x00000002   PAD
    0x00001070   0x000004e0   Code   RO          327    .text               scanf_fp.o(c_t.l)
    0x00001550   0x0000000c   Code   RO          334    .text               exit.o(c_t.l)
    0x0000155c   0x000000a0   Code   RO          340    .text               strcmp.o(c_t.l)
    0x000015fc   0x0000001c   Code   RO          396    .text               llmul.o(c_t.l)
    0x00001618   0x00000018   Code   RO          422    .text               sys_exit.o(c_t.l)
    0x00001630   0x00000008   Ven    RO          432    .text               scanf_hexfp.o(c_t.l)
    0x00001638   0x00000364   Code   RO          432    .text               scanf_hexfp.o(c_t.l)
    0x0000199c   0x00000008   Ven    RO          434    .text               scanf_infnan.o(c_t.l)
    0x000019a4   0x0000014c   Code   RO          434    .text               scanf_infnan.o(c_t.l)
    0x00001af0   0x00000004   Code   RO          456    .text               use_no_semi.o(c_t.l)
    0x00001af4   0x00000004   Ven    RO          460    .text               llshl.o(c_t.l)
    0x00001af8   0x00000028   Code   RO          460    .text               llshl.o(c_t.l)
    0x00001b20   0x0000001c   Code   RO          141    .text_udiv          aeabi_sdiv.o(c_t.l)
    0x00001b3c   0x00000004   Ven    RO          290    CL$$btod_d2e        btod.o(c_t.l)
    0x00001b40   0x00000038   Code   RO          290    CL$$btod_d2e        btod.o(c_t.l)
    0x00001b78   0x00000054   Code   RO          292    CL$$btod_d2e_denorm_low  btod.o(c_t.l)
    0x00001bcc   0x00000068   Code   RO          291    CL$$btod_d2e_norm_op1  btod.o(c_t.l)
    0x00001c34   0x0000034c   Code   RO          300    CL$$btod_div_common  btod.o(c_t.l)
    0x00001f80   0x00000064   Code   RO          298    CL$$btod_e2d        btod.o(c_t.l)
    0x00001fe4   0x000000dc   Code   RO          297    CL$$btod_e2e        btod.o(c_t.l)
    0x000020c0   0x00000004   Ven    RO          294    CL$$btod_ediv       btod.o(c_t.l)
    0x000020c4   0x00000034   Code   RO          294    CL$$btod_ediv       btod.o(c_t.l)
    0x000020f8   0x00000004   Ven    RO          296    CL$$btod_edivd      btod.o(c_t.l)
    0x000020fc   0x00000034   Code   RO          296    CL$$btod_edivd      btod.o(c_t.l)
    0x00002130   0x00000004   Ven    RO          293    CL$$btod_emul       btod.o(c_t.l)
    0x00002134   0x00000034   Code   RO          293    CL$$btod_emul       btod.o(c_t.l)
    0x00002168   0x00000004   Ven    RO          295    CL$$btod_emuld      btod.o(c_t.l)
    0x0000216c   0x00000034   Code   RO          295    CL$$btod_emuld      btod.o(c_t.l)
    0x000021a0   0x00000268   Code   RO          299    CL$$btod_mult_common  btod.o(c_t.l)
    0x00002408   0x00000008   Ven    RO          562    Veneer$$Code        anon$$obj.o
    0x00002410   0x0000000c   Ven    RO          563    Veneer$$Code        anon$$obj.o
    0x0000241c   0x0000000c   Ven    RO          564    Veneer$$Code        anon$$obj.o
    0x00002428   0x0000000c   Ven    RO          565    Veneer$$Code        anon$$obj.o
    0x00002434   0x00000140   Code   RO           11    i.UART0_Interrupt   gps.o
    0x00002574   0x00000050   Code   RO           12    i.UART0_SendString  gps.o
    0x000025c4   0x0000003c   Code   RO           13    i.UART0_TxChar      gps.o
    0x00002600   0x00000048   Code   RO           14    i.UART0_init        gps.o
    0x00002648   0x00000002   Code   RO          111    i.__ARM_common_call_via_r1  __printf.o(c_t.l)
    0x0000264a   0x00000002   Code   RO          109    i.__ARM_common_call_via_r2  __printf.o(c_t.l)
    0x0000264c   0x00000004   Ven    RO          329    i.__ARM_common_ll_mullu  scanf_fp.o(c_t.l)
    0x00002650   0x00000008   Code   RO          329    i.__ARM_common_ll_mullu  scanf_fp.o(c_t.l)
    0x00002658   0x00000004   Ven    RO          321    i.__ARM_fpclassify  fpclassify.o(m_ts.l)
    0x0000265c   0x00000030   Code   RO          321    i.__ARM_fpclassify  fpclassify.o(m_ts.l)
    0x0000268c   0x0000001c   Code   RO          487    i.__ARM_isfinite    ldexp.o(m_ts.l)
    0x000026a8   0x00000004   Ven    RO          416    i.__mathlib_narrow  narrow.o(m_ts.l)
    0x000026ac   0x00000024   Code   RO          416    i.__mathlib_narrow  narrow.o(m_ts.l)
    0x000026d0   0x000000e4   Code   RO          417    i.__mathlib_tofloat  narrow.o(m_ts.l)
    0x000027b4   0x00000004   Ven    RO          482    i.__support_ldexp   ldexp.o(m_ts.l)
    0x000027b8   0x00000020   Code   RO          482    i.__support_ldexp   ldexp.o(m_ts.l)
    0x000027d8   0x00000050   Code   RO          189    i.atof              atof.o(m_ts.l)
    0x00002828   0x0000003c   Code   RO           15    i.delay_ms          gps.o
    0x00002864   0x00000074   Code   RO          449    i.frexp             frexp.o(m_ts.l)
    0x000028d8   0x00000068   Code   RO           16    i.get_Altitude      gps.o
    0x00002940   0x00000134   Code   RO           17    i.get_Latitude      gps.o
    0x00002a74   0x00000134   Code   RO           18    i.get_Longitude     gps.o
    0x00002ba8   0x000000fc   Code   RO           19    i.get_Time          gps.o
    0x00002ca4   0x000000f0   Code   RO          483    i.ldexp             ldexp.o(m_ts.l)
    0x00002d94   0x000001b8   Code   RO           20    i.main              gps.o
    0x00002f4c   0x00000004   Ven    RO          313    locale$$code        lc_numeric_c.o(c_t.l)
    0x00002f50   0x00000050   Code   RO          313    locale$$code        lc_numeric_c.o(c_t.l)
    0x00002fa0   0x00000004   Ven    RO          332    locale$$code        lc_ctype_c.o(c_t.l)
    0x00002fa4   0x00000050   Code   RO          332    locale$$code        lc_ctype_c.o(c_t.l)
    0x00002ff4   0x000000ac   Code   RO          160    x$fpl$d2f           d2f.o(fz_ts.l)
    0x000030a0   0x00000010   Code   RO          222    x$fpl$dcheck        dcheck.o(fz_ts.l)
    0x000030b0   0x00000010   Code   RO          224    x$fpl$dcheck1       dcheck1.o(fz_ts.l)
    0x000030c0   0x00000080   Code   RO          471    x$fpl$dcmpinfnan    dcmpin.o(fz_ts.l)
    0x00003140   0x0000045c   Code   RO          163    x$fpl$ddiv          ddiv.o(fz_ts.l)
    0x0000359c   0x00000088   Code   RO          444    x$fpl$deqf          deqf.o(fz_ts.l)
    0x00003624   0x00000058   Code   RO          227    x$fpl$dflt          dflt_noclz.o(fz_ts.l)
    0x0000367c   0x000000a0   Code   RO          446    x$fpl$drleqf        drleqf.o(fz_ts.l)
    0x0000371c   0x00000118   Code   RO          230    x$fpl$dunder        dunder.o(fz_ts.l)
    0x00003834   0x00000064   Code   RO          166    x$fpl$f2d           f2d.o(fz_ts.l)
    0x00003898   0x00000108   Code   RO          168    x$fpl$fadd          faddsub_noclz.o(fz_ts.l)
    0x000039a0   0x0000000c   Code   RO          232    x$fpl$fcheck        fcheck.o(fz_ts.l)
    0x000039ac   0x0000000c   Code   RO          234    x$fpl$fcheck1       fcheck1.o(fz_ts.l)
    0x000039b8   0x000001e4   Code   RO          175    x$fpl$fdiv          fdiv.o(fz_ts.l)
    0x00003b9c   0x00000074   Code   RO          178    x$fpl$ffix          ffix.o(fz_ts.l)
    0x00003c10   0x0000005c   Code   RO          183    x$fpl$fflt          fflt_noclz.o(fz_ts.l)
    0x00003c6c   0x00000094   Code   RO          236    x$fpl$fnorm2        fnorm2_noclz.o(fz_ts.l)
    0x00003d00   0x00000004   Ven    RO          408    x$fpl$fpinit        fpinit.o(fz_ts.l)
    0x00003d04   0x00000004   Code   RO          408    x$fpl$fpinit        fpinit.o(fz_ts.l)
    0x00003d08   0x00000014   Code   RO          169    x$fpl$frsb          faddsub_noclz.o(fz_ts.l)
    0x00003d1c   0x00000168   Code   RO          170    x$fpl$fsub          faddsub_noclz.o(fz_ts.l)
    0x00003e84   0x00000094   Code   RO          238    x$fpl$funder        funder.o(fz_ts.l)
    0x00003f18   0x00000004   Ven    RO          315    x$fpl$ieeestatus    istatus.o(fz_ts.l)
    0x00003f1c   0x00000008   Code   RO          315    x$fpl$ieeestatus    istatus.o(fz_ts.l)
    0x00003f24   0x00000004   Code   RO          186    x$fpl$printf1       printf1.o(fz_ts.l)
    0x00003f28   0x00000074   Code   RO          317    x$fpl$retnan        retnan.o(fz_ts.l)
    0x00003f9c   0x0000006c   Code   RO          476    x$fpl$scalbn        scalbn.o(fz_ts.l)
    0x00004008   0x00000004   Ven    RO          319    x$fpl$scanf1        scanf1.o(fz_ts.l)
    0x0000400c   0x00000004   Code   RO          319    x$fpl$scanf1        scanf1.o(fz_ts.l)
    0x00004010   0x00000004   Ven    RO          410    x$fpl$scanf2        scanf2.o(fz_ts.l)
    0x00004014   0x00000008   Code   RO          410    x$fpl$scanf2        scanf2.o(fz_ts.l)
    0x0000401c   0x0000003c   Code   RO          390    x$fpl$trapveneer    trapv.o(fz_ts.l)
    0x00004058   0x00000000   Code   RO          240    x$fpl$usenofp       usenofp.o(fz_ts.l)
    0x00004058   0x00000094   Data   RO          288    .constdata          bigflt0.o(c_t.l)
    0x000040ec   0x00000004   PAD
    0x000040f0   0x00000008   Data   RO          520    .constdata          qnan.o(m_ts.l)
    0x000040f8   0x00000020   Data   RO          521    Region$$Table       anon$$obj.o
    0x00004118   0x00000008   Data   RO          404    c$$dinf             fpconst.o(fz_ts.l)
    0x00004120   0x0000001c   Data   RO          312    locale$$data        lc_numeric_c.o(c_t.l)
    0x0000413c   0x00000110   Data   RO          331    locale$$data        lc_ctype_c.o(c_t.l)


    Execution Region RW_IRAM1 (Base: 0x40000000, Size: 0x000005e0, Max: 0x00008000, ABSOLUTE)

    Base Addr    Size         Type   Attr      Idx    E Section Name        Object

    0x40000000   0x00000010   Data   RW           22    .data               gps.o
    0x40000010   0x000000e1   Zero   RW           21    .bss                gps.o
    0x400000f1   0x00000003   PAD
    0x400000f4   0x00000060   Zero   RW          242    .bss                libspace.o(c_t.l)
    0x40000154   0x00000004   PAD
    0x40000158   0x00000000   Zero   RW            2    HEAP                startup.o
    0x40000158   0x00000488   Zero   RW            1    STACK               startup.o


==============================================================================

Image component sizes


      Code (inc. data)   RO Data    RW Data    ZI Data      Debug   Object Name

      2004        228          0         16        225      10694   gps.o
       304         60          0          0       1160        516   startup.o

    ----------------------------------------------------------------------
      2352        300         32         16       1388      11210   Object Totals
        44         12         32          0          0          0   (incl. Generated)
         0          0          0          0          3          2   (incl. Padding)

    ----------------------------------------------------------------------

      Code (inc. data)   RO Data    RW Data    ZI Data      Debug   Library Member Name

         8          0          0          0          0         68   __main.o
       124          0          0          0          0        204   __printf.o
        60          8          0          0          0          0   __scatter.o
        40          0          0          0          0          0   __scatter_copy.o
        44          0          0          0          0          0   __scatter_zi.o
        34          0          0          0          0         60   _chval.o
        52          4          0          0          0        100   _printf_char_common.o
         8          0          0          0          0          0   _printf_d.o
       120         18          0          0          0         84   _printf_dec.o
         8          0          0          0          0          0   _printf_f.o
      1112         12          0          0          0        192   _printf_fp_dec.o
       140         18          0          0          0         84   _printf_fp_infnan.o
       182          0          0          0          0         92   _printf_intcommon.o
         4          0          0          0          0          0   _printf_percent.o
         8          0          0          0          0          0   _printf_percent_end.o
        34          0          0          0          0        100   _rserrno.o
        70          0          0          0          0         76   _sgetc.o
        10          0          0          0          0         60   _sputc.o
       166          0          0          0          0         96   _strtoul.o
       416          0          0          0          0        148   aeabi_sdiv.o
        80          8          0          0          0         92   atof.o
        38          0          0          0          0         84   atol.o
       200          4        148          0          0         92   bigflt0.o
      2252        132          0          0          0        960   btod.o
       172          4          0          0          0         68   d2f.o
        16          4          0          0          0         68   dcheck.o
        16          4          0          0          0         68   dcheck1.o
       128          0          0          0          0         84   dcmpin.o
      1116        272          0          0          0        212   ddiv.o
       136          4          0          0          0         68   deqf.o
        88          0          0          0          0         68   dflt_noclz.o
       160          4          0          0          0         68   drleqf.o
       280          0          0          0          0         92   dunder.o
        12          0          0          0          0         60   exit.o
       100          4          0          0          0         68   f2d.o
       644          8          0          0          0        204   faddsub_noclz.o
        12          4          0          0          0         68   fcheck.o
        12          4          0          0          0         68   fcheck1.o
       484         76          0          0          0         76   fdiv.o
       116          4          0          0          0         68   ffix.o
        92          0          0          0          0         68   fflt_noclz.o
       148          0          0          0          0         68   fnorm2_noclz.o
        52          4          0          0          0         68   fpclassify.o
         0          0          8          0          0          0   fpconst.o
         8          0          0          0          0         68   fpinit.o
       116          4          0          0          0         80   frexp.o
       148          0          0          0          0         84   funder.o
         6          0          0          0          0        132   heapauxi.o
        22          0          0          0          0         76   isspace.o
        12          0          0          0          0         68   istatus.o
        84          8        272          0          0         92   lc_ctype_c.o
        84          8         28          0          0         92   lc_numeric_c.o
       304         24          0          0          0        244   ldexp.o
        14          0          0          0          0          0   libinit.o
        40          0          0          0          0          0   libinit2.o
        12          0          0          0          0          0   libshutdown.o
         6          0          0          0          0          0   libshutdown2.o
        12          4          0          0         96         68   libspace.o
        28          0          0          0          0         76   llmul.o
        44          0          0          0          0         68   llshl.o
       164          0          0          0          0         92   lludiv10.o
       268         20          0          0          0        192   narrow.o
        48          4          0          0          0         84   noretval__2sprintf.o
         4          0          0          0          0         68   printf1.o
         0          0          8          0          0          0   qnan.o
       116          0          0          0          0         68   retnan.o
        28          4          0          0          0         84   rt_ctype_table.o
        20          4          0          0          0         68   rt_errno_addr_intlibspace.o
        20          4          0          0          0         68   rt_locale_intlibspace.o
        64          0          0          0          0         68   rt_memclr.o
        84          0          0          0          0         76   rt_memclr_w.o
         0          0          0          0          0          0   rtentry.o
        44          4          0          0          0          0   rtentry2.o
         8          0          0          0          0          0   rtentry4.o
         4          0          0          0          0          0   rtexit.o
         8          0          0          0          0          0   rtexit2.o
        48          0          0          0          0         68   rtudiv10.o
       108          0          0          0          0         68   scalbn.o
         8          0          0          0          0         68   scanf1.o
        12          0          0          0          0         84   scanf2.o
      1260         24          0          0          0        204   scanf_fp.o
       876         12          0          0          0         96   scanf_hexfp.o
       340         18          0          0          0         96   scanf_infnan.o
       160          4          0          0          0         76   strcmp.o
       180         18          0          0          0        128   strtod.o
       116          4          0          0          0         88   strtol.o
        24          8          0          0          0         68   sys_exit.o
        96          0          0          0          0         80   sys_stackheap_outer.o
        60          0          0          0          0         68   trapv.o
         4          0          0          0          0         68   use_no_semi.o
         0          0          0          0          0          0   usenofp.o

    ----------------------------------------------------------------------
     14120        776        468          0        100       7480   Library Totals
        14          0          4          0          4          0   (incl. Padding)

    ----------------------------------------------------------------------

      Code (inc. data)   RO Data    RW Data    ZI Data      Debug   Library Name

      9090        324        448          0         96       4676   c_t.l
      4196        392          8          0          0       2128   fz_ts.l
       820         60          8          0          0        676   m_ts.l

    ----------------------------------------------------------------------
     14120        776        468          0        100       7480   Library Totals

    ----------------------------------------------------------------------

==============================================================================


      Code (inc. data)   RO Data    RW Data    ZI Data      Debug   

     16472       1076        500         16       1488      14084   Grand Totals
     16472       1076        500         16       1488      14084   ELF Image Totals
     16472       1076        500         16          0          0   ROM Totals

==============================================================================

    Total RO  Size (Code + RO Data)                16972 (  16.57kB)
    Total RW  Size (RW Data + ZI Data)              1504 (   1.47kB)
    Total ROM Size (Code + RO Data + RW Data)      16988 (  16.59kB)

==============================================================================

